******************************************************************************
                  TI ARM Linker Unix v20.2.7                   
******************************************************************************
>> Linked Tue Apr  9 22:37:33 2024

OUTPUT FILE NAME:   <sequencer.out>
ENTRY POINT SYMBOL: "_c_int00_noargs"  address: 00007959


MEMORY CONFIGURATION

         name            origin    length      used     unused   attr    fill
----------------------  --------  ---------  --------  --------  ----  --------
  FLASH                 00000000   00100000  00007e0e  000f81f2  R  X
  SRAM                  20000000   00040000  0000c9fc  00033604  RW X


SEGMENT ALLOCATION MAP

run origin  load origin   length   init length attrs members
----------  ----------- ---------- ----------- ----- -------
00000000    00000000    00007e10   00007e10    r-x
  00000000    00000000    00000208   00000208    r-- .intvecs
  00000208    00000208    000077b2   000077b2    r-x .text
  000079bc    000079bc    0000040c   0000040c    r-- .const
  00007dc8    00007dc8    00000048   00000048    r-- .cinit
20000000    20000000    0000c9fc   00000000    rw-
  20000000    20000000    0000026c   00000000    rw- .vtable
  2000026c    2000026c    0000c534   00000000    rw- .bss
  2000c7a0    2000c7a0    00000200   00000000    rw- .stack
  2000c9a0    2000c9a0    0000005c   00000000    rw- .data


SECTION ALLOCATION MAP

 output                                  attributes/
section   page    origin      length       input sections
--------  ----  ----------  ----------   ----------------
.intvecs   0    00000000    00000208     
                  00000000    00000208     tm4c1294ncpdt_startup_ccs.obj (.intvecs)

.text      0    00000208    000077b2     
                  00000208    00002090     tasks.obj (.text)
                  00002298    00001288     gpio.obj (.text)
                  00003520    00000e00     main.obj (.text)
                  00004320    00000d70     queue.obj (.text)
                  00005090    00000d20     timer.obj (.text)
                  00005db0    00000634     timers.obj (.text)
                  000063e4    00000574     uartstdio.obj (.text)
                  00006958    00000490     interrupt.obj (.text)
                  00006de8    000003a0     pinout.obj (.text)
                  00007188    0000024c     heap_2.obj (.text)
                  000073d4    0000013c     port.obj (.text)
                  00007510    0000012a     list.obj (.text)
                  0000763a    00000002     rtsv7M4_T_le_v4SPD16_eabi.lib : div0.asm.obj (.text)
                  0000763c    000000da     portasm.obj (.text)
                  00007716    0000009c     rtsv7M4_T_le_v4SPD16_eabi.lib : memcpy_t2.asm.obj (.text)
                  000077b2    0000007a                                   : memset_t2.asm.obj (.text)
                  0000782c    00000068                                   : copy_decompress_lzss.c.obj (.text:decompress:lzss:__TI_decompress_lzss)
                  00007894    00000044                                   : autoinit.c.obj (.text:__TI_auto_init_nobinit_nopinit:__TI_auto_init_nobinit_nopinit)
                  000078d8    00000040                                   : u_divt2.asm.obj (.text)
                  00007918    0000003e     cpu.obj (.text)
                  00007956    00000002     --HOLE-- [fill = 0]
                  00007958    00000034     rtsv7M4_T_le_v4SPD16_eabi.lib : boot_cortex_m.c.obj (.text:_c_int00_noargs:_c_int00_noargs)
                  0000798c    0000000e                                   : copy_decompress_none.c.obj (.text:decompress:none:__TI_decompress_none)
                  0000799a    0000000c                                   : copy_zero_init.c.obj (.text:decompress:ZI:__TI_zero_init)
                  000079a6    0000000c     tm4c1294ncpdt_startup_ccs.obj (.text)
                  000079b2    00000004     rtsv7M4_T_le_v4SPD16_eabi.lib : pre_init.c.obj (.text:_system_pre_init)
                  000079b6    00000004                                   : exit.c.obj (.text:abort:abort)

.const     0    000079bc    0000040c     
                  000079bc    000000d8     gpio.obj (.const:g_ppui32GPIOIntMapSnowflake)
                  00007a94    000000c0     gpio.obj (.const:g_ppui32GPIOIntMapBlizzard)
                  00007b54    0000009c     interrupt.obj (.const:g_pui32Regs)
                  00007bf0    00000090     gpio.obj (.const:g_pui32GPIOBaseAddrs)
                  00007c80    00000060     timer.obj (.const:g_ppui32TimerIntMap)
                  00007ce0    00000040     timer.obj (.const:g_ppui32TimerIntMapSnowflake)
                  00007d20    00000020     interrupt.obj (.const:g_pui32Priority)
                  00007d40    00000014     interrupt.obj (.const:g_pui32Dii16Regs)
                  00007d54    00000014     interrupt.obj (.const:g_pui32EnRegs)
                  00007d68    00000014     interrupt.obj (.const:g_pui32PendRegs)
                  00007d7c    00000014     interrupt.obj (.const:g_pui32UnpendRegs)
                  00007d90    00000012     uartstdio.obj (.const:.string)
                  00007da2    00000002     --HOLE-- [fill = 0]
                  00007da4    0000000c     uartstdio.obj (.const:g_ui32UARTBase)
                  00007db0    0000000c     uartstdio.obj (.const:g_ui32UARTPeriph)
                  00007dbc    00000004     port.obj (.const)
                  00007dc0    00000004     tasks.obj (.const)
                  00007dc4    00000004     uartstdio.obj (.const)

.cinit     0    00007dc8    00000048     
                  00007dc8    00000010     (.cinit..data.load) [load image, compression = lzss]
                  00007dd8    0000000c     (__TI_handler_table)
                  00007de4    00000004     --HOLE-- [fill = 0]
                  00007de8    00000008     (.cinit..bss.load) [load image, compression = zero_init]
                  00007df0    00000008     (.cinit..vtable.load) [load image, compression = zero_init]
                  00007df8    00000018     (__TI_cinit_table)

.init_array 
*          0    00000000    00000000     UNINITIALIZED

.vtable    0    20000000    0000026c     UNINITIALIZED
                  20000000    0000026c     interrupt.obj (.vtable)

.bss       0    2000026c    0000c534     UNINITIALIZED
                  2000026c    0000c350     heap_2.obj (.bss:ucHeap)
                  2000c5bc    00000064     tasks.obj (.bss:pxReadyTasksLists)
                  2000c620    00000040     (.common:xQueueRegistry)
                  2000c660    0000001c     (.common:execution_cycle)
                  2000c67c    0000001c     (.common:execution_time)
                  2000c698    0000001c     (.common:wcet)
                  2000c6b4    00000014     timers.obj (.bss:xActiveTimerList1)
                  2000c6c8    00000014     timers.obj (.bss:xActiveTimerList2)
                  2000c6dc    00000014     tasks.obj (.bss:xDelayedTaskList1)
                  2000c6f0    00000014     tasks.obj (.bss:xDelayedTaskList2)
                  2000c704    00000014     tasks.obj (.bss:xPendingReadyList)
                  2000c718    00000014     tasks.obj (.bss:xSuspendedTaskList)
                  2000c72c    00000014     tasks.obj (.bss:xTasksWaitingTermination)
                  2000c740    00000008     tasks.obj (.bss)
                  2000c748    00000008     timers.obj (.bss)
                  2000c750    00000008     heap_2.obj (.bss:xEnd)
                  2000c758    00000008     heap_2.obj (.bss:xStart)
                  2000c760    00000004     (.common:Task1_handle)
                  2000c764    00000004     (.common:Task2_handle)
                  2000c768    00000004     (.common:Task3_handle)
                  2000c76c    00000004     (.common:Task4_handle)
                  2000c770    00000004     (.common:Task5_handle)
                  2000c774    00000004     (.common:Task6_handle)
                  2000c778    00000004     (.common:Task7_handle)
                  2000c77c    00000004     (.common:startTimeTick)
                  2000c780    00000004     (.common:task_1_SyncSemaphore)
                  2000c784    00000004     (.common:task_2_SyncSemaphore)
                  2000c788    00000004     (.common:task_3_SyncSemaphore)
                  2000c78c    00000004     (.common:task_4_SyncSemaphore)
                  2000c790    00000004     (.common:task_5_SyncSemaphore)
                  2000c794    00000004     (.common:task_6_SyncSemaphore)
                  2000c798    00000004     (.common:task_7_SyncSemaphore)
                  2000c79c    00000004     (.common:ulPeriod)

.data      0    2000c9a0    0000005c     UNINITIALIZED
                  2000c9a0    00000034     tasks.obj (.data)
                  2000c9d4    0000000c     timers.obj (.data)
                  2000c9e0    00000008     heap_2.obj (.data)
                  2000c9e8    00000005     main.obj (.data)
                  2000c9ed    00000003     --HOLE--
                  2000c9f0    00000005     uartstdio.obj (.data)
                  2000c9f5    00000003     --HOLE--
                  2000c9f8    00000004     port.obj (.data)

.stack     0    2000c7a0    00000200     UNINITIALIZED
                  2000c7a0    00000004     rtsv7M4_T_le_v4SPD16_eabi.lib : boot_cortex_m.c.obj (.stack)
                  2000c7a4    000001fc     --HOLE--

__llvm_prf_cnts 
*          0    20000000    00000000     UNINITIALIZED

MODULE SUMMARY

       Module                          code    ro data   rw data
       ------                          ----    -------   -------
    ./
       main.obj                        3584    0         153    
       tm4c1294ncpdt_startup_ccs.obj   12      520       0      
    +--+-------------------------------+-------+---------+---------+
       Total:                          3596    520       153    
                                                                
    ./FreeRTOS/
       tasks.obj                       8336    4         260    
       queue.obj                       3440    0         64     
       timers.obj                      1588    0         60     
       list.obj                        298     0         0      
    +--+-------------------------------+-------+---------+---------+
       Total:                          13662   4         384    
                                                                
    ./FreeRTOS/portable/GCC/ARM_CM4F/
       port.obj                        316     4         4      
       portasm.obj                     218     0         0      
    +--+-------------------------------+-------+---------+---------+
       Total:                          534     4         4      
                                                                
    ./FreeRTOS/portable/MemMang/
       heap_2.obj                      588     0         50024  
    +--+-------------------------------+-------+---------+---------+
       Total:                          588     0         50024  
                                                                
    ./driverlib/
       gpio.obj                        4744    552       0      
       timer.obj                       3360    160       0      
       interrupt.obj                   1168    268       620    
       cpu.obj                         62      0         0      
    +--+-------------------------------+-------+---------+---------+
       Total:                          9334    980       620    
                                                                
    ./drivers/
       pinout.obj                      928     0         0      
    +--+-------------------------------+-------+---------+---------+
       Total:                          928     0         0      
                                                                
    ./utils/
       uartstdio.obj                   1396    46        5      
    +--+-------------------------------+-------+---------+---------+
       Total:                          1396    46        5      
                                                                
    /home/parth/ti/ccs1260/ccs/tools/compiler/ti-cgt-arm_20.2.7.LTS/lib/rtsv7M4_T_le_v4SPD16_eabi.lib
       memcpy_t2.asm.obj               156     0         0      
       memset_t2.asm.obj               122     0         0      
       copy_decompress_lzss.c.obj      104     0         0      
       autoinit.c.obj                  68      0         0      
       u_divt2.asm.obj                 64      0         0      
       boot_cortex_m.c.obj             52      0         0      
       copy_decompress_none.c.obj      14      0         0      
       copy_zero_init.c.obj            12      0         0      
       exit.c.obj                      4       0         0      
       pre_init.c.obj                  4       0         0      
       div0.asm.obj                    2       0         0      
    +--+-------------------------------+-------+---------+---------+
       Total:                          602     0         0      
                                                                
       Stack:                          0       0         512    
       Linker Generated:               0       68        0      
    +--+-------------------------------+-------+---------+---------+
       Grand Total:                    30640   1622      51702  


LINKER GENERATED COPY TABLES

__TI_cinit_table @ 00007df8 records: 3, size/record: 8, table size: 24
	.data: load addr=00007dc8, load size=00000010 bytes, run addr=2000c9a0, run size=0000005c bytes, compression=lzss
	.bss: load addr=00007de8, load size=00000008 bytes, run addr=2000026c, run size=0000c534 bytes, compression=zero_init
	.vtable: load addr=00007df0, load size=00000008 bytes, run addr=20000000, run size=0000026c bytes, compression=zero_init


LINKER GENERATED HANDLER TABLE

__TI_handler_table @ 00007dd8 records: 3, size/record: 4, table size: 12
	index: 0, handler: __TI_zero_init
	index: 1, handler: __TI_decompress_lzss
	index: 2, handler: __TI_decompress_none


GLOBAL SYMBOLS: SORTED ALPHABETICALLY BY Name 

address   name                               
-------   ----                               
000079b7  C$$EXIT                            
0000794d  CPUbasepriGet                      
0000793f  CPUbasepriSet                      
00007919  CPUcpsid                           
0000792f  CPUcpsie                           
00007925  CPUprimask                         
0000793b  CPUwfi                             
000034af  GPIOADCTriggerDisable              
00003483  GPIOADCTriggerEnable               
00003457  GPIODMATriggerDisable              
0000342b  GPIODMATriggerEnable               
00002475  GPIODirModeGet                     
000023f1  GPIODirModeSet                     
00002c45  GPIOIntClear                       
00002bed  GPIOIntDisable                     
00002bc5  GPIOIntEnable                      
00002c67  GPIOIntRegister                    
00002ce5  GPIOIntRegisterPin                 
00002c15  GPIOIntStatus                      
00002699  GPIOIntTypeGet                     
00002549  GPIOIntTypeSet                     
00002ca5  GPIOIntUnregister                  
00002d5d  GPIOIntUnregisterPin               
00002a31  GPIOPadConfigGet                   
0000273d  GPIOPadConfigSet                   
000033a5  GPIOPinConfigure                   
00002daf  GPIOPinRead                        
00002e03  GPIOPinTypeADC                     
00002e39  GPIOPinTypeCAN                     
00002e6f  GPIOPinTypeComparator              
00002ea5  GPIOPinTypeComparatorOutput        
00002edb  GPIOPinTypeDIVSCLK                 
00002f11  GPIOPinTypeEPI                     
00002f47  GPIOPinTypeEthernetLED             
00002f7d  GPIOPinTypeEthernetMII             
00002fc1  GPIOPinTypeGPIOInput               
00002ff7  GPIOPinTypeGPIOOutput              
0000302d  GPIOPinTypeGPIOOutputOD            
00003063  GPIOPinTypeHibernateRTCCLK         
00003099  GPIOPinTypeI2C                     
000030cf  GPIOPinTypeI2CSCL                  
00003105  GPIOPinTypeLCD                     
0000313b  GPIOPinTypeOneWire                 
00003171  GPIOPinTypePWM                     
000031a7  GPIOPinTypeQEI                     
000031dd  GPIOPinTypeSSI                     
00003213  GPIOPinTypeTimer                   
00003249  GPIOPinTypeTrace                   
0000327f  GPIOPinTypeUART                    
000032b9  GPIOPinTypeUSBAnalog               
000032ef  GPIOPinTypeUSBDigital              
00003325  GPIOPinTypeWakeHigh                
0000335d  GPIOPinTypeWakeLow                 
00003395  GPIOPinWakeStatus                  
00002dd5  GPIOPinWrite                       
000034db  GPIOUnlockPin                      
00006b85  IntDisable                         
00006b07  IntEnable                          
00006c0d  IntIsEnabled                       
0000696b  IntMasterDisable                   
0000695b  IntMasterEnable                    
00006d31  IntPendClear                       
00006cc1  IntPendSet                         
00006ad1  IntPriorityGet                     
00006a37  IntPriorityGroupingGet             
00006a11  IntPriorityGroupingSet             
00006d97  IntPriorityMaskGet                 
00006d8b  IntPriorityMaskSet                 
00006a6f  IntPrioritySet                     
0000697b  IntRegister                        
00006d9f  IntTrigger                         
000069f1  IntUnregister                      
000070a1  LEDRead                            
00006fe1  LEDWrite                           
00006de9  PinoutSet                          
000079a7  ResetISR                           
2000c760  Task1_handle                       
2000c764  Task2_handle                       
2000c768  Task3_handle                       
2000c76c  Task4_handle                       
2000c770  Task5_handle                       
2000c774  Task6_handle                       
2000c778  Task7_handle                       
000035b7  Timer0Isr_Sequencer                
00005cfd  TimerADCEventGet                   
00005cdd  TimerADCEventSet                   
0000572d  TimerClockSourceGet                
000056f1  TimerClockSourceSet                
00005259  TimerConfigure                     
00005551  TimerControlEvent                  
0000542d  TimerControlLevel                  
000055af  TimerControlStall                  
000054ad  TimerControlTrigger                
00005619  TimerControlWaitOnTrigger          
00005d39  TimerDMAEventGet                   
00005d19  TimerDMAEventSet                   
000051cd  TimerDisable                       
00005183  TimerEnable                        
00005c9d  TimerIntClear                      
00005c4b  TimerIntDisable                    
00005c25  TimerIntEnable                     
00005b65  TimerIntRegister                   
00005c71  TimerIntStatus                     
00005bcf  TimerIntUnregister                 
0000591f  TimerLoadGet                       
0000598d  TimerLoadGet64                     
000058c5  TimerLoadSet                       
00005961  TimerLoadSet64                     
00005ab5  TimerMatchGet                      
00005b1f  TimerMatchGet64                    
00005a5b  TimerMatchSet                      
00005af7  TimerMatchSet64                    
000057c3  TimerPrescaleGet                   
00005879  TimerPrescaleMatchGet              
0000580f  TimerPrescaleMatchSet              
00005759  TimerPrescaleSet                   
000056cd  TimerRTCDisable                    
000056a9  TimerRTCEnable                     
00005cbd  TimerSynchronize                   
00005d55  TimerUpdateMode                    
000059d3  TimerValueGet                      
00005a15  TimerValueGet64                    
000063e5  UARTStdioConfig                    
000065cb  UARTgetc                           
000064d9  UARTgets                           
00006923  UARTprintf                         
00006601  UARTvprintf                        
0000645f  UARTwrite                          
2000c9a0  __STACK_END                        
00000200  __STACK_SIZE                       
2000c9a0  __STACK_TOP                        
00007df8  __TI_CINIT_Base                    
00007e10  __TI_CINIT_Limit                   
00007dd8  __TI_Handler_Table_Base            
00007de4  __TI_Handler_Table_Limit           
00007895  __TI_auto_init_nobinit_nopinit     
0000782d  __TI_decompress_lzss               
0000798d  __TI_decompress_none               
ffffffff  __TI_pprof_out_hndl                
ffffffff  __TI_prof_data_size                
ffffffff  __TI_prof_data_start               
00000000  __TI_static_base__                 
0000799b  __TI_zero_init                     
0000763b  __aeabi_idiv0                      
0000763b  __aeabi_ldiv0                      
000077b3  __aeabi_memclr                     
000077b3  __aeabi_memclr4                    
000077b3  __aeabi_memclr8                    
00007717  __aeabi_memcpy                     
00007717  __aeabi_memcpy4                    
00007717  __aeabi_memcpy8                    
000077b5  __aeabi_memset                     
000077b5  __aeabi_memset4                    
000077b5  __aeabi_memset8                    
000078d9  __aeabi_uidiv                      
000078d9  __aeabi_uidivmod                   
ffffffff  __binit__                          
ffffffff  __c_args__                         
0000423f  __error__                          
UNDEFED   __mpu_init                         
2000c7a0  __stack                            
20000000  __start___llvm_prf_cnts            
20000000  __stop___llvm_prf_cnts             
00007959  _c_int00_noargs                    
UNDEFED   _system_post_cinit                 
000079b3  _system_pre_init                   
000079b7  abort                              
2000c9ec  abort_test                         
ffffffff  binit                              
2000c9e8  counter_isr                        
000005bd  eTaskGetState                      
2000c660  execution_cycle                    
2000c67c  execution_time                     
00003521  fibonacci                          
20000000  g_pfnRAMVectors                    
00000000  g_pfnVectors                       
000041f5  init_Clock                         
000040e5  init_Timer                         
00004229  init_Uart                          
00003f09  main                               
00007717  memcpy                             
000077bb  memset                             
00004fa9  pcQueueGetName                     
00000d31  pcTaskGetName                      
00005f65  pcTimerGetName                     
00003575  print_data                         
00007335  pvPortCalloc                       
00007189  pvPortMalloc                       
00001adf  pvTaskIncrementMutexHeldCount      
0000636d  pvTimerGetTimerID                  
2000c9a0  pxCurrentTCB                       
000073d5  pxPortInitialiseStack              
2000c77c  startTimeTick                      
2000c780  task_1_SyncSemaphore               
2000c784  task_2_SyncSemaphore               
2000c788  task_3_SyncSemaphore               
2000c78c  task_4_SyncSemaphore               
2000c790  task_5_SyncSemaphore               
2000c794  task_6_SyncSemaphore               
2000c798  task_7_SyncSemaphore               
00004cd5  ucQueueGetQueueType                
00007dbc  ulMaxSyscallInterruptPriority      
2000c79c  ulPeriod                           
0000764d  ulPortGetIPSR                      
00001b01  ulTaskGenericNotifyTake            
00002159  ulTaskGenericNotifyValueClear      
000075f3  uxListRemove                       
00004cb5  uxQueueGetQueueNumber              
00004c4f  uxQueueMessagesWaiting             
00004c89  uxQueueMessagesWaitingFromISR      
00004c65  uxQueueSpacesAvailable             
00000d1d  uxTaskGetNumberOfTasks             
00000d6d  uxTaskGetSystemState               
00001491  uxTaskGetTaskNumber                
0000067f  uxTaskPriorityGet                  
000006a3  uxTaskPriorityGetFromISR           
00001abd  uxTaskResetEventItemValue          
00005f43  uxTimerGetReloadMode               
000063a7  uxTimerGetTimerNumber              
00007dc0  uxTopUsedPriority                  
00007511  vListInitialise                    
00007541  vListInitialiseItem                
0000758d  vListInsert                        
00007551  vListInsertEnd                     
00007709  vPortEnableVFP                     
00007475  vPortEndScheduler                  
00007477  vPortEnterCritical                 
00007497  vPortExitCritical                  
000072af  vPortFree                          
00007333  vPortInitialiseBlocks              
000076c5  vPortSVCHandler                    
000074d3  vPortSetupTimerInterrupt           
000076e5  vPortStartFirstTask                
00004f3b  vQueueAddToRegistry                
00004c9f  vQueueDelete                       
00004cc3  vQueueSetQueueNumber               
00004fe9  vQueueUnregisterQueue              
0000502d  vQueueWaitForMessageRestricted     
0000056d  vTaskDelay                         
00000425  vTaskDelete                        
00000b41  vTaskEndScheduler                  
00001fb1  vTaskGenericNotifyGiveFromISR      
00001591  vTaskGetInfo                       
000013e5  vTaskInternalSetTimeOutState       
00001489  vTaskMissedYield                   
0000105d  vTaskPlaceOnEventList              
000010f5  vTaskPlaceOnEventListRestricted    
00001089  vTaskPlaceOnUnorderedEventList     
000019b9  vTaskPriorityDisinheritAfterTimeout
000006ed  vTaskPrioritySet                   
000012bd  vTaskRemoveFromUnorderedEventList  
00000963  vTaskResume                        
000014b1  vTaskSetTaskNumber                 
000013c7  vTaskSetTimeOutState               
00000aeb  vTaskStartScheduler                
00000831  vTaskSuspend                       
00000b5d  vTaskSuspendAll                    
00000ff7  vTaskSwitchContext                 
00005ee5  vTimerSetReloadMode                
0000638d  vTimerSetTimerID                   
000063b5  vTimerSetTimerNumber               
2000c698  wcet                               
0000732d  xPortGetFreeHeapSize               
00007665  xPortPendSVHandler                 
0000743f  xPortStartScheduler                
000074ad  xPortSysTickHandler                
00004569  xQueueCreateCountingSemaphore      
000044bd  xQueueCreateMutex                  
000043e3  xQueueGenericCreate                
00004321  xQueueGenericReset                 
00004599  xQueueGenericSend                  
0000469f  xQueueGenericSendFromISR           
00004751  xQueueGiveFromISR                  
000044e9  xQueueGiveMutexRecursive           
00004ecf  xQueueIsQueueEmptyFromISR          
00004f15  xQueueIsQueueFullFromISR           
00004a49  xQueuePeek                         
00004bfd  xQueuePeekFromISR                  
000047f5  xQueueReceive                      
00004b53  xQueueReceiveFromISR               
2000c620  xQueueRegistry                     
00004901  xQueueSemaphoreTake                
00004525  xQueueTakeMutexRecursive           
0000370b  xTask1                             
000037b5  xTask2                             
000038cd  xTask3                             
00003961  xTask4                             
00003b45  xTask5                             
00003d2d  xTask6                             
00003db9  xTask7                             
00000e3f  xTaskCatchUpTicks                  
00001405  xTaskCheckForTimeOut               
00000209  xTaskCreate                        
000004dd  xTaskDelayUntil                    
00001c65  xTaskGenericNotify                 
00001dd5  xTaskGenericNotifyFromISR          
00002109  xTaskGenericNotifyStateClear       
00001b9f  xTaskGenericNotifyWait             
00001761  xTaskGetCurrentTaskHandle          
00001775  xTaskGetSchedulerState             
00000cf3  xTaskGetTickCount                  
00000d09  xTaskGetTickCountFromISR           
00000e79  xTaskIncrementTick                 
000018d7  xTaskPriorityDisinherit            
000017c9  xTaskPriorityInherit               
0000115d  xTaskRemoveFromEventList           
00000b7d  xTaskResumeAll                     
00000a19  xTaskResumeFromISR                 
00005ddd  xTimerCreate                       
00005db1  xTimerCreateTimerTask              
00005e61  xTimerGenericCommand               
00005f4f  xTimerGetExpiryTime                
00005ed3  xTimerGetPeriod                    
00005f1b  xTimerGetReloadMode                
00005ecd  xTimerGetTimerDaemonTaskHandle     
00006345  xTimerIsTimerActive                


GLOBAL SYMBOLS: SORTED BY Symbol Address 

address   name                               
-------   ----                               
00000000  __TI_static_base__                 
00000000  g_pfnVectors                       
00000200  __STACK_SIZE                       
00000209  xTaskCreate                        
00000425  vTaskDelete                        
000004dd  xTaskDelayUntil                    
0000056d  vTaskDelay                         
000005bd  eTaskGetState                      
0000067f  uxTaskPriorityGet                  
000006a3  uxTaskPriorityGetFromISR           
000006ed  vTaskPrioritySet                   
00000831  vTaskSuspend                       
00000963  vTaskResume                        
00000a19  xTaskResumeFromISR                 
00000aeb  vTaskStartScheduler                
00000b41  vTaskEndScheduler                  
00000b5d  vTaskSuspendAll                    
00000b7d  xTaskResumeAll                     
00000cf3  xTaskGetTickCount                  
00000d09  xTaskGetTickCountFromISR           
00000d1d  uxTaskGetNumberOfTasks             
00000d31  pcTaskGetName                      
00000d6d  uxTaskGetSystemState               
00000e3f  xTaskCatchUpTicks                  
00000e79  xTaskIncrementTick                 
00000ff7  vTaskSwitchContext                 
0000105d  vTaskPlaceOnEventList              
00001089  vTaskPlaceOnUnorderedEventList     
000010f5  vTaskPlaceOnEventListRestricted    
0000115d  xTaskRemoveFromEventList           
000012bd  vTaskRemoveFromUnorderedEventList  
000013c7  vTaskSetTimeOutState               
000013e5  vTaskInternalSetTimeOutState       
00001405  xTaskCheckForTimeOut               
00001489  vTaskMissedYield                   
00001491  uxTaskGetTaskNumber                
000014b1  vTaskSetTaskNumber                 
00001591  vTaskGetInfo                       
00001761  xTaskGetCurrentTaskHandle          
00001775  xTaskGetSchedulerState             
000017c9  xTaskPriorityInherit               
000018d7  xTaskPriorityDisinherit            
000019b9  vTaskPriorityDisinheritAfterTimeout
00001abd  uxTaskResetEventItemValue          
00001adf  pvTaskIncrementMutexHeldCount      
00001b01  ulTaskGenericNotifyTake            
00001b9f  xTaskGenericNotifyWait             
00001c65  xTaskGenericNotify                 
00001dd5  xTaskGenericNotifyFromISR          
00001fb1  vTaskGenericNotifyGiveFromISR      
00002109  xTaskGenericNotifyStateClear       
00002159  ulTaskGenericNotifyValueClear      
000023f1  GPIODirModeSet                     
00002475  GPIODirModeGet                     
00002549  GPIOIntTypeSet                     
00002699  GPIOIntTypeGet                     
0000273d  GPIOPadConfigSet                   
00002a31  GPIOPadConfigGet                   
00002bc5  GPIOIntEnable                      
00002bed  GPIOIntDisable                     
00002c15  GPIOIntStatus                      
00002c45  GPIOIntClear                       
00002c67  GPIOIntRegister                    
00002ca5  GPIOIntUnregister                  
00002ce5  GPIOIntRegisterPin                 
00002d5d  GPIOIntUnregisterPin               
00002daf  GPIOPinRead                        
00002dd5  GPIOPinWrite                       
00002e03  GPIOPinTypeADC                     
00002e39  GPIOPinTypeCAN                     
00002e6f  GPIOPinTypeComparator              
00002ea5  GPIOPinTypeComparatorOutput        
00002edb  GPIOPinTypeDIVSCLK                 
00002f11  GPIOPinTypeEPI                     
00002f47  GPIOPinTypeEthernetLED             
00002f7d  GPIOPinTypeEthernetMII             
00002fc1  GPIOPinTypeGPIOInput               
00002ff7  GPIOPinTypeGPIOOutput              
0000302d  GPIOPinTypeGPIOOutputOD            
00003063  GPIOPinTypeHibernateRTCCLK         
00003099  GPIOPinTypeI2C                     
000030cf  GPIOPinTypeI2CSCL                  
00003105  GPIOPinTypeLCD                     
0000313b  GPIOPinTypeOneWire                 
00003171  GPIOPinTypePWM                     
000031a7  GPIOPinTypeQEI                     
000031dd  GPIOPinTypeSSI                     
00003213  GPIOPinTypeTimer                   
00003249  GPIOPinTypeTrace                   
0000327f  GPIOPinTypeUART                    
000032b9  GPIOPinTypeUSBAnalog               
000032ef  GPIOPinTypeUSBDigital              
00003325  GPIOPinTypeWakeHigh                
0000335d  GPIOPinTypeWakeLow                 
00003395  GPIOPinWakeStatus                  
000033a5  GPIOPinConfigure                   
0000342b  GPIODMATriggerEnable               
00003457  GPIODMATriggerDisable              
00003483  GPIOADCTriggerEnable               
000034af  GPIOADCTriggerDisable              
000034db  GPIOUnlockPin                      
00003521  fibonacci                          
00003575  print_data                         
000035b7  Timer0Isr_Sequencer                
0000370b  xTask1                             
000037b5  xTask2                             
000038cd  xTask3                             
00003961  xTask4                             
00003b45  xTask5                             
00003d2d  xTask6                             
00003db9  xTask7                             
00003f09  main                               
000040e5  init_Timer                         
000041f5  init_Clock                         
00004229  init_Uart                          
0000423f  __error__                          
00004321  xQueueGenericReset                 
000043e3  xQueueGenericCreate                
000044bd  xQueueCreateMutex                  
000044e9  xQueueGiveMutexRecursive           
00004525  xQueueTakeMutexRecursive           
00004569  xQueueCreateCountingSemaphore      
00004599  xQueueGenericSend                  
0000469f  xQueueGenericSendFromISR           
00004751  xQueueGiveFromISR                  
000047f5  xQueueReceive                      
00004901  xQueueSemaphoreTake                
00004a49  xQueuePeek                         
00004b53  xQueueReceiveFromISR               
00004bfd  xQueuePeekFromISR                  
00004c4f  uxQueueMessagesWaiting             
00004c65  uxQueueSpacesAvailable             
00004c89  uxQueueMessagesWaitingFromISR      
00004c9f  vQueueDelete                       
00004cb5  uxQueueGetQueueNumber              
00004cc3  vQueueSetQueueNumber               
00004cd5  ucQueueGetQueueType                
00004ecf  xQueueIsQueueEmptyFromISR          
00004f15  xQueueIsQueueFullFromISR           
00004f3b  vQueueAddToRegistry                
00004fa9  pcQueueGetName                     
00004fe9  vQueueUnregisterQueue              
0000502d  vQueueWaitForMessageRestricted     
00005183  TimerEnable                        
000051cd  TimerDisable                       
00005259  TimerConfigure                     
0000542d  TimerControlLevel                  
000054ad  TimerControlTrigger                
00005551  TimerControlEvent                  
000055af  TimerControlStall                  
00005619  TimerControlWaitOnTrigger          
000056a9  TimerRTCEnable                     
000056cd  TimerRTCDisable                    
000056f1  TimerClockSourceSet                
0000572d  TimerClockSourceGet                
00005759  TimerPrescaleSet                   
000057c3  TimerPrescaleGet                   
0000580f  TimerPrescaleMatchSet              
00005879  TimerPrescaleMatchGet              
000058c5  TimerLoadSet                       
0000591f  TimerLoadGet                       
00005961  TimerLoadSet64                     
0000598d  TimerLoadGet64                     
000059d3  TimerValueGet                      
00005a15  TimerValueGet64                    
00005a5b  TimerMatchSet                      
00005ab5  TimerMatchGet                      
00005af7  TimerMatchSet64                    
00005b1f  TimerMatchGet64                    
00005b65  TimerIntRegister                   
00005bcf  TimerIntUnregister                 
00005c25  TimerIntEnable                     
00005c4b  TimerIntDisable                    
00005c71  TimerIntStatus                     
00005c9d  TimerIntClear                      
00005cbd  TimerSynchronize                   
00005cdd  TimerADCEventSet                   
00005cfd  TimerADCEventGet                   
00005d19  TimerDMAEventSet                   
00005d39  TimerDMAEventGet                   
00005d55  TimerUpdateMode                    
00005db1  xTimerCreateTimerTask              
00005ddd  xTimerCreate                       
00005e61  xTimerGenericCommand               
00005ecd  xTimerGetTimerDaemonTaskHandle     
00005ed3  xTimerGetPeriod                    
00005ee5  vTimerSetReloadMode                
00005f1b  xTimerGetReloadMode                
00005f43  uxTimerGetReloadMode               
00005f4f  xTimerGetExpiryTime                
00005f65  pcTimerGetName                     
00006345  xTimerIsTimerActive                
0000636d  pvTimerGetTimerID                  
0000638d  vTimerSetTimerID                   
000063a7  uxTimerGetTimerNumber              
000063b5  vTimerSetTimerNumber               
000063e5  UARTStdioConfig                    
0000645f  UARTwrite                          
000064d9  UARTgets                           
000065cb  UARTgetc                           
00006601  UARTvprintf                        
00006923  UARTprintf                         
0000695b  IntMasterEnable                    
0000696b  IntMasterDisable                   
0000697b  IntRegister                        
000069f1  IntUnregister                      
00006a11  IntPriorityGroupingSet             
00006a37  IntPriorityGroupingGet             
00006a6f  IntPrioritySet                     
00006ad1  IntPriorityGet                     
00006b07  IntEnable                          
00006b85  IntDisable                         
00006c0d  IntIsEnabled                       
00006cc1  IntPendSet                         
00006d31  IntPendClear                       
00006d8b  IntPriorityMaskSet                 
00006d97  IntPriorityMaskGet                 
00006d9f  IntTrigger                         
00006de9  PinoutSet                          
00006fe1  LEDWrite                           
000070a1  LEDRead                            
00007189  pvPortMalloc                       
000072af  vPortFree                          
0000732d  xPortGetFreeHeapSize               
00007333  vPortInitialiseBlocks              
00007335  pvPortCalloc                       
000073d5  pxPortInitialiseStack              
0000743f  xPortStartScheduler                
00007475  vPortEndScheduler                  
00007477  vPortEnterCritical                 
00007497  vPortExitCritical                  
000074ad  xPortSysTickHandler                
000074d3  vPortSetupTimerInterrupt           
00007511  vListInitialise                    
00007541  vListInitialiseItem                
00007551  vListInsertEnd                     
0000758d  vListInsert                        
000075f3  uxListRemove                       
0000763b  __aeabi_idiv0                      
0000763b  __aeabi_ldiv0                      
0000764d  ulPortGetIPSR                      
00007665  xPortPendSVHandler                 
000076c5  vPortSVCHandler                    
000076e5  vPortStartFirstTask                
00007709  vPortEnableVFP                     
00007717  __aeabi_memcpy                     
00007717  __aeabi_memcpy4                    
00007717  __aeabi_memcpy8                    
00007717  memcpy                             
000077b3  __aeabi_memclr                     
000077b3  __aeabi_memclr4                    
000077b3  __aeabi_memclr8                    
000077b5  __aeabi_memset                     
000077b5  __aeabi_memset4                    
000077b5  __aeabi_memset8                    
000077bb  memset                             
0000782d  __TI_decompress_lzss               
00007895  __TI_auto_init_nobinit_nopinit     
000078d9  __aeabi_uidiv                      
000078d9  __aeabi_uidivmod                   
00007919  CPUcpsid                           
00007925  CPUprimask                         
0000792f  CPUcpsie                           
0000793b  CPUwfi                             
0000793f  CPUbasepriSet                      
0000794d  CPUbasepriGet                      
00007959  _c_int00_noargs                    
0000798d  __TI_decompress_none               
0000799b  __TI_zero_init                     
000079a7  ResetISR                           
000079b3  _system_pre_init                   
000079b7  C$$EXIT                            
000079b7  abort                              
00007dbc  ulMaxSyscallInterruptPriority      
00007dc0  uxTopUsedPriority                  
00007dd8  __TI_Handler_Table_Base            
00007de4  __TI_Handler_Table_Limit           
00007df8  __TI_CINIT_Base                    
00007e10  __TI_CINIT_Limit                   
20000000  __start___llvm_prf_cnts            
20000000  __stop___llvm_prf_cnts             
20000000  g_pfnRAMVectors                    
2000c620  xQueueRegistry                     
2000c660  execution_cycle                    
2000c67c  execution_time                     
2000c698  wcet                               
2000c760  Task1_handle                       
2000c764  Task2_handle                       
2000c768  Task3_handle                       
2000c76c  Task4_handle                       
2000c770  Task5_handle                       
2000c774  Task6_handle                       
2000c778  Task7_handle                       
2000c77c  startTimeTick                      
2000c780  task_1_SyncSemaphore               
2000c784  task_2_SyncSemaphore               
2000c788  task_3_SyncSemaphore               
2000c78c  task_4_SyncSemaphore               
2000c790  task_5_SyncSemaphore               
2000c794  task_6_SyncSemaphore               
2000c798  task_7_SyncSemaphore               
2000c79c  ulPeriod                           
2000c7a0  __stack                            
2000c9a0  __STACK_END                        
2000c9a0  __STACK_TOP                        
2000c9a0  pxCurrentTCB                       
2000c9e8  counter_isr                        
2000c9ec  abort_test                         
ffffffff  __TI_pprof_out_hndl                
ffffffff  __TI_prof_data_size                
ffffffff  __TI_prof_data_start               
ffffffff  __binit__                          
ffffffff  __c_args__                         
ffffffff  binit                              
UNDEFED   __mpu_init                         
UNDEFED   _system_post_cinit                 

[316 symbols]
