******************************************************************************
                  TI ARM Linker Unix v20.2.7                   
******************************************************************************
>> Linked Fri Apr  5 02:00:15 2024

OUTPUT FILE NAME:   <q1.out>
ENTRY POINT SYMBOL: "_c_int00_noargs"  address: 00007195


MEMORY CONFIGURATION

         name            origin    length      used     unused   attr    fill
----------------------  --------  ---------  --------  --------  ----  --------
  FLASH                 00000000   00100000  0000764a  000f89b6  R  X
  SRAM                  20000000   00040000  0000c970  00033690  RW X


SEGMENT ALLOCATION MAP

run origin  load origin   length   init length attrs members
----------  ----------- ---------- ----------- ----- -------
00000000    00000000    00007650   00007650    r-x
  00000000    00000000    00000208   00000208    r-- .intvecs
  00000208    00000208    00006fee   00006fee    r-x .text
  000071f8    000071f8    0000040c   0000040c    r-- .const
  00007608    00007608    00000048   00000048    r-- .cinit
20000000    20000000    0000c974   00000000    rw-
  20000000    20000000    0000026c   00000000    rw- .vtable
  2000026c    2000026c    0000c4a8   00000000    rw- .bss
  2000c718    2000c718    00000200   00000000    rw- .stack
  2000c918    2000c918    0000005c   00000000    rw- .data


SECTION ALLOCATION MAP

 output                                  attributes/
section   page    origin      length       input sections
--------  ----  ----------  ----------   ----------------
.intvecs   0    00000000    00000208     
                  00000000    00000208     tm4c1294ncpdt_startup_ccs.obj (.intvecs)

.text      0    00000208    00006fee     
                  00000208    00002148     tasks.obj (.text)
                  00002350    00001288     gpio.obj (.text)
                  000035d8    00000de4     queue.obj (.text)
                  000043bc    00000d20     timer.obj (.text)
                  000050dc    00000634     timers.obj (.text)
                  00005710    00000574     uartstdio.obj (.text)
                  00005c84    00000490     interrupt.obj (.text)
                  00006114    000003a0     pinout.obj (.text)
                  000064b4    0000024c     heap_2.obj (.text)
                  00006700    000001e0     main.obj (.text)
                  000068e0    000001b6     rtsv7M4_T_le_v4SPD16_eabi.lib : fd_add_t2.asm.obj (.text)
                  00006a96    00000002                                   : div0.asm.obj (.text)
                  00006a98    0000013c     port.obj (.text)
                  00006bd4    00000136     rtsv7M4_T_le_v4SPD16_eabi.lib : fd_div_t2.asm.obj (.text)
                  00006d0a    0000012a     list.obj (.text)
                  00006e34    000000da     portasm.obj (.text)
                  00006f0e    0000009c     rtsv7M4_T_le_v4SPD16_eabi.lib : memcpy_t2.asm.obj (.text)
                  00006faa    0000007a                                   : memset_t2.asm.obj (.text)
                  00007024    00000068                                   : copy_decompress_lzss.c.obj (.text:decompress:lzss:__TI_decompress_lzss)
                  0000708c    00000044                                   : autoinit.c.obj (.text:__TI_auto_init_nobinit_nopinit:__TI_auto_init_nobinit_nopinit)
                  000070d0    00000044                                   : fd_tou_t2.asm.obj (.text)
                  00007114    00000040                                   : u_divt2.asm.obj (.text)
                  00007154    0000003e     cpu.obj (.text)
                  00007192    00000002     --HOLE-- [fill = 0]
                  00007194    00000034     rtsv7M4_T_le_v4SPD16_eabi.lib : boot_cortex_m.c.obj (.text:_c_int00_noargs:_c_int00_noargs)
                  000071c8    0000000e                                   : copy_decompress_none.c.obj (.text:decompress:none:__TI_decompress_none)
                  000071d6    0000000c                                   : copy_zero_init.c.obj (.text:decompress:ZI:__TI_zero_init)
                  000071e2    0000000c     tm4c1294ncpdt_startup_ccs.obj (.text)
                  000071ee    00000004     rtsv7M4_T_le_v4SPD16_eabi.lib : pre_init.c.obj (.text:_system_pre_init)
                  000071f2    00000004                                   : exit.c.obj (.text:abort:abort)

.const     0    000071f8    0000040c     
                  000071f8    000000d8     gpio.obj (.const:g_ppui32GPIOIntMapSnowflake)
                  000072d0    000000c0     gpio.obj (.const:g_ppui32GPIOIntMapBlizzard)
                  00007390    0000009c     interrupt.obj (.const:g_pui32Regs)
                  0000742c    00000090     gpio.obj (.const:g_pui32GPIOBaseAddrs)
                  000074bc    00000060     timer.obj (.const:g_ppui32TimerIntMap)
                  0000751c    00000040     timer.obj (.const:g_ppui32TimerIntMapSnowflake)
                  0000755c    00000020     interrupt.obj (.const:g_pui32Priority)
                  0000757c    00000014     interrupt.obj (.const:g_pui32Dii16Regs)
                  00007590    00000014     interrupt.obj (.const:g_pui32EnRegs)
                  000075a4    00000014     interrupt.obj (.const:g_pui32PendRegs)
                  000075b8    00000014     interrupt.obj (.const:g_pui32UnpendRegs)
                  000075cc    00000012     uartstdio.obj (.const:.string)
                  000075de    00000002     --HOLE-- [fill = 0]
                  000075e0    0000000c     uartstdio.obj (.const:g_ui32UARTBase)
                  000075ec    0000000c     uartstdio.obj (.const:g_ui32UARTPeriph)
                  000075f8    00000004     port.obj (.const)
                  000075fc    00000004     tasks.obj (.const)
                  00007600    00000004     uartstdio.obj (.const)

.cinit     0    00007608    00000048     
                  00007608    00000014     (.cinit..data.load) [load image, compression = lzss]
                  0000761c    0000000c     (__TI_handler_table)
                  00007628    00000008     (.cinit..bss.load) [load image, compression = zero_init]
                  00007630    00000008     (.cinit..vtable.load) [load image, compression = zero_init]
                  00007638    00000018     (__TI_cinit_table)

.init_array 
*          0    00000000    00000000     UNINITIALIZED

.vtable    0    20000000    0000026c     UNINITIALIZED
                  20000000    0000026c     interrupt.obj (.vtable)

.bss       0    2000026c    0000c4a8     UNINITIALIZED
                  2000026c    0000c350     heap_2.obj (.bss:ucHeap)
                  2000c5bc    00000064     tasks.obj (.bss:pxReadyTasksLists)
                  2000c620    00000040     (.common:xQueueRegistry)
                  2000c660    00000014     timers.obj (.bss:xActiveTimerList1)
                  2000c674    00000014     timers.obj (.bss:xActiveTimerList2)
                  2000c688    00000014     tasks.obj (.bss:xDelayedTaskList1)
                  2000c69c    00000014     tasks.obj (.bss:xDelayedTaskList2)
                  2000c6b0    00000014     tasks.obj (.bss:xPendingReadyList)
                  2000c6c4    00000014     tasks.obj (.bss:xSuspendedTaskList)
                  2000c6d8    00000014     tasks.obj (.bss:xTasksWaitingTermination)
                  2000c6ec    00000008     tasks.obj (.bss)
                  2000c6f4    00000008     timers.obj (.bss)
                  2000c6fc    00000008     heap_2.obj (.bss:xEnd)
                  2000c704    00000008     heap_2.obj (.bss:xStart)
                  2000c70c    00000004     (.common:loggingTaskHandle)
                  2000c710    00000004     (.common:task1SyncSemaphore)

.data      0    2000c918    0000005c     UNINITIALIZED
                  2000c918    00000034     tasks.obj (.data)
                  2000c94c    0000000c     timers.obj (.data)
                  2000c958    00000008     heap_2.obj (.data)
                  2000c960    00000008     main.obj (.data)
                  2000c968    00000005     uartstdio.obj (.data)
                  2000c96d    00000003     --HOLE--
                  2000c970    00000004     port.obj (.data)

.stack     0    2000c718    00000200     UNINITIALIZED
                  2000c718    00000004     rtsv7M4_T_le_v4SPD16_eabi.lib : boot_cortex_m.c.obj (.stack)
                  2000c71c    000001fc     --HOLE--

__llvm_prf_cnts 
*          0    20000000    00000000     UNINITIALIZED

MODULE SUMMARY

       Module                          code    ro data   rw data
       ------                          ----    -------   -------
    ./
       tm4c1294ncpdt_startup_ccs.obj   12      520       0      
       main.obj                        480     0         16     
    +--+-------------------------------+-------+---------+---------+
       Total:                          492     520       16     
                                                                
    ./FreeRTOS/
       tasks.obj                       8520    4         260    
       queue.obj                       3556    0         64     
       timers.obj                      1588    0         60     
       list.obj                        298     0         0      
    +--+-------------------------------+-------+---------+---------+
       Total:                          13962   4         384    
                                                                
    ./FreeRTOS/portable/GCC/ARM_CM4F/
       port.obj                        316     4         4      
       portasm.obj                     218     0         0      
    +--+-------------------------------+-------+---------+---------+
       Total:                          534     4         4      
                                                                
    ./FreeRTOS/portable/MemMang/
       heap_2.obj                      588     0         50024  
    +--+-------------------------------+-------+---------+---------+
       Total:                          588     0         50024  
                                                                
    ./driverlib/
       gpio.obj                        4744    552       0      
       timer.obj                       3360    160       0      
       interrupt.obj                   1168    268       620    
       cpu.obj                         62      0         0      
    +--+-------------------------------+-------+---------+---------+
       Total:                          9334    980       620    
                                                                
    ./drivers/
       pinout.obj                      928     0         0      
    +--+-------------------------------+-------+---------+---------+
       Total:                          928     0         0      
                                                                
    ./utils/
       uartstdio.obj                   1396    46        5      
    +--+-------------------------------+-------+---------+---------+
       Total:                          1396    46        5      
                                                                
    /home/parth/ti/ccs1260/ccs/tools/compiler/ti-cgt-arm_20.2.7.LTS/lib/rtsv7M4_T_le_v4SPD16_eabi.lib
       fd_add_t2.asm.obj               438     0         0      
       fd_div_t2.asm.obj               310     0         0      
       memcpy_t2.asm.obj               156     0         0      
       memset_t2.asm.obj               122     0         0      
       copy_decompress_lzss.c.obj      104     0         0      
       autoinit.c.obj                  68      0         0      
       fd_tou_t2.asm.obj               68      0         0      
       u_divt2.asm.obj                 64      0         0      
       boot_cortex_m.c.obj             52      0         0      
       copy_decompress_none.c.obj      14      0         0      
       copy_zero_init.c.obj            12      0         0      
       exit.c.obj                      4       0         0      
       pre_init.c.obj                  4       0         0      
       div0.asm.obj                    2       0         0      
    +--+-------------------------------+-------+---------+---------+
       Total:                          1418    0         0      
                                                                
       Stack:                          0       0         512    
       Linker Generated:               0       72        0      
    +--+-------------------------------+-------+---------+---------+
       Grand Total:                    28652   1626      51565  


LINKER GENERATED COPY TABLES

__TI_cinit_table @ 00007638 records: 3, size/record: 8, table size: 24
	.data: load addr=00007608, load size=00000014 bytes, run addr=2000c918, run size=0000005c bytes, compression=lzss
	.bss: load addr=00007628, load size=00000008 bytes, run addr=2000026c, run size=0000c4a8 bytes, compression=zero_init
	.vtable: load addr=00007630, load size=00000008 bytes, run addr=20000000, run size=0000026c bytes, compression=zero_init


LINKER GENERATED HANDLER TABLE

__TI_handler_table @ 0000761c records: 3, size/record: 4, table size: 12
	index: 0, handler: __TI_zero_init
	index: 1, handler: __TI_decompress_lzss
	index: 2, handler: __TI_decompress_none


GLOBAL SYMBOLS: SORTED ALPHABETICALLY BY Name 

address   name                               
-------   ----                               
000071f3  C$$EXIT                            
00007189  CPUbasepriGet                      
0000717b  CPUbasepriSet                      
00007155  CPUcpsid                           
0000716b  CPUcpsie                           
00007161  CPUprimask                         
00007177  CPUwfi                             
2000c960  FREQ                               
00003567  GPIOADCTriggerDisable              
0000353b  GPIOADCTriggerEnable               
0000350f  GPIODMATriggerDisable              
000034e3  GPIODMATriggerEnable               
0000252d  GPIODirModeGet                     
000024a9  GPIODirModeSet                     
00002cfd  GPIOIntClear                       
00002ca5  GPIOIntDisable                     
00002c7d  GPIOIntEnable                      
00002d1f  GPIOIntRegister                    
00002d9d  GPIOIntRegisterPin                 
00002ccd  GPIOIntStatus                      
00002751  GPIOIntTypeGet                     
00002601  GPIOIntTypeSet                     
00002d5d  GPIOIntUnregister                  
00002e15  GPIOIntUnregisterPin               
00002ae9  GPIOPadConfigGet                   
000027f5  GPIOPadConfigSet                   
0000345d  GPIOPinConfigure                   
00002e67  GPIOPinRead                        
00002ebb  GPIOPinTypeADC                     
00002ef1  GPIOPinTypeCAN                     
00002f27  GPIOPinTypeComparator              
00002f5d  GPIOPinTypeComparatorOutput        
00002f93  GPIOPinTypeDIVSCLK                 
00002fc9  GPIOPinTypeEPI                     
00002fff  GPIOPinTypeEthernetLED             
00003035  GPIOPinTypeEthernetMII             
00003079  GPIOPinTypeGPIOInput               
000030af  GPIOPinTypeGPIOOutput              
000030e5  GPIOPinTypeGPIOOutputOD            
0000311b  GPIOPinTypeHibernateRTCCLK         
00003151  GPIOPinTypeI2C                     
00003187  GPIOPinTypeI2CSCL                  
000031bd  GPIOPinTypeLCD                     
000031f3  GPIOPinTypeOneWire                 
00003229  GPIOPinTypePWM                     
0000325f  GPIOPinTypeQEI                     
00003295  GPIOPinTypeSSI                     
000032cb  GPIOPinTypeTimer                   
00003301  GPIOPinTypeTrace                   
00003337  GPIOPinTypeUART                    
00003371  GPIOPinTypeUSBAnalog               
000033a7  GPIOPinTypeUSBDigital              
000033dd  GPIOPinTypeWakeHigh                
00003415  GPIOPinTypeWakeLow                 
0000344d  GPIOPinWakeStatus                  
00002e8d  GPIOPinWrite                       
00003593  GPIOUnlockPin                      
00005eb1  IntDisable                         
00005e33  IntEnable                          
00005f39  IntIsEnabled                       
00005c97  IntMasterDisable                   
00005c87  IntMasterEnable                    
0000605d  IntPendClear                       
00005fed  IntPendSet                         
00005dfd  IntPriorityGet                     
00005d63  IntPriorityGroupingGet             
00005d3d  IntPriorityGroupingSet             
000060c3  IntPriorityMaskGet                 
000060b7  IntPriorityMaskSet                 
00005d9b  IntPrioritySet                     
00005ca7  IntRegister                        
000060cb  IntTrigger                         
00005d1d  IntUnregister                      
000063cd  LEDRead                            
0000630d  LEDWrite                           
00006115  PinoutSet                          
000071e3  ResetISR                           
00006701  TIM0_Int                           
00005029  TimerADCEventGet                   
00005009  TimerADCEventSet                   
00004a59  TimerClockSourceGet                
00004a1d  TimerClockSourceSet                
00004585  TimerConfigure                     
0000487d  TimerControlEvent                  
00004759  TimerControlLevel                  
000048db  TimerControlStall                  
000047d9  TimerControlTrigger                
00004945  TimerControlWaitOnTrigger          
00005065  TimerDMAEventGet                   
00005045  TimerDMAEventSet                   
000044f9  TimerDisable                       
000044af  TimerEnable                        
00004fc9  TimerIntClear                      
00004f77  TimerIntDisable                    
00004f51  TimerIntEnable                     
00004e91  TimerIntRegister                   
00004f9d  TimerIntStatus                     
00004efb  TimerIntUnregister                 
00004c4b  TimerLoadGet                       
00004cb9  TimerLoadGet64                     
00004bf1  TimerLoadSet                       
00004c8d  TimerLoadSet64                     
00004de1  TimerMatchGet                      
00004e4b  TimerMatchGet64                    
00004d87  TimerMatchSet                      
00004e23  TimerMatchSet64                    
00004aef  TimerPrescaleGet                   
00004ba5  TimerPrescaleMatchGet              
00004b3b  TimerPrescaleMatchSet              
00004a85  TimerPrescaleSet                   
000049f9  TimerRTCDisable                    
000049d5  TimerRTCEnable                     
00004fe9  TimerSynchronize                   
00005081  TimerUpdateMode                    
00004cff  TimerValueGet                      
00004d41  TimerValueGet64                    
00005711  UARTStdioConfig                    
000058f7  UARTgetc                           
00005805  UARTgets                           
00005c4f  UARTprintf                         
0000592d  UARTvprintf                        
0000578b  UARTwrite                          
2000c918  __STACK_END                        
00000200  __STACK_SIZE                       
2000c918  __STACK_TOP                        
00007638  __TI_CINIT_Base                    
00007650  __TI_CINIT_Limit                   
0000761c  __TI_Handler_Table_Base            
00007628  __TI_Handler_Table_Limit           
0000708d  __TI_auto_init_nobinit_nopinit     
00007025  __TI_decompress_lzss               
000071c9  __TI_decompress_none               
ffffffff  __TI_pprof_out_hndl                
ffffffff  __TI_prof_data_size                
ffffffff  __TI_prof_data_start               
00000000  __TI_static_base__                 
000071d7  __TI_zero_init                     
000070d1  __aeabi_d2uiz                      
000068eb  __aeabi_dadd                       
00006bd5  __aeabi_ddiv                       
000068e1  __aeabi_dsub                       
00006a97  __aeabi_idiv0                      
00006a97  __aeabi_ldiv0                      
00006fab  __aeabi_memclr                     
00006fab  __aeabi_memclr4                    
00006fab  __aeabi_memclr8                    
00006f0f  __aeabi_memcpy                     
00006f0f  __aeabi_memcpy4                    
00006f0f  __aeabi_memcpy8                    
00006fad  __aeabi_memset                     
00006fad  __aeabi_memset4                    
00006fad  __aeabi_memset8                    
00007115  __aeabi_uidiv                      
00007115  __aeabi_uidivmod                   
ffffffff  __binit__                          
ffffffff  __c_args__                         
00006859  __error__                          
UNDEFED   __mpu_init                         
2000c718  __stack                            
20000000  __start___llvm_prf_cnts            
20000000  __stop___llvm_prf_cnts             
00007195  _c_int00_noargs                    
UNDEFED   _system_post_cinit                 
000071ef  _system_pre_init                   
000071f3  abort                              
ffffffff  binit                              
000005cd  eTaskGetState                      
20000000  g_pfnRAMVectors                    
00000000  g_pfnVectors                       
2000c70c  loggingTaskHandle                  
00006789  main                               
00006f0f  memcpy                             
00006fb3  memset                             
000042d3  pcQueueGetName                     
00000d81  pcTaskGetName                      
00005291  pcTimerGetName                     
00006827  periphInit                         
00006661  pvPortCalloc                       
000064b5  pvPortMalloc                       
00001b81  pvTaskIncrementMutexHeldCount      
00005699  pvTimerGetTimerID                  
2000c918  pxCurrentTCB                       
00006a99  pxPortInitialiseStack              
2000c710  task1SyncSemaphore                 
000067d1  timerInit                          
00003fff  ucQueueGetQueueType                
000075f8  ulMaxSyscallInterruptPriority      
00006e45  ulPortGetIPSR                      
00001b9d  ulTaskGenericNotifyTake            
0000220d  ulTaskGenericNotifyValueClear      
00006ded  uxListRemove                       
00003fdf  uxQueueGetQueueNumber              
00003f7d  uxQueueMessagesWaiting             
00003fb3  uxQueueMessagesWaitingFromISR      
00003f93  uxQueueSpacesAvailable             
00000d75  uxTaskGetNumberOfTasks             
00000dbd  uxTaskGetSystemState               
00001529  uxTaskGetTaskNumber                
0000068f  uxTaskPriorityGet                  
000006b9  uxTaskPriorityGetFromISR           
00001b59  uxTaskResetEventItemValue          
0000526f  uxTimerGetReloadMode               
000056d3  uxTimerGetTimerNumber              
000075fc  uxTopUsedPriority                  
00006d0b  vListInitialise                    
00006d3b  vListInitialiseItem                
00006d87  vListInsert                        
00006d4b  vListInsertEnd                     
00006f01  vPortEnableVFP                     
00006b39  vPortEndScheduler                  
00006b3b  vPortEnterCritical                 
00006b5b  vPortExitCritical                  
000065db  vPortFree                          
0000665f  vPortInitialiseBlocks              
00006ebd  vPortSVCHandler                    
00006b97  vPortSetupTimerInterrupt           
00006edd  vPortStartFirstTask                
00004265  vQueueAddToRegistry                
00003fc9  vQueueDelete                       
00003fed  vQueueSetQueueNumber               
00004313  vQueueUnregisterQueue              
00004357  vQueueWaitForMessageRestricted     
0000057f  vTaskDelay                         
00000437  vTaskDelete                        
00000b87  vTaskEndScheduler                  
00002065  vTaskGenericNotifyGiveFromISR      
00001635  vTaskGetInfo                       
0000147d  vTaskInternalSetTimeOutState       
00001521  vTaskMissedYield                   
000010f9  vTaskPlaceOnEventList              
0000118d  vTaskPlaceOnEventListRestricted    
00001119  vTaskPlaceOnUnorderedEventList     
00001a55  vTaskPriorityDisinheritAfterTimeout
00000701  vTaskPrioritySet                   
00001355  vTaskRemoveFromUnorderedEventList  
0000098f  vTaskResume                        
00001549  vTaskSetTaskNumber                 
0000145f  vTaskSetTimeOutState               
00000b31  vTaskStartScheduler                
0000085d  vTaskSuspend                       
00000ba3  vTaskSuspendAll                    
0000108d  vTaskSwitchContext                 
00005211  vTimerSetReloadMode                
000056b9  vTimerSetTimerID                   
000056e1  vTimerSetTimerNumber               
0000674d  xLoggingTask                       
00006659  xPortGetFreeHeapSize               
00006e5d  xPortPendSVHandler                 
00006b03  xPortStartScheduler                
00006b71  xPortSysTickHandler                
00003831  xQueueCreateCountingSemaphore      
00003785  xQueueCreateMutex                  
000036ab  xQueueGenericCreate                
000035d9  xQueueGenericReset                 
00003861  xQueueGenericSend                  
00003991  xQueueGenericSendFromISR           
00003a43  xQueueGiveFromISR                  
000037b1  xQueueGiveMutexRecursive           
000041f9  xQueueIsQueueEmptyFromISR          
0000423f  xQueueIsQueueFullFromISR           
00003d5f  xQueuePeek                         
00003f2b  xQueuePeekFromISR                  
00003ae7  xQueueReceive                      
00003e81  xQueueReceiveFromISR               
2000c620  xQueueRegistry                     
00003c05  xQueueSemaphoreTake                
000037ed  xQueueTakeMutexRecursive           
00000e99  xTaskCatchUpTicks                  
0000149d  xTaskCheckForTimeOut               
00000209  xTaskCreate                        
000004ef  xTaskDelayUntil                    
00001d07  xTaskGenericNotify                 
00001e8d  xTaskGenericNotifyFromISR          
000021bd  xTaskGenericNotifyStateClear       
00001c45  xTaskGenericNotifyWait             
000017fd  xTaskGetCurrentTaskHandle          
00001811  xTaskGetSchedulerState             
00000d49  xTaskGetTickCount                  
00000d5d  xTaskGetTickCountFromISR           
00000ecd  xTaskIncrementTick                 
00001977  xTaskPriorityDisinherit            
00001861  xTaskPriorityInherit               
000011f9  xTaskRemoveFromEventList           
00000bb9  xTaskResumeAll                     
00000a59  xTaskResumeFromISR                 
00005109  xTimerCreate                       
000050dd  xTimerCreateTimerTask              
0000518d  xTimerGenericCommand               
0000527b  xTimerGetExpiryTime                
000051ff  xTimerGetPeriod                    
00005247  xTimerGetReloadMode                
000051f9  xTimerGetTimerDaemonTaskHandle     
00005671  xTimerIsTimerActive                


GLOBAL SYMBOLS: SORTED BY Symbol Address 

address   name                               
-------   ----                               
00000000  __TI_static_base__                 
00000000  g_pfnVectors                       
00000200  __STACK_SIZE                       
00000209  xTaskCreate                        
00000437  vTaskDelete                        
000004ef  xTaskDelayUntil                    
0000057f  vTaskDelay                         
000005cd  eTaskGetState                      
0000068f  uxTaskPriorityGet                  
000006b9  uxTaskPriorityGetFromISR           
00000701  vTaskPrioritySet                   
0000085d  vTaskSuspend                       
0000098f  vTaskResume                        
00000a59  xTaskResumeFromISR                 
00000b31  vTaskStartScheduler                
00000b87  vTaskEndScheduler                  
00000ba3  vTaskSuspendAll                    
00000bb9  xTaskResumeAll                     
00000d49  xTaskGetTickCount                  
00000d5d  xTaskGetTickCountFromISR           
00000d75  uxTaskGetNumberOfTasks             
00000d81  pcTaskGetName                      
00000dbd  uxTaskGetSystemState               
00000e99  xTaskCatchUpTicks                  
00000ecd  xTaskIncrementTick                 
0000108d  vTaskSwitchContext                 
000010f9  vTaskPlaceOnEventList              
00001119  vTaskPlaceOnUnorderedEventList     
0000118d  vTaskPlaceOnEventListRestricted    
000011f9  xTaskRemoveFromEventList           
00001355  vTaskRemoveFromUnorderedEventList  
0000145f  vTaskSetTimeOutState               
0000147d  vTaskInternalSetTimeOutState       
0000149d  xTaskCheckForTimeOut               
00001521  vTaskMissedYield                   
00001529  uxTaskGetTaskNumber                
00001549  vTaskSetTaskNumber                 
00001635  vTaskGetInfo                       
000017fd  xTaskGetCurrentTaskHandle          
00001811  xTaskGetSchedulerState             
00001861  xTaskPriorityInherit               
00001977  xTaskPriorityDisinherit            
00001a55  vTaskPriorityDisinheritAfterTimeout
00001b59  uxTaskResetEventItemValue          
00001b81  pvTaskIncrementMutexHeldCount      
00001b9d  ulTaskGenericNotifyTake            
00001c45  xTaskGenericNotifyWait             
00001d07  xTaskGenericNotify                 
00001e8d  xTaskGenericNotifyFromISR          
00002065  vTaskGenericNotifyGiveFromISR      
000021bd  xTaskGenericNotifyStateClear       
0000220d  ulTaskGenericNotifyValueClear      
000024a9  GPIODirModeSet                     
0000252d  GPIODirModeGet                     
00002601  GPIOIntTypeSet                     
00002751  GPIOIntTypeGet                     
000027f5  GPIOPadConfigSet                   
00002ae9  GPIOPadConfigGet                   
00002c7d  GPIOIntEnable                      
00002ca5  GPIOIntDisable                     
00002ccd  GPIOIntStatus                      
00002cfd  GPIOIntClear                       
00002d1f  GPIOIntRegister                    
00002d5d  GPIOIntUnregister                  
00002d9d  GPIOIntRegisterPin                 
00002e15  GPIOIntUnregisterPin               
00002e67  GPIOPinRead                        
00002e8d  GPIOPinWrite                       
00002ebb  GPIOPinTypeADC                     
00002ef1  GPIOPinTypeCAN                     
00002f27  GPIOPinTypeComparator              
00002f5d  GPIOPinTypeComparatorOutput        
00002f93  GPIOPinTypeDIVSCLK                 
00002fc9  GPIOPinTypeEPI                     
00002fff  GPIOPinTypeEthernetLED             
00003035  GPIOPinTypeEthernetMII             
00003079  GPIOPinTypeGPIOInput               
000030af  GPIOPinTypeGPIOOutput              
000030e5  GPIOPinTypeGPIOOutputOD            
0000311b  GPIOPinTypeHibernateRTCCLK         
00003151  GPIOPinTypeI2C                     
00003187  GPIOPinTypeI2CSCL                  
000031bd  GPIOPinTypeLCD                     
000031f3  GPIOPinTypeOneWire                 
00003229  GPIOPinTypePWM                     
0000325f  GPIOPinTypeQEI                     
00003295  GPIOPinTypeSSI                     
000032cb  GPIOPinTypeTimer                   
00003301  GPIOPinTypeTrace                   
00003337  GPIOPinTypeUART                    
00003371  GPIOPinTypeUSBAnalog               
000033a7  GPIOPinTypeUSBDigital              
000033dd  GPIOPinTypeWakeHigh                
00003415  GPIOPinTypeWakeLow                 
0000344d  GPIOPinWakeStatus                  
0000345d  GPIOPinConfigure                   
000034e3  GPIODMATriggerEnable               
0000350f  GPIODMATriggerDisable              
0000353b  GPIOADCTriggerEnable               
00003567  GPIOADCTriggerDisable              
00003593  GPIOUnlockPin                      
000035d9  xQueueGenericReset                 
000036ab  xQueueGenericCreate                
00003785  xQueueCreateMutex                  
000037b1  xQueueGiveMutexRecursive           
000037ed  xQueueTakeMutexRecursive           
00003831  xQueueCreateCountingSemaphore      
00003861  xQueueGenericSend                  
00003991  xQueueGenericSendFromISR           
00003a43  xQueueGiveFromISR                  
00003ae7  xQueueReceive                      
00003c05  xQueueSemaphoreTake                
00003d5f  xQueuePeek                         
00003e81  xQueueReceiveFromISR               
00003f2b  xQueuePeekFromISR                  
00003f7d  uxQueueMessagesWaiting             
00003f93  uxQueueSpacesAvailable             
00003fb3  uxQueueMessagesWaitingFromISR      
00003fc9  vQueueDelete                       
00003fdf  uxQueueGetQueueNumber              
00003fed  vQueueSetQueueNumber               
00003fff  ucQueueGetQueueType                
000041f9  xQueueIsQueueEmptyFromISR          
0000423f  xQueueIsQueueFullFromISR           
00004265  vQueueAddToRegistry                
000042d3  pcQueueGetName                     
00004313  vQueueUnregisterQueue              
00004357  vQueueWaitForMessageRestricted     
000044af  TimerEnable                        
000044f9  TimerDisable                       
00004585  TimerConfigure                     
00004759  TimerControlLevel                  
000047d9  TimerControlTrigger                
0000487d  TimerControlEvent                  
000048db  TimerControlStall                  
00004945  TimerControlWaitOnTrigger          
000049d5  TimerRTCEnable                     
000049f9  TimerRTCDisable                    
00004a1d  TimerClockSourceSet                
00004a59  TimerClockSourceGet                
00004a85  TimerPrescaleSet                   
00004aef  TimerPrescaleGet                   
00004b3b  TimerPrescaleMatchSet              
00004ba5  TimerPrescaleMatchGet              
00004bf1  TimerLoadSet                       
00004c4b  TimerLoadGet                       
00004c8d  TimerLoadSet64                     
00004cb9  TimerLoadGet64                     
00004cff  TimerValueGet                      
00004d41  TimerValueGet64                    
00004d87  TimerMatchSet                      
00004de1  TimerMatchGet                      
00004e23  TimerMatchSet64                    
00004e4b  TimerMatchGet64                    
00004e91  TimerIntRegister                   
00004efb  TimerIntUnregister                 
00004f51  TimerIntEnable                     
00004f77  TimerIntDisable                    
00004f9d  TimerIntStatus                     
00004fc9  TimerIntClear                      
00004fe9  TimerSynchronize                   
00005009  TimerADCEventSet                   
00005029  TimerADCEventGet                   
00005045  TimerDMAEventSet                   
00005065  TimerDMAEventGet                   
00005081  TimerUpdateMode                    
000050dd  xTimerCreateTimerTask              
00005109  xTimerCreate                       
0000518d  xTimerGenericCommand               
000051f9  xTimerGetTimerDaemonTaskHandle     
000051ff  xTimerGetPeriod                    
00005211  vTimerSetReloadMode                
00005247  xTimerGetReloadMode                
0000526f  uxTimerGetReloadMode               
0000527b  xTimerGetExpiryTime                
00005291  pcTimerGetName                     
00005671  xTimerIsTimerActive                
00005699  pvTimerGetTimerID                  
000056b9  vTimerSetTimerID                   
000056d3  uxTimerGetTimerNumber              
000056e1  vTimerSetTimerNumber               
00005711  UARTStdioConfig                    
0000578b  UARTwrite                          
00005805  UARTgets                           
000058f7  UARTgetc                           
0000592d  UARTvprintf                        
00005c4f  UARTprintf                         
00005c87  IntMasterEnable                    
00005c97  IntMasterDisable                   
00005ca7  IntRegister                        
00005d1d  IntUnregister                      
00005d3d  IntPriorityGroupingSet             
00005d63  IntPriorityGroupingGet             
00005d9b  IntPrioritySet                     
00005dfd  IntPriorityGet                     
00005e33  IntEnable                          
00005eb1  IntDisable                         
00005f39  IntIsEnabled                       
00005fed  IntPendSet                         
0000605d  IntPendClear                       
000060b7  IntPriorityMaskSet                 
000060c3  IntPriorityMaskGet                 
000060cb  IntTrigger                         
00006115  PinoutSet                          
0000630d  LEDWrite                           
000063cd  LEDRead                            
000064b5  pvPortMalloc                       
000065db  vPortFree                          
00006659  xPortGetFreeHeapSize               
0000665f  vPortInitialiseBlocks              
00006661  pvPortCalloc                       
00006701  TIM0_Int                           
0000674d  xLoggingTask                       
00006789  main                               
000067d1  timerInit                          
00006827  periphInit                         
00006859  __error__                          
000068e1  __aeabi_dsub                       
000068eb  __aeabi_dadd                       
00006a97  __aeabi_idiv0                      
00006a97  __aeabi_ldiv0                      
00006a99  pxPortInitialiseStack              
00006b03  xPortStartScheduler                
00006b39  vPortEndScheduler                  
00006b3b  vPortEnterCritical                 
00006b5b  vPortExitCritical                  
00006b71  xPortSysTickHandler                
00006b97  vPortSetupTimerInterrupt           
00006bd5  __aeabi_ddiv                       
00006d0b  vListInitialise                    
00006d3b  vListInitialiseItem                
00006d4b  vListInsertEnd                     
00006d87  vListInsert                        
00006ded  uxListRemove                       
00006e45  ulPortGetIPSR                      
00006e5d  xPortPendSVHandler                 
00006ebd  vPortSVCHandler                    
00006edd  vPortStartFirstTask                
00006f01  vPortEnableVFP                     
00006f0f  __aeabi_memcpy                     
00006f0f  __aeabi_memcpy4                    
00006f0f  __aeabi_memcpy8                    
00006f0f  memcpy                             
00006fab  __aeabi_memclr                     
00006fab  __aeabi_memclr4                    
00006fab  __aeabi_memclr8                    
00006fad  __aeabi_memset                     
00006fad  __aeabi_memset4                    
00006fad  __aeabi_memset8                    
00006fb3  memset                             
00007025  __TI_decompress_lzss               
0000708d  __TI_auto_init_nobinit_nopinit     
000070d1  __aeabi_d2uiz                      
00007115  __aeabi_uidiv                      
00007115  __aeabi_uidivmod                   
00007155  CPUcpsid                           
00007161  CPUprimask                         
0000716b  CPUcpsie                           
00007177  CPUwfi                             
0000717b  CPUbasepriSet                      
00007189  CPUbasepriGet                      
00007195  _c_int00_noargs                    
000071c9  __TI_decompress_none               
000071d7  __TI_zero_init                     
000071e3  ResetISR                           
000071ef  _system_pre_init                   
000071f3  C$$EXIT                            
000071f3  abort                              
000075f8  ulMaxSyscallInterruptPriority      
000075fc  uxTopUsedPriority                  
0000761c  __TI_Handler_Table_Base            
00007628  __TI_Handler_Table_Limit           
00007638  __TI_CINIT_Base                    
00007650  __TI_CINIT_Limit                   
20000000  __start___llvm_prf_cnts            
20000000  __stop___llvm_prf_cnts             
20000000  g_pfnRAMVectors                    
2000c620  xQueueRegistry                     
2000c70c  loggingTaskHandle                  
2000c710  task1SyncSemaphore                 
2000c718  __stack                            
2000c918  __STACK_END                        
2000c918  __STACK_TOP                        
2000c918  pxCurrentTCB                       
2000c960  FREQ                               
ffffffff  __TI_pprof_out_hndl                
ffffffff  __TI_prof_data_size                
ffffffff  __TI_prof_data_start               
ffffffff  __binit__                          
ffffffff  __c_args__                         
ffffffff  binit                              
UNDEFED   __mpu_init                         
UNDEFED   _system_post_cinit                 

[293 symbols]
