<?xml version="1.0" encoding="ISO-8859-1" ?>
<link_info>
   <banner>TI ARM Linker Unix v20.2.7.LTS</banner>
   <copyright>Copyright (c) 1996-2018 Texas Instruments Incorporated</copyright>
   <link_time>0x6609e3a5</link_time>
   <link_errors>0x0</link_errors>
   <output_file>demo.out</output_file>
   <entry_point>
      <name>_c_int00_noargs</name>
      <address>0x6131</address>
   </entry_point>
   <input_file_list>
      <input_file id="fl-2">
         <path>./</path>
         <kind>object</kind>
         <file>main.obj</file>
         <name>main.obj</name>
      </input_file>
      <input_file id="fl-3">
         <path>./</path>
         <kind>object</kind>
         <file>tm4c1294ncpdt_startup_ccs.obj</file>
         <name>tm4c1294ncpdt_startup_ccs.obj</name>
      </input_file>
      <input_file id="fl-4">
         <path>./FreeRTOS/</path>
         <kind>object</kind>
         <file>croutine.obj</file>
         <name>croutine.obj</name>
      </input_file>
      <input_file id="fl-5">
         <path>./FreeRTOS/</path>
         <kind>object</kind>
         <file>event_groups.obj</file>
         <name>event_groups.obj</name>
      </input_file>
      <input_file id="fl-6">
         <path>./FreeRTOS/</path>
         <kind>object</kind>
         <file>list.obj</file>
         <name>list.obj</name>
      </input_file>
      <input_file id="fl-7">
         <path>./FreeRTOS/</path>
         <kind>object</kind>
         <file>queue.obj</file>
         <name>queue.obj</name>
      </input_file>
      <input_file id="fl-8">
         <path>./FreeRTOS/</path>
         <kind>object</kind>
         <file>stream_buffer.obj</file>
         <name>stream_buffer.obj</name>
      </input_file>
      <input_file id="fl-9">
         <path>./FreeRTOS/</path>
         <kind>object</kind>
         <file>tasks.obj</file>
         <name>tasks.obj</name>
      </input_file>
      <input_file id="fl-a">
         <path>./FreeRTOS/</path>
         <kind>object</kind>
         <file>timers.obj</file>
         <name>timers.obj</name>
      </input_file>
      <input_file id="fl-b">
         <path>./FreeRTOS/portable/GCC/ARM_CM4F/</path>
         <kind>object</kind>
         <file>port.obj</file>
         <name>port.obj</name>
      </input_file>
      <input_file id="fl-c">
         <path>./FreeRTOS/portable/GCC/ARM_CM4F/</path>
         <kind>object</kind>
         <file>portasm.obj</file>
         <name>portasm.obj</name>
      </input_file>
      <input_file id="fl-d">
         <path>./FreeRTOS/portable/MemMang/</path>
         <kind>object</kind>
         <file>heap_2.obj</file>
         <name>heap_2.obj</name>
      </input_file>
      <input_file id="fl-e">
         <path>./driverlib/</path>
         <kind>object</kind>
         <file>adc.obj</file>
         <name>adc.obj</name>
      </input_file>
      <input_file id="fl-f">
         <path>./driverlib/</path>
         <kind>object</kind>
         <file>aes.obj</file>
         <name>aes.obj</name>
      </input_file>
      <input_file id="fl-10">
         <path>./driverlib/</path>
         <kind>object</kind>
         <file>can.obj</file>
         <name>can.obj</name>
      </input_file>
      <input_file id="fl-11">
         <path>./driverlib/</path>
         <kind>object</kind>
         <file>comp.obj</file>
         <name>comp.obj</name>
      </input_file>
      <input_file id="fl-12">
         <path>./driverlib/</path>
         <kind>object</kind>
         <file>cpu.obj</file>
         <name>cpu.obj</name>
      </input_file>
      <input_file id="fl-13">
         <path>./driverlib/</path>
         <kind>object</kind>
         <file>crc.obj</file>
         <name>crc.obj</name>
      </input_file>
      <input_file id="fl-14">
         <path>./driverlib/</path>
         <kind>object</kind>
         <file>des.obj</file>
         <name>des.obj</name>
      </input_file>
      <input_file id="fl-15">
         <path>./driverlib/</path>
         <kind>object</kind>
         <file>eeprom.obj</file>
         <name>eeprom.obj</name>
      </input_file>
      <input_file id="fl-16">
         <path>./driverlib/</path>
         <kind>object</kind>
         <file>emac.obj</file>
         <name>emac.obj</name>
      </input_file>
      <input_file id="fl-17">
         <path>./driverlib/</path>
         <kind>object</kind>
         <file>epi.obj</file>
         <name>epi.obj</name>
      </input_file>
      <input_file id="fl-18">
         <path>./driverlib/</path>
         <kind>object</kind>
         <file>epi_workaround_ccs.obj</file>
         <name>epi_workaround_ccs.obj</name>
      </input_file>
      <input_file id="fl-19">
         <path>./driverlib/</path>
         <kind>object</kind>
         <file>flash.obj</file>
         <name>flash.obj</name>
      </input_file>
      <input_file id="fl-1a">
         <path>./driverlib/</path>
         <kind>object</kind>
         <file>fpu.obj</file>
         <name>fpu.obj</name>
      </input_file>
      <input_file id="fl-1b">
         <path>./driverlib/</path>
         <kind>object</kind>
         <file>gpio.obj</file>
         <name>gpio.obj</name>
      </input_file>
      <input_file id="fl-1c">
         <path>./driverlib/</path>
         <kind>object</kind>
         <file>hibernate.obj</file>
         <name>hibernate.obj</name>
      </input_file>
      <input_file id="fl-1d">
         <path>./driverlib/</path>
         <kind>object</kind>
         <file>i2c.obj</file>
         <name>i2c.obj</name>
      </input_file>
      <input_file id="fl-1e">
         <path>./driverlib/</path>
         <kind>object</kind>
         <file>interrupt.obj</file>
         <name>interrupt.obj</name>
      </input_file>
      <input_file id="fl-1f">
         <path>./driverlib/</path>
         <kind>object</kind>
         <file>lcd.obj</file>
         <name>lcd.obj</name>
      </input_file>
      <input_file id="fl-20">
         <path>./driverlib/</path>
         <kind>object</kind>
         <file>mpu.obj</file>
         <name>mpu.obj</name>
      </input_file>
      <input_file id="fl-21">
         <path>./driverlib/</path>
         <kind>object</kind>
         <file>onewire.obj</file>
         <name>onewire.obj</name>
      </input_file>
      <input_file id="fl-22">
         <path>./driverlib/</path>
         <kind>object</kind>
         <file>pwm.obj</file>
         <name>pwm.obj</name>
      </input_file>
      <input_file id="fl-23">
         <path>./driverlib/</path>
         <kind>object</kind>
         <file>qei.obj</file>
         <name>qei.obj</name>
      </input_file>
      <input_file id="fl-24">
         <path>./driverlib/</path>
         <kind>object</kind>
         <file>shamd5.obj</file>
         <name>shamd5.obj</name>
      </input_file>
      <input_file id="fl-25">
         <path>./driverlib/</path>
         <kind>object</kind>
         <file>ssi.obj</file>
         <name>ssi.obj</name>
      </input_file>
      <input_file id="fl-26">
         <path>./driverlib/</path>
         <kind>object</kind>
         <file>sw_crc.obj</file>
         <name>sw_crc.obj</name>
      </input_file>
      <input_file id="fl-27">
         <path>./driverlib/</path>
         <kind>object</kind>
         <file>sysctl.obj</file>
         <name>sysctl.obj</name>
      </input_file>
      <input_file id="fl-28">
         <path>./driverlib/</path>
         <kind>object</kind>
         <file>sysexc.obj</file>
         <name>sysexc.obj</name>
      </input_file>
      <input_file id="fl-29">
         <path>./driverlib/</path>
         <kind>object</kind>
         <file>systick.obj</file>
         <name>systick.obj</name>
      </input_file>
      <input_file id="fl-2a">
         <path>./driverlib/</path>
         <kind>object</kind>
         <file>timer.obj</file>
         <name>timer.obj</name>
      </input_file>
      <input_file id="fl-2b">
         <path>./driverlib/</path>
         <kind>object</kind>
         <file>uart.obj</file>
         <name>uart.obj</name>
      </input_file>
      <input_file id="fl-2c">
         <path>./driverlib/</path>
         <kind>object</kind>
         <file>udma.obj</file>
         <name>udma.obj</name>
      </input_file>
      <input_file id="fl-2d">
         <path>./driverlib/</path>
         <kind>object</kind>
         <file>usb.obj</file>
         <name>usb.obj</name>
      </input_file>
      <input_file id="fl-2e">
         <path>./driverlib/</path>
         <kind>object</kind>
         <file>watchdog.obj</file>
         <name>watchdog.obj</name>
      </input_file>
      <input_file id="fl-2f">
         <path>./drivers/</path>
         <kind>object</kind>
         <file>buttons.obj</file>
         <name>buttons.obj</name>
      </input_file>
      <input_file id="fl-30">
         <path>./drivers/</path>
         <kind>object</kind>
         <file>pinout.obj</file>
         <name>pinout.obj</name>
      </input_file>
      <input_file id="fl-31">
         <path>./utils/</path>
         <kind>object</kind>
         <file>uartstdio.obj</file>
         <name>uartstdio.obj</name>
      </input_file>
      <input_file id="fl-37">
         <kind>object</kind>
         <file>&lt;internal&gt;</file>
         <name>&lt;internal&gt;</name>
      </input_file>
      <input_file id="fl-ed">
         <path>/home/parth/ti/ccs1260/ccs/tools/compiler/ti-cgt-arm_20.2.7.LTS/lib/</path>
         <kind>archive</kind>
         <file>rtsv7M4_T_le_v4SPD16_eabi.lib</file>
         <name>memcpy_t2.asm.obj</name>
      </input_file>
      <input_file id="fl-ee">
         <path>/home/parth/ti/ccs1260/ccs/tools/compiler/ti-cgt-arm_20.2.7.LTS/lib/</path>
         <kind>archive</kind>
         <file>rtsv7M4_T_le_v4SPD16_eabi.lib</file>
         <name>memset_t2.asm.obj</name>
      </input_file>
      <input_file id="fl-ef">
         <path>/home/parth/ti/ccs1260/ccs/tools/compiler/ti-cgt-arm_20.2.7.LTS/lib/</path>
         <kind>archive</kind>
         <file>rtsv7M4_T_le_v4SPD16_eabi.lib</file>
         <name>u_divt2.asm.obj</name>
      </input_file>
      <input_file id="fl-f0">
         <path>/home/parth/ti/ccs1260/ccs/tools/compiler/ti-cgt-arm_20.2.7.LTS/lib/</path>
         <kind>archive</kind>
         <file>rtsv7M4_T_le_v4SPD16_eabi.lib</file>
         <name>copy_zero_init.c.obj</name>
      </input_file>
      <input_file id="fl-f1">
         <path>/home/parth/ti/ccs1260/ccs/tools/compiler/ti-cgt-arm_20.2.7.LTS/lib/</path>
         <kind>archive</kind>
         <file>rtsv7M4_T_le_v4SPD16_eabi.lib</file>
         <name>copy_decompress_none.c.obj</name>
      </input_file>
      <input_file id="fl-f2">
         <path>/home/parth/ti/ccs1260/ccs/tools/compiler/ti-cgt-arm_20.2.7.LTS/lib/</path>
         <kind>archive</kind>
         <file>rtsv7M4_T_le_v4SPD16_eabi.lib</file>
         <name>copy_decompress_lzss.c.obj</name>
      </input_file>
      <input_file id="fl-f3">
         <path>/home/parth/ti/ccs1260/ccs/tools/compiler/ti-cgt-arm_20.2.7.LTS/lib/</path>
         <kind>archive</kind>
         <file>rtsv7M4_T_le_v4SPD16_eabi.lib</file>
         <name>boot_cortex_m.c.obj</name>
      </input_file>
      <input_file id="fl-f4">
         <path>/home/parth/ti/ccs1260/ccs/tools/compiler/ti-cgt-arm_20.2.7.LTS/lib/</path>
         <kind>archive</kind>
         <file>rtsv7M4_T_le_v4SPD16_eabi.lib</file>
         <name>div0.asm.obj</name>
      </input_file>
      <input_file id="fl-f5">
         <path>/home/parth/ti/ccs1260/ccs/tools/compiler/ti-cgt-arm_20.2.7.LTS/lib/</path>
         <kind>archive</kind>
         <file>rtsv7M4_T_le_v4SPD16_eabi.lib</file>
         <name>autoinit.c.obj</name>
      </input_file>
      <input_file id="fl-f6">
         <path>/home/parth/ti/ccs1260/ccs/tools/compiler/ti-cgt-arm_20.2.7.LTS/lib/</path>
         <kind>archive</kind>
         <file>rtsv7M4_T_le_v4SPD16_eabi.lib</file>
         <name>pre_init.c.obj</name>
      </input_file>
      <input_file id="fl-f7">
         <path>/home/parth/ti/ccs1260/ccs/tools/compiler/ti-cgt-arm_20.2.7.LTS/lib/</path>
         <kind>archive</kind>
         <file>rtsv7M4_T_le_v4SPD16_eabi.lib</file>
         <name>cpy_tbl.c.obj</name>
      </input_file>
      <input_file id="fl-f8">
         <path>/home/parth/ti/ccs1260/ccs/tools/compiler/ti-cgt-arm_20.2.7.LTS/lib/</path>
         <kind>archive</kind>
         <file>rtsv7M4_T_le_v4SPD16_eabi.lib</file>
         <name>exit.c.obj</name>
      </input_file>
      <input_file id="fl-f9">
         <path>/home/parth/ti/ccs1260/ccs/tools/compiler/ti-cgt-arm_20.2.7.LTS/lib/</path>
         <kind>archive</kind>
         <file>rtsv7M4_T_le_v4SPD16_eabi.lib</file>
         <name>_lock.c.obj</name>
      </input_file>
      <input_file id="fl-fa">
         <path>/home/parth/ti/ccs1260/ccs/tools/compiler/ti-cgt-arm_20.2.7.LTS/lib/</path>
         <kind>archive</kind>
         <file>rtsv7M4_T_le_v4SPD16_eabi.lib</file>
         <name>args_main.c.obj</name>
      </input_file>
   </input_file_list>
   <object_component_list>
      <object_component id="oc-12">
         <name>.intvecs</name>
         <load_address>0x0</load_address>
         <run_address>0x0</run_address>
         <size>0x208</size>
         <input_file_ref idref="fl-3"/>
      </object_component>
      <object_component id="oc-7f">
         <name>.text</name>
         <load_address>0x208</load_address>
         <run_address>0x208</run_address>
         <size>0x2148</size>
         <input_file_ref idref="fl-9"/>
      </object_component>
      <object_component id="oc-20f">
         <name>.text</name>
         <load_address>0x2350</load_address>
         <run_address>0x2350</run_address>
         <size>0x1288</size>
         <input_file_ref idref="fl-1b"/>
      </object_component>
      <object_component id="oc-13d">
         <name>.text</name>
         <load_address>0x35d8</load_address>
         <run_address>0x35d8</run_address>
         <size>0xde4</size>
         <input_file_ref idref="fl-7"/>
      </object_component>
      <object_component id="oc-f6">
         <name>.text</name>
         <load_address>0x43bc</load_address>
         <run_address>0x43bc</run_address>
         <size>0x634</size>
         <input_file_ref idref="fl-a"/>
      </object_component>
      <object_component id="oc-143">
         <name>.text</name>
         <load_address>0x49f0</load_address>
         <run_address>0x49f0</run_address>
         <size>0x574</size>
         <input_file_ref idref="fl-31"/>
      </object_component>
      <object_component id="oc-271">
         <name>.text</name>
         <load_address>0x4f64</load_address>
         <run_address>0x4f64</run_address>
         <size>0x490</size>
         <input_file_ref idref="fl-1e"/>
      </object_component>
      <object_component id="oc-149">
         <name>.text</name>
         <load_address>0x53f4</load_address>
         <run_address>0x53f4</run_address>
         <size>0x3a0</size>
         <input_file_ref idref="fl-30"/>
      </object_component>
      <object_component id="oc-de">
         <name>.text</name>
         <load_address>0x5794</load_address>
         <run_address>0x5794</run_address>
         <size>0x24c</size>
         <input_file_ref idref="fl-d"/>
      </object_component>
      <object_component id="oc-c2">
         <name>.text</name>
         <load_address>0x59e0</load_address>
         <run_address>0x59e0</run_address>
         <size>0x1cc</size>
         <input_file_ref idref="fl-2"/>
      </object_component>
      <object_component id="oc-32">
         <name>.text</name>
         <load_address>0x5bac</load_address>
         <run_address>0x5bac</run_address>
         <size>0x13c</size>
         <input_file_ref idref="fl-b"/>
      </object_component>
      <object_component id="oc-e4">
         <name>.text</name>
         <load_address>0x5ce8</load_address>
         <run_address>0x5ce8</run_address>
         <size>0x12a</size>
         <input_file_ref idref="fl-6"/>
      </object_component>
      <object_component id="oc-260">
         <name>.text</name>
         <load_address>0x5e12</load_address>
         <run_address>0x5e12</run_address>
         <size>0x2</size>
         <input_file_ref idref="fl-f4"/>
      </object_component>
      <object_component id="oc-2d">
         <name>.text</name>
         <load_address>0x5e14</load_address>
         <run_address>0x5e14</run_address>
         <size>0xda</size>
         <input_file_ref idref="fl-c"/>
      </object_component>
      <object_component id="oc-46">
         <name>.text</name>
         <load_address>0x5eee</load_address>
         <run_address>0x5eee</run_address>
         <size>0x9c</size>
         <input_file_ref idref="fl-ed"/>
      </object_component>
      <object_component id="oc-b6">
         <name>.text</name>
         <load_address>0x5f8a</load_address>
         <run_address>0x5f8a</run_address>
         <size>0x7a</size>
         <input_file_ref idref="fl-ee"/>
      </object_component>
      <object_component id="oc-15">
         <name>.text:decompress:lzss:__TI_decompress_lzss</name>
         <load_address>0x6004</load_address>
         <run_address>0x6004</run_address>
         <size>0x68</size>
         <input_file_ref idref="fl-f2"/>
      </object_component>
      <object_component id="oc-162">
         <name>.text:__TI_auto_init_nobinit_nopinit:__TI_auto_init_nobinit_nopinit</name>
         <load_address>0x606c</load_address>
         <run_address>0x606c</run_address>
         <size>0x44</size>
         <input_file_ref idref="fl-f5"/>
      </object_component>
      <object_component id="oc-200">
         <name>.text</name>
         <load_address>0x60b0</load_address>
         <run_address>0x60b0</run_address>
         <size>0x40</size>
         <input_file_ref idref="fl-ef"/>
      </object_component>
      <object_component id="oc-2b5">
         <name>.text</name>
         <load_address>0x60f0</load_address>
         <run_address>0x60f0</run_address>
         <size>0x3e</size>
         <input_file_ref idref="fl-12"/>
      </object_component>
      <object_component id="oc-64">
         <name>.text:_c_int00_noargs:_c_int00_noargs</name>
         <load_address>0x6130</load_address>
         <run_address>0x6130</run_address>
         <size>0x34</size>
         <input_file_ref idref="fl-f3"/>
      </object_component>
      <object_component id="oc-1b">
         <name>.text:decompress:none:__TI_decompress_none</name>
         <load_address>0x6164</load_address>
         <run_address>0x6164</run_address>
         <size>0xe</size>
         <input_file_ref idref="fl-f1"/>
      </object_component>
      <object_component id="oc-58">
         <name>.text:decompress:ZI:__TI_zero_init</name>
         <load_address>0x6172</load_address>
         <run_address>0x6172</run_address>
         <size>0xc</size>
         <input_file_ref idref="fl-f0"/>
      </object_component>
      <object_component id="oc-27">
         <name>.text</name>
         <load_address>0x617e</load_address>
         <run_address>0x617e</run_address>
         <size>0xc</size>
         <input_file_ref idref="fl-3"/>
      </object_component>
      <object_component id="oc-bc">
         <name>.text:_system_pre_init</name>
         <load_address>0x618a</load_address>
         <run_address>0x618a</run_address>
         <size>0x4</size>
         <input_file_ref idref="fl-f6"/>
      </object_component>
      <object_component id="oc-156">
         <name>.text:abort:abort</name>
         <load_address>0x618e</load_address>
         <run_address>0x618e</run_address>
         <size>0x4</size>
         <input_file_ref idref="fl-f8"/>
      </object_component>
      <object_component id="oc-26e">
         <name>.const:g_ppui32GPIOIntMapSnowflake</name>
         <load_address>0x6194</load_address>
         <run_address>0x6194</run_address>
         <size>0xd8</size>
         <input_file_ref idref="fl-1b"/>
      </object_component>
      <object_component id="oc-26b">
         <name>.const:g_ppui32GPIOIntMapBlizzard</name>
         <load_address>0x626c</load_address>
         <run_address>0x626c</run_address>
         <size>0xc0</size>
         <input_file_ref idref="fl-1b"/>
      </object_component>
      <object_component id="oc-2c1">
         <name>.const:g_pui32Regs</name>
         <load_address>0x632c</load_address>
         <run_address>0x632c</run_address>
         <size>0x9c</size>
         <input_file_ref idref="fl-1e"/>
      </object_component>
      <object_component id="oc-277">
         <name>.const:g_pui32GPIOBaseAddrs</name>
         <load_address>0x63c8</load_address>
         <run_address>0x63c8</run_address>
         <size>0x90</size>
         <input_file_ref idref="fl-1b"/>
      </object_component>
      <object_component id="oc-2be">
         <name>.const:g_pui32Priority</name>
         <load_address>0x6458</load_address>
         <run_address>0x6458</run_address>
         <size>0x20</size>
         <input_file_ref idref="fl-1e"/>
      </object_component>
      <object_component id="oc-2c7">
         <name>.const:g_pui32Dii16Regs</name>
         <load_address>0x6478</load_address>
         <run_address>0x6478</run_address>
         <size>0x14</size>
         <input_file_ref idref="fl-1e"/>
      </object_component>
      <object_component id="oc-2c4">
         <name>.const:g_pui32EnRegs</name>
         <load_address>0x648c</load_address>
         <run_address>0x648c</run_address>
         <size>0x14</size>
         <input_file_ref idref="fl-1e"/>
      </object_component>
      <object_component id="oc-2ca">
         <name>.const:g_pui32PendRegs</name>
         <load_address>0x64a0</load_address>
         <run_address>0x64a0</run_address>
         <size>0x14</size>
         <input_file_ref idref="fl-1e"/>
      </object_component>
      <object_component id="oc-2cd">
         <name>.const:g_pui32UnpendRegs</name>
         <load_address>0x64b4</load_address>
         <run_address>0x64b4</run_address>
         <size>0x14</size>
         <input_file_ref idref="fl-1e"/>
      </object_component>
      <object_component id="oc-266">
         <name>.const:.string</name>
         <load_address>0x64c8</load_address>
         <run_address>0x64c8</run_address>
         <size>0x12</size>
         <input_file_ref idref="fl-31"/>
      </object_component>
      <object_component id="oc-1fd">
         <name>.const:g_ui32UARTBase</name>
         <load_address>0x64dc</load_address>
         <run_address>0x64dc</run_address>
         <size>0xc</size>
         <input_file_ref idref="fl-31"/>
      </object_component>
      <object_component id="oc-1f7">
         <name>.const:g_ui32UARTPeriph</name>
         <load_address>0x64e8</load_address>
         <run_address>0x64e8</run_address>
         <size>0xc</size>
         <input_file_ref idref="fl-31"/>
      </object_component>
      <object_component id="oc-7c">
         <name>.const</name>
         <load_address>0x64f4</load_address>
         <run_address>0x64f4</run_address>
         <size>0x4</size>
         <input_file_ref idref="fl-b"/>
      </object_component>
      <object_component id="oc-ff">
         <name>.const</name>
         <load_address>0x64f8</load_address>
         <run_address>0x64f8</run_address>
         <size>0x4</size>
         <input_file_ref idref="fl-9"/>
      </object_component>
      <object_component id="oc-205">
         <name>.const</name>
         <load_address>0x64fc</load_address>
         <run_address>0x64fc</run_address>
         <size>0x4</size>
         <input_file_ref idref="fl-31"/>
      </object_component>
      <object_component id="oc-322">
         <name>.cinit..data.load</name>
         <load_address>0x6500</load_address>
         <run_address>0x6500</run_address>
         <size>0xf</size>
      </object_component>
      <object_component id="oc-31f">
         <name>__TI_handler_table</name>
         <load_address>0x6510</load_address>
         <run_address>0x6510</run_address>
         <size>0xc</size>
      </object_component>
      <object_component id="oc-323">
         <name>.cinit..bss.load</name>
         <load_address>0x6520</load_address>
         <run_address>0x6520</run_address>
         <size>0x8</size>
      </object_component>
      <object_component id="oc-321">
         <name>.cinit..vtable.load</name>
         <load_address>0x6528</load_address>
         <run_address>0x6528</run_address>
         <size>0x8</size>
      </object_component>
      <object_component id="oc-320">
         <name>__TI_cinit_table</name>
         <load_address>0x6530</load_address>
         <run_address>0x6530</run_address>
         <size>0x18</size>
      </object_component>
      <object_component id="oc-2bb">
         <name>.vtable</name>
         <uninitialized>true</uninitialized>
         <run_address>0x20000000</run_address>
         <size>0x26c</size>
         <input_file_ref idref="fl-1e"/>
      </object_component>
      <object_component id="oc-79">
         <name>.data</name>
         <load_address>0x2000c910</load_address>
         <run_address>0x2000c910</run_address>
         <size>0x34</size>
         <input_file_ref idref="fl-9"/>
      </object_component>
      <object_component id="oc-1c2">
         <name>.data</name>
         <load_address>0x2000c944</load_address>
         <run_address>0x2000c944</run_address>
         <size>0xc</size>
         <input_file_ref idref="fl-a"/>
      </object_component>
      <object_component id="oc-86">
         <name>.data</name>
         <load_address>0x2000c960</load_address>
         <run_address>0x2000c960</run_address>
         <size>0x4</size>
         <input_file_ref idref="fl-b"/>
      </object_component>
      <object_component id="oc-1aa">
         <name>.data</name>
         <load_address>0x2000c950</load_address>
         <run_address>0x2000c950</run_address>
         <size>0x8</size>
         <input_file_ref idref="fl-d"/>
      </object_component>
      <object_component id="oc-1fa">
         <name>.data</name>
         <load_address>0x2000c958</load_address>
         <run_address>0x2000c958</run_address>
         <size>0x5</size>
         <input_file_ref idref="fl-31"/>
      </object_component>
      <object_component id="oc-ea">
         <name>.bss:pxReadyTasksLists</name>
         <uninitialized>true</uninitialized>
         <run_address>0x2000c5bc</run_address>
         <size>0x64</size>
         <input_file_ref idref="fl-9"/>
      </object_component>
      <object_component id="oc-102">
         <name>.bss:xDelayedTaskList1</name>
         <uninitialized>true</uninitialized>
         <run_address>0x2000c688</run_address>
         <size>0x14</size>
         <input_file_ref idref="fl-9"/>
      </object_component>
      <object_component id="oc-105">
         <name>.bss:xDelayedTaskList2</name>
         <uninitialized>true</uninitialized>
         <run_address>0x2000c69c</run_address>
         <size>0x14</size>
         <input_file_ref idref="fl-9"/>
      </object_component>
      <object_component id="oc-f0">
         <name>.bss</name>
         <uninitialized>true</uninitialized>
         <run_address>0x2000c6ec</run_address>
         <size>0x8</size>
         <input_file_ref idref="fl-9"/>
      </object_component>
      <object_component id="oc-fc">
         <name>.bss:xPendingReadyList</name>
         <uninitialized>true</uninitialized>
         <run_address>0x2000c6b0</run_address>
         <size>0x14</size>
         <input_file_ref idref="fl-9"/>
      </object_component>
      <object_component id="oc-ed">
         <name>.bss:xTasksWaitingTermination</name>
         <uninitialized>true</uninitialized>
         <run_address>0x2000c6d8</run_address>
         <size>0x14</size>
         <input_file_ref idref="fl-9"/>
      </object_component>
      <object_component id="oc-f3">
         <name>.bss:xSuspendedTaskList</name>
         <uninitialized>true</uninitialized>
         <run_address>0x2000c6c4</run_address>
         <size>0x14</size>
         <input_file_ref idref="fl-9"/>
      </object_component>
      <object_component id="oc-1c8">
         <name>.bss:xActiveTimerList1</name>
         <uninitialized>true</uninitialized>
         <run_address>0x2000c660</run_address>
         <size>0x14</size>
         <input_file_ref idref="fl-a"/>
      </object_component>
      <object_component id="oc-1cb">
         <name>.bss:xActiveTimerList2</name>
         <uninitialized>true</uninitialized>
         <run_address>0x2000c674</run_address>
         <size>0x14</size>
         <input_file_ref idref="fl-a"/>
      </object_component>
      <object_component id="oc-1c5">
         <name>.bss</name>
         <uninitialized>true</uninitialized>
         <run_address>0x2000c6f4</run_address>
         <size>0x8</size>
         <input_file_ref idref="fl-a"/>
      </object_component>
      <object_component id="oc-1b3">
         <name>.bss:ucHeap</name>
         <uninitialized>true</uninitialized>
         <run_address>0x2000026c</run_address>
         <size>0xc350</size>
         <input_file_ref idref="fl-d"/>
      </object_component>
      <object_component id="oc-1ad">
         <name>.bss:xStart</name>
         <uninitialized>true</uninitialized>
         <run_address>0x2000c704</run_address>
         <size>0x8</size>
         <input_file_ref idref="fl-d"/>
      </object_component>
      <object_component id="oc-1b0">
         <name>.bss:xEnd</name>
         <uninitialized>true</uninitialized>
         <run_address>0x2000c6fc</run_address>
         <size>0x8</size>
         <input_file_ref idref="fl-d"/>
      </object_component>
      <object_component id="oc-14f">
         <name>.common:timerSemaphore</name>
         <uninitialized>true</uninitialized>
         <run_address>0x2000c70c</run_address>
         <size>0x4</size>
      </object_component>
      <object_component id="oc-1ee">
         <name>.common:xQueueRegistry</name>
         <uninitialized>true</uninitialized>
         <run_address>0x2000c620</run_address>
         <size>0x40</size>
      </object_component>
      <object_component id="oc-24">
         <name>.stack</name>
         <uninitialized>true</uninitialized>
         <run_address>0x2000c710</run_address>
         <size>0x4</size>
         <input_file_ref idref="fl-f3"/>
      </object_component>
      <object_component id="oc-325">
         <name>.stack</name>
         <uninitialized>true</uninitialized>
         <run_address>0x2000c710</run_address>
         <size>0x0</size>
      </object_component>
      <object_component id="oc-121">
         <name>.debug_info</name>
         <load_address>0x0</load_address>
         <run_address>0x0</run_address>
         <size>0x6f6</size>
         <input_file_ref idref="fl-2"/>
      </object_component>
      <object_component id="oc-c3">
         <name>.debug_info</name>
         <load_address>0x6f6</load_address>
         <run_address>0x6f6</run_address>
         <size>0x659</size>
         <input_file_ref idref="fl-2"/>
      </object_component>
      <object_component id="oc-112">
         <name>.debug_info</name>
         <load_address>0xd4f</load_address>
         <run_address>0xd4f</run_address>
         <size>0x315</size>
         <input_file_ref idref="fl-2"/>
      </object_component>
      <object_component id="oc-97">
         <name>.debug_info</name>
         <load_address>0x1064</load_address>
         <run_address>0x1064</run_address>
         <size>0x26b</size>
         <input_file_ref idref="fl-2"/>
      </object_component>
      <object_component id="oc-11c">
         <name>.debug_info</name>
         <load_address>0x12cf</load_address>
         <run_address>0x12cf</run_address>
         <size>0x461</size>
         <input_file_ref idref="fl-2"/>
      </object_component>
      <object_component id="oc-1e4">
         <name>.debug_info</name>
         <load_address>0x1730</load_address>
         <run_address>0x1730</run_address>
         <size>0x4f</size>
         <input_file_ref idref="fl-2"/>
      </object_component>
      <object_component id="oc-1e9">
         <name>.debug_info</name>
         <load_address>0x177f</load_address>
         <run_address>0x177f</run_address>
         <size>0x2c</size>
         <input_file_ref idref="fl-2"/>
      </object_component>
      <object_component id="oc-123">
         <name>.debug_info</name>
         <load_address>0x17ab</load_address>
         <run_address>0x17ab</run_address>
         <size>0x8b</size>
         <input_file_ref idref="fl-2"/>
      </object_component>
      <object_component id="oc-8b">
         <name>.debug_info</name>
         <load_address>0x1836</load_address>
         <run_address>0x1836</run_address>
         <size>0x2c</size>
         <input_file_ref idref="fl-2"/>
      </object_component>
      <object_component id="oc-151">
         <name>.debug_info</name>
         <load_address>0x1862</load_address>
         <run_address>0x1862</run_address>
         <size>0x4f</size>
         <input_file_ref idref="fl-2"/>
      </object_component>
      <object_component id="oc-128">
         <name>.debug_info</name>
         <load_address>0x18b1</load_address>
         <run_address>0x18b1</run_address>
         <size>0x2a4</size>
         <input_file_ref idref="fl-2"/>
      </object_component>
      <object_component id="oc-27b">
         <name>.debug_info</name>
         <load_address>0x1b55</load_address>
         <run_address>0x1b55</run_address>
         <size>0xef</size>
         <input_file_ref idref="fl-2"/>
      </object_component>
      <object_component id="oc-9c">
         <name>.debug_info</name>
         <load_address>0x1c44</load_address>
         <run_address>0x1c44</run_address>
         <size>0xbb</size>
         <input_file_ref idref="fl-2"/>
      </object_component>
      <object_component id="oc-10d">
         <name>.debug_info</name>
         <load_address>0x1cff</load_address>
         <run_address>0x1cff</run_address>
         <size>0x53</size>
         <input_file_ref idref="fl-2"/>
      </object_component>
      <object_component id="oc-90">
         <name>.debug_info</name>
         <load_address>0x1d52</load_address>
         <run_address>0x1d52</run_address>
         <size>0x53</size>
         <input_file_ref idref="fl-2"/>
      </object_component>
      <object_component id="oc-20a">
         <name>.debug_info</name>
         <load_address>0x1da5</load_address>
         <run_address>0x1da5</run_address>
         <size>0x2c</size>
         <input_file_ref idref="fl-2"/>
      </object_component>
      <object_component id="oc-117">
         <name>.debug_info</name>
         <load_address>0x1dd1</load_address>
         <run_address>0x1dd1</run_address>
         <size>0x14c</size>
         <input_file_ref idref="fl-2"/>
      </object_component>
      <object_component id="oc-3a">
         <name>.debug_info</name>
         <load_address>0x1f1d</load_address>
         <run_address>0x1f1d</run_address>
         <size>0x324</size>
         <input_file_ref idref="fl-3"/>
      </object_component>
      <object_component id="oc-13">
         <name>.debug_info</name>
         <load_address>0x2241</load_address>
         <run_address>0x2241</run_address>
         <size>0xe3</size>
         <input_file_ref idref="fl-3"/>
      </object_component>
      <object_component id="oc-28">
         <name>.debug_info</name>
         <load_address>0x2324</load_address>
         <run_address>0x2324</run_address>
         <size>0x262</size>
         <input_file_ref idref="fl-3"/>
      </object_component>
      <object_component id="oc-41">
         <name>.debug_info</name>
         <load_address>0x2586</load_address>
         <run_address>0x2586</run_address>
         <size>0x84</size>
         <input_file_ref idref="fl-3"/>
      </object_component>
      <object_component id="oc-237">
         <name>.debug_info</name>
         <load_address>0x260a</load_address>
         <run_address>0x260a</run_address>
         <size>0x63d</size>
         <input_file_ref idref="fl-5"/>
      </object_component>
      <object_component id="oc-196">
         <name>.debug_info</name>
         <load_address>0x2c47</load_address>
         <run_address>0x2c47</run_address>
         <size>0x110</size>
         <input_file_ref idref="fl-5"/>
      </object_component>
      <object_component id="oc-1a5">
         <name>.debug_info</name>
         <load_address>0x2d57</load_address>
         <run_address>0x2d57</run_address>
         <size>0x461</size>
         <input_file_ref idref="fl-5"/>
      </object_component>
      <object_component id="oc-2a6">
         <name>.debug_info</name>
         <load_address>0x31b8</load_address>
         <run_address>0x31b8</run_address>
         <size>0x76</size>
         <input_file_ref idref="fl-5"/>
      </object_component>
      <object_component id="oc-2ab">
         <name>.debug_info</name>
         <load_address>0x322e</load_address>
         <run_address>0x322e</run_address>
         <size>0x39</size>
         <input_file_ref idref="fl-5"/>
      </object_component>
      <object_component id="oc-1b9">
         <name>.debug_info</name>
         <load_address>0x3267</load_address>
         <run_address>0x3267</run_address>
         <size>0x374</size>
         <input_file_ref idref="fl-6"/>
      </object_component>
      <object_component id="oc-e5">
         <name>.debug_info</name>
         <load_address>0x35db</load_address>
         <run_address>0x35db</run_address>
         <size>0x49e</size>
         <input_file_ref idref="fl-6"/>
      </object_component>
      <object_component id="oc-1ef">
         <name>.debug_info</name>
         <load_address>0x3a79</load_address>
         <run_address>0x3a79</run_address>
         <size>0x8dd</size>
         <input_file_ref idref="fl-7"/>
      </object_component>
      <object_component id="oc-13e">
         <name>.debug_info</name>
         <load_address>0x4356</load_address>
         <run_address>0x4356</run_address>
         <size>0x37cd</size>
         <input_file_ref idref="fl-7"/>
      </object_component>
      <object_component id="oc-255">
         <name>.debug_info</name>
         <load_address>0x7b23</load_address>
         <run_address>0x7b23</run_address>
         <size>0x23f</size>
         <input_file_ref idref="fl-7"/>
      </object_component>
      <object_component id="oc-1f2">
         <name>.debug_info</name>
         <load_address>0x7d62</load_address>
         <run_address>0x7d62</run_address>
         <size>0x46</size>
         <input_file_ref idref="fl-7"/>
      </object_component>
      <object_component id="oc-19b">
         <name>.debug_info</name>
         <load_address>0x7da8</load_address>
         <run_address>0x7da8</run_address>
         <size>0x35</size>
         <input_file_ref idref="fl-7"/>
      </object_component>
      <object_component id="oc-134">
         <name>.debug_info</name>
         <load_address>0x7ddd</load_address>
         <run_address>0x7ddd</run_address>
         <size>0x2c</size>
         <input_file_ref idref="fl-8"/>
      </object_component>
      <object_component id="oc-d6">
         <name>.debug_info</name>
         <load_address>0x7e09</load_address>
         <run_address>0x7e09</run_address>
         <size>0x7a8</size>
         <input_file_ref idref="fl-9"/>
      </object_component>
      <object_component id="oc-7a">
         <name>.debug_info</name>
         <load_address>0x85b1</load_address>
         <run_address>0x85b1</run_address>
         <size>0x339</size>
         <input_file_ref idref="fl-9"/>
      </object_component>
      <object_component id="oc-eb">
         <name>.debug_info</name>
         <load_address>0x88ea</load_address>
         <run_address>0x88ea</run_address>
         <size>0xe2</size>
         <input_file_ref idref="fl-9"/>
      </object_component>
      <object_component id="oc-103">
         <name>.debug_info</name>
         <load_address>0x89cc</load_address>
         <run_address>0x89cc</run_address>
         <size>0xe2</size>
         <input_file_ref idref="fl-9"/>
      </object_component>
      <object_component id="oc-106">
         <name>.debug_info</name>
         <load_address>0x8aae</load_address>
         <run_address>0x8aae</run_address>
         <size>0xe2</size>
         <input_file_ref idref="fl-9"/>
      </object_component>
      <object_component id="oc-f1">
         <name>.debug_info</name>
         <load_address>0x8b90</load_address>
         <run_address>0x8b90</run_address>
         <size>0x125</size>
         <input_file_ref idref="fl-9"/>
      </object_component>
      <object_component id="oc-fd">
         <name>.debug_info</name>
         <load_address>0x8cb5</load_address>
         <run_address>0x8cb5</run_address>
         <size>0xe2</size>
         <input_file_ref idref="fl-9"/>
      </object_component>
      <object_component id="oc-ee">
         <name>.debug_info</name>
         <load_address>0x8d97</load_address>
         <run_address>0x8d97</run_address>
         <size>0xf0</size>
         <input_file_ref idref="fl-9"/>
      </object_component>
      <object_component id="oc-f4">
         <name>.debug_info</name>
         <load_address>0x8e87</load_address>
         <run_address>0x8e87</run_address>
         <size>0xe4</size>
         <input_file_ref idref="fl-9"/>
      </object_component>
      <object_component id="oc-100">
         <name>.debug_info</name>
         <load_address>0x8f6b</load_address>
         <run_address>0x8f6b</run_address>
         <size>0xe3</size>
         <input_file_ref idref="fl-9"/>
      </object_component>
      <object_component id="oc-80">
         <name>.debug_info</name>
         <load_address>0x904e</load_address>
         <run_address>0x904e</run_address>
         <size>0x527e</size>
         <input_file_ref idref="fl-9"/>
      </object_component>
      <object_component id="oc-d7">
         <name>.debug_info</name>
         <load_address>0xe2cc</load_address>
         <run_address>0xe2cc</run_address>
         <size>0x30c</size>
         <input_file_ref idref="fl-9"/>
      </object_component>
      <object_component id="oc-1a0">
         <name>.debug_info</name>
         <load_address>0xe5d8</load_address>
         <run_address>0xe5d8</run_address>
         <size>0x145</size>
         <input_file_ref idref="fl-9"/>
      </object_component>
      <object_component id="oc-1d4">
         <name>.debug_info</name>
         <load_address>0xe71d</load_address>
         <run_address>0xe71d</run_address>
         <size>0x853</size>
         <input_file_ref idref="fl-a"/>
      </object_component>
      <object_component id="oc-1c9">
         <name>.debug_info</name>
         <load_address>0xef70</load_address>
         <run_address>0xef70</run_address>
         <size>0xe2</size>
         <input_file_ref idref="fl-a"/>
      </object_component>
      <object_component id="oc-1cc">
         <name>.debug_info</name>
         <load_address>0xf052</load_address>
         <run_address>0xf052</run_address>
         <size>0xe2</size>
         <input_file_ref idref="fl-a"/>
      </object_component>
      <object_component id="oc-1c6">
         <name>.debug_info</name>
         <load_address>0xf134</load_address>
         <run_address>0xf134</run_address>
         <size>0x11a</size>
         <input_file_ref idref="fl-a"/>
      </object_component>
      <object_component id="oc-1c3">
         <name>.debug_info</name>
         <load_address>0xf24e</load_address>
         <run_address>0xf24e</run_address>
         <size>0x106</size>
         <input_file_ref idref="fl-a"/>
      </object_component>
      <object_component id="oc-f7">
         <name>.debug_info</name>
         <load_address>0xf354</load_address>
         <run_address>0xf354</run_address>
         <size>0x1f82</size>
         <input_file_ref idref="fl-a"/>
      </object_component>
      <object_component id="oc-1d5">
         <name>.debug_info</name>
         <load_address>0x112d6</load_address>
         <run_address>0x112d6</run_address>
         <size>0x1ce</size>
         <input_file_ref idref="fl-a"/>
      </object_component>
      <object_component id="oc-1cf">
         <name>.debug_info</name>
         <load_address>0x114a4</load_address>
         <run_address>0x114a4</run_address>
         <size>0x46</size>
         <input_file_ref idref="fl-a"/>
      </object_component>
      <object_component id="oc-8a">
         <name>.debug_info</name>
         <load_address>0x114ea</load_address>
         <run_address>0x114ea</run_address>
         <size>0x40a</size>
         <input_file_ref idref="fl-b"/>
      </object_component>
      <object_component id="oc-7d">
         <name>.debug_info</name>
         <load_address>0x118f4</load_address>
         <run_address>0x118f4</run_address>
         <size>0x10f</size>
         <input_file_ref idref="fl-b"/>
      </object_component>
      <object_component id="oc-87">
         <name>.debug_info</name>
         <load_address>0x11a03</load_address>
         <run_address>0x11a03</run_address>
         <size>0xf6</size>
         <input_file_ref idref="fl-b"/>
      </object_component>
      <object_component id="oc-33">
         <name>.debug_info</name>
         <load_address>0x11af9</load_address>
         <run_address>0x11af9</run_address>
         <size>0x6a6</size>
         <input_file_ref idref="fl-b"/>
      </object_component>
      <object_component id="oc-2e">
         <name>.debug_info</name>
         <load_address>0x1219f</load_address>
         <run_address>0x1219f</run_address>
         <size>0x244</size>
         <input_file_ref idref="fl-c"/>
      </object_component>
      <object_component id="oc-1b7">
         <name>.debug_info</name>
         <load_address>0x123e3</load_address>
         <run_address>0x123e3</run_address>
         <size>0x44b</size>
         <input_file_ref idref="fl-d"/>
      </object_component>
      <object_component id="oc-1b4">
         <name>.debug_info</name>
         <load_address>0x1282e</load_address>
         <run_address>0x1282e</run_address>
         <size>0xdd</size>
         <input_file_ref idref="fl-d"/>
      </object_component>
      <object_component id="oc-1ae">
         <name>.debug_info</name>
         <load_address>0x1290b</load_address>
         <run_address>0x1290b</run_address>
         <size>0xdd</size>
         <input_file_ref idref="fl-d"/>
      </object_component>
      <object_component id="oc-1b1">
         <name>.debug_info</name>
         <load_address>0x129e8</load_address>
         <run_address>0x129e8</run_address>
         <size>0xd9</size>
         <input_file_ref idref="fl-d"/>
      </object_component>
      <object_component id="oc-1ab">
         <name>.debug_info</name>
         <load_address>0x12ac1</load_address>
         <run_address>0x12ac1</run_address>
         <size>0xf7</size>
         <input_file_ref idref="fl-d"/>
      </object_component>
      <object_component id="oc-df">
         <name>.debug_info</name>
         <load_address>0x12bb8</load_address>
         <run_address>0x12bb8</run_address>
         <size>0x7c7</size>
         <input_file_ref idref="fl-d"/>
      </object_component>
      <object_component id="oc-23c">
         <name>.debug_info</name>
         <load_address>0x1337f</load_address>
         <run_address>0x1337f</run_address>
         <size>0x62</size>
         <input_file_ref idref="fl-d"/>
      </object_component>
      <object_component id="oc-2b6">
         <name>.debug_info</name>
         <load_address>0x133e1</load_address>
         <run_address>0x133e1</run_address>
         <size>0x32f</size>
         <input_file_ref idref="fl-12"/>
      </object_component>
      <object_component id="oc-280">
         <name>.debug_info</name>
         <load_address>0x13710</load_address>
         <run_address>0x13710</run_address>
         <size>0x382</size>
         <input_file_ref idref="fl-1b"/>
      </object_component>
      <object_component id="oc-26c">
         <name>.debug_info</name>
         <load_address>0x13a92</load_address>
         <run_address>0x13a92</run_address>
         <size>0xf3</size>
         <input_file_ref idref="fl-1b"/>
      </object_component>
      <object_component id="oc-26f">
         <name>.debug_info</name>
         <load_address>0x13b85</load_address>
         <run_address>0x13b85</run_address>
         <size>0xf5</size>
         <input_file_ref idref="fl-1b"/>
      </object_component>
      <object_component id="oc-278">
         <name>.debug_info</name>
         <load_address>0x13c7a</load_address>
         <run_address>0x13c7a</run_address>
         <size>0xe7</size>
         <input_file_ref idref="fl-1b"/>
      </object_component>
      <object_component id="oc-210">
         <name>.debug_info</name>
         <load_address>0x13d61</load_address>
         <run_address>0x13d61</run_address>
         <size>0x3a2b</size>
         <input_file_ref idref="fl-1b"/>
      </object_component>
      <object_component id="oc-2d1">
         <name>.debug_info</name>
         <load_address>0x1778c</load_address>
         <run_address>0x1778c</run_address>
         <size>0x35f</size>
         <input_file_ref idref="fl-1e"/>
      </object_component>
      <object_component id="oc-2bf">
         <name>.debug_info</name>
         <load_address>0x17aeb</load_address>
         <run_address>0x17aeb</run_address>
         <size>0xe2</size>
         <input_file_ref idref="fl-1e"/>
      </object_component>
      <object_component id="oc-2c2">
         <name>.debug_info</name>
         <load_address>0x17bcd</load_address>
         <run_address>0x17bcd</run_address>
         <size>0xda</size>
         <input_file_ref idref="fl-1e"/>
      </object_component>
      <object_component id="oc-2c5">
         <name>.debug_info</name>
         <load_address>0x17ca7</load_address>
         <run_address>0x17ca7</run_address>
         <size>0xde</size>
         <input_file_ref idref="fl-1e"/>
      </object_component>
      <object_component id="oc-2c8">
         <name>.debug_info</name>
         <load_address>0x17d85</load_address>
         <run_address>0x17d85</run_address>
         <size>0xe4</size>
         <input_file_ref idref="fl-1e"/>
      </object_component>
      <object_component id="oc-2cb">
         <name>.debug_info</name>
         <load_address>0x17e69</load_address>
         <run_address>0x17e69</run_address>
         <size>0xe2</size>
         <input_file_ref idref="fl-1e"/>
      </object_component>
      <object_component id="oc-2ce">
         <name>.debug_info</name>
         <load_address>0x17f4b</load_address>
         <run_address>0x17f4b</run_address>
         <size>0xe6</size>
         <input_file_ref idref="fl-1e"/>
      </object_component>
      <object_component id="oc-2bc">
         <name>.debug_info</name>
         <load_address>0x18031</load_address>
         <run_address>0x18031</run_address>
         <size>0xe3</size>
         <input_file_ref idref="fl-1e"/>
      </object_component>
      <object_component id="oc-272">
         <name>.debug_info</name>
         <load_address>0x18114</load_address>
         <run_address>0x18114</run_address>
         <size>0xda3</size>
         <input_file_ref idref="fl-1e"/>
      </object_component>
      <object_component id="oc-216">
         <name>.debug_info</name>
         <load_address>0x18eb7</load_address>
         <run_address>0x18eb7</run_address>
         <size>0x2e5</size>
         <input_file_ref idref="fl-30"/>
      </object_component>
      <object_component id="oc-14a">
         <name>.debug_info</name>
         <load_address>0x1919c</load_address>
         <run_address>0x1919c</run_address>
         <size>0x476</size>
         <input_file_ref idref="fl-30"/>
      </object_component>
      <object_component id="oc-209">
         <name>.debug_info</name>
         <load_address>0x19612</load_address>
         <run_address>0x19612</run_address>
         <size>0x2bc</size>
         <input_file_ref idref="fl-31"/>
      </object_component>
      <object_component id="oc-1fb">
         <name>.debug_info</name>
         <load_address>0x198ce</load_address>
         <run_address>0x198ce</run_address>
         <size>0xd4</size>
         <input_file_ref idref="fl-31"/>
      </object_component>
      <object_component id="oc-206">
         <name>.debug_info</name>
         <load_address>0x199a2</load_address>
         <run_address>0x199a2</run_address>
         <size>0xce</size>
         <input_file_ref idref="fl-31"/>
      </object_component>
      <object_component id="oc-1fe">
         <name>.debug_info</name>
         <load_address>0x19a70</load_address>
         <run_address>0x19a70</run_address>
         <size>0xdc</size>
         <input_file_ref idref="fl-31"/>
      </object_component>
      <object_component id="oc-1f8">
         <name>.debug_info</name>
         <load_address>0x19b4c</load_address>
         <run_address>0x19b4c</run_address>
         <size>0xe0</size>
         <input_file_ref idref="fl-31"/>
      </object_component>
      <object_component id="oc-144">
         <name>.debug_info</name>
         <load_address>0x19c2c</load_address>
         <run_address>0x19c2c</run_address>
         <size>0x7b4</size>
         <input_file_ref idref="fl-31"/>
      </object_component>
      <object_component id="oc-47">
         <name>.debug_info</name>
         <load_address>0x1a3e0</load_address>
         <run_address>0x1a3e0</run_address>
         <size>0x119</size>
         <input_file_ref idref="fl-ed"/>
      </object_component>
      <object_component id="oc-b7">
         <name>.debug_info</name>
         <load_address>0x1a4f9</load_address>
         <run_address>0x1a4f9</run_address>
         <size>0x147</size>
         <input_file_ref idref="fl-ee"/>
      </object_component>
      <object_component id="oc-201">
         <name>.debug_info</name>
         <load_address>0x1a640</load_address>
         <run_address>0x1a640</run_address>
         <size>0x142</size>
         <input_file_ref idref="fl-ef"/>
      </object_component>
      <object_component id="oc-b5">
         <name>.debug_info</name>
         <load_address>0x1a782</load_address>
         <run_address>0x1a782</run_address>
         <size>0x2d4</size>
         <input_file_ref idref="fl-f0"/>
      </object_component>
      <object_component id="oc-59">
         <name>.debug_info</name>
         <load_address>0x1aa56</load_address>
         <run_address>0x1aa56</run_address>
         <size>0x1b5</size>
         <input_file_ref idref="fl-f0"/>
      </object_component>
      <object_component id="oc-b0">
         <name>.debug_info</name>
         <load_address>0x1ac0b</load_address>
         <run_address>0x1ac0b</run_address>
         <size>0x46</size>
         <input_file_ref idref="fl-f0"/>
      </object_component>
      <object_component id="oc-51">
         <name>.debug_info</name>
         <load_address>0x1ac51</load_address>
         <run_address>0x1ac51</run_address>
         <size>0x2a8</size>
         <input_file_ref idref="fl-f1"/>
      </object_component>
      <object_component id="oc-1c">
         <name>.debug_info</name>
         <load_address>0x1aef9</load_address>
         <run_address>0x1aef9</run_address>
         <size>0x1ea</size>
         <input_file_ref idref="fl-f1"/>
      </object_component>
      <object_component id="oc-4c">
         <name>.debug_info</name>
         <load_address>0x1b0e3</load_address>
         <run_address>0x1b0e3</run_address>
         <size>0x46</size>
         <input_file_ref idref="fl-f1"/>
      </object_component>
      <object_component id="oc-a8">
         <name>.debug_info</name>
         <load_address>0x1b129</load_address>
         <run_address>0x1b129</run_address>
         <size>0x2c</size>
         <input_file_ref idref="fl-f1"/>
      </object_component>
      <object_component id="oc-a6">
         <name>.debug_info</name>
         <load_address>0x1b155</load_address>
         <run_address>0x1b155</run_address>
         <size>0x29e</size>
         <input_file_ref idref="fl-f2"/>
      </object_component>
      <object_component id="oc-16">
         <name>.debug_info</name>
         <load_address>0x1b3f3</load_address>
         <run_address>0x1b3f3</run_address>
         <size>0x250</size>
         <input_file_ref idref="fl-f2"/>
      </object_component>
      <object_component id="oc-3c">
         <name>.debug_info</name>
         <load_address>0x1b643</load_address>
         <run_address>0x1b643</run_address>
         <size>0x60</size>
         <input_file_ref idref="fl-f2"/>
      </object_component>
      <object_component id="oc-12d">
         <name>.debug_info</name>
         <load_address>0x1b6a3</load_address>
         <run_address>0x1b6a3</run_address>
         <size>0x46</size>
         <input_file_ref idref="fl-f2"/>
      </object_component>
      <object_component id="oc-a1">
         <name>.debug_info</name>
         <load_address>0x1b6e9</load_address>
         <run_address>0x1b6e9</run_address>
         <size>0x39</size>
         <input_file_ref idref="fl-f2"/>
      </object_component>
      <object_component id="oc-25">
         <name>.debug_info</name>
         <load_address>0x1b722</load_address>
         <run_address>0x1b722</run_address>
         <size>0x10b</size>
         <input_file_ref idref="fl-f3"/>
      </object_component>
      <object_component id="oc-65">
         <name>.debug_info</name>
         <load_address>0x1b82d</load_address>
         <run_address>0x1b82d</run_address>
         <size>0x1a9</size>
         <input_file_ref idref="fl-f3"/>
      </object_component>
      <object_component id="oc-261">
         <name>.debug_info</name>
         <load_address>0x1b9d6</load_address>
         <run_address>0x1b9d6</run_address>
         <size>0x115</size>
         <input_file_ref idref="fl-f4"/>
      </object_component>
      <object_component id="oc-222">
         <name>.debug_info</name>
         <load_address>0x1baeb</load_address>
         <run_address>0x1baeb</run_address>
         <size>0x4b3</size>
         <input_file_ref idref="fl-f5"/>
      </object_component>
      <object_component id="oc-163">
         <name>.debug_info</name>
         <load_address>0x1bf9e</load_address>
         <run_address>0x1bf9e</run_address>
         <size>0x1a6</size>
         <input_file_ref idref="fl-f5"/>
      </object_component>
      <object_component id="oc-293">
         <name>.debug_info</name>
         <load_address>0x1c144</load_address>
         <run_address>0x1c144</run_address>
         <size>0x39</size>
         <input_file_ref idref="fl-f5"/>
      </object_component>
      <object_component id="oc-2d9">
         <name>.debug_info</name>
         <load_address>0x1c17d</load_address>
         <run_address>0x1c17d</run_address>
         <size>0x39</size>
         <input_file_ref idref="fl-f5"/>
      </object_component>
      <object_component id="oc-298">
         <name>.debug_info</name>
         <load_address>0x1c1b6</load_address>
         <run_address>0x1c1b6</run_address>
         <size>0x39</size>
         <input_file_ref idref="fl-f5"/>
      </object_component>
      <object_component id="oc-29d">
         <name>.debug_info</name>
         <load_address>0x1c1ef</load_address>
         <run_address>0x1c1ef</run_address>
         <size>0xcd</size>
         <input_file_ref idref="fl-f5"/>
      </object_component>
      <object_component id="oc-bd">
         <name>.debug_info</name>
         <load_address>0x1c2bc</load_address>
         <run_address>0x1c2bc</run_address>
         <size>0x153</size>
         <input_file_ref idref="fl-f6"/>
      </object_component>
      <object_component id="oc-157">
         <name>.debug_info</name>
         <load_address>0x1c40f</load_address>
         <run_address>0x1c40f</run_address>
         <size>0x122</size>
         <input_file_ref idref="fl-f8"/>
      </object_component>
      <object_component id="oc-326">
         <name>.debug_info</name>
         <load_address>0x1c531</load_address>
         <run_address>0x1c531</run_address>
         <size>0x95</size>
      </object_component>
      <object_component id="oc-1e3">
         <name>.debug_line</name>
         <load_address>0x0</load_address>
         <run_address>0x0</run_address>
         <size>0x10d</size>
         <input_file_ref idref="fl-2"/>
      </object_component>
      <object_component id="oc-c6">
         <name>.debug_line</name>
         <load_address>0x10d</load_address>
         <run_address>0x10d</run_address>
         <size>0xe9</size>
         <input_file_ref idref="fl-2"/>
      </object_component>
      <object_component id="oc-115">
         <name>.debug_line</name>
         <load_address>0x1f6</load_address>
         <run_address>0x1f6</run_address>
         <size>0x5a</size>
         <input_file_ref idref="fl-2"/>
      </object_component>
      <object_component id="oc-9a">
         <name>.debug_line</name>
         <load_address>0x250</load_address>
         <run_address>0x250</run_address>
         <size>0x78</size>
         <input_file_ref idref="fl-2"/>
      </object_component>
      <object_component id="oc-11f">
         <name>.debug_line</name>
         <load_address>0x2c8</load_address>
         <run_address>0x2c8</run_address>
         <size>0x5e</size>
         <input_file_ref idref="fl-2"/>
      </object_component>
      <object_component id="oc-1e7">
         <name>.debug_line</name>
         <load_address>0x326</load_address>
         <run_address>0x326</run_address>
         <size>0x5b</size>
         <input_file_ref idref="fl-2"/>
      </object_component>
      <object_component id="oc-1ec">
         <name>.debug_line</name>
         <load_address>0x381</load_address>
         <run_address>0x381</run_address>
         <size>0x5c</size>
         <input_file_ref idref="fl-2"/>
      </object_component>
      <object_component id="oc-126">
         <name>.debug_line</name>
         <load_address>0x3dd</load_address>
         <run_address>0x3dd</run_address>
         <size>0x20</size>
         <input_file_ref idref="fl-2"/>
      </object_component>
      <object_component id="oc-8e">
         <name>.debug_line</name>
         <load_address>0x3fd</load_address>
         <run_address>0x3fd</run_address>
         <size>0x5e</size>
         <input_file_ref idref="fl-2"/>
      </object_component>
      <object_component id="oc-154">
         <name>.debug_line</name>
         <load_address>0x45b</load_address>
         <run_address>0x45b</run_address>
         <size>0x5c</size>
         <input_file_ref idref="fl-2"/>
      </object_component>
      <object_component id="oc-12b">
         <name>.debug_line</name>
         <load_address>0x4b7</load_address>
         <run_address>0x4b7</run_address>
         <size>0x7c</size>
         <input_file_ref idref="fl-2"/>
      </object_component>
      <object_component id="oc-27e">
         <name>.debug_line</name>
         <load_address>0x533</load_address>
         <run_address>0x533</run_address>
         <size>0x78</size>
         <input_file_ref idref="fl-2"/>
      </object_component>
      <object_component id="oc-9f">
         <name>.debug_line</name>
         <load_address>0x5ab</load_address>
         <run_address>0x5ab</run_address>
         <size>0x79</size>
         <input_file_ref idref="fl-2"/>
      </object_component>
      <object_component id="oc-110">
         <name>.debug_line</name>
         <load_address>0x624</load_address>
         <run_address>0x624</run_address>
         <size>0x74</size>
         <input_file_ref idref="fl-2"/>
      </object_component>
      <object_component id="oc-93">
         <name>.debug_line</name>
         <load_address>0x698</load_address>
         <run_address>0x698</run_address>
         <size>0x6d</size>
         <input_file_ref idref="fl-2"/>
      </object_component>
      <object_component id="oc-20d">
         <name>.debug_line</name>
         <load_address>0x705</load_address>
         <run_address>0x705</run_address>
         <size>0x74</size>
         <input_file_ref idref="fl-2"/>
      </object_component>
      <object_component id="oc-11a">
         <name>.debug_line</name>
         <load_address>0x779</load_address>
         <run_address>0x779</run_address>
         <size>0x5a</size>
         <input_file_ref idref="fl-2"/>
      </object_component>
      <object_component id="oc-96">
         <name>.debug_line</name>
         <load_address>0x7d3</load_address>
         <run_address>0x7d3</run_address>
         <size>0x42</size>
         <input_file_ref idref="fl-3"/>
      </object_component>
      <object_component id="oc-39">
         <name>.debug_line</name>
         <load_address>0x815</load_address>
         <run_address>0x815</run_address>
         <size>0x42</size>
         <input_file_ref idref="fl-3"/>
      </object_component>
      <object_component id="oc-2b">
         <name>.debug_line</name>
         <load_address>0x857</load_address>
         <run_address>0x857</run_address>
         <size>0xa2</size>
         <input_file_ref idref="fl-3"/>
      </object_component>
      <object_component id="oc-44">
         <name>.debug_line</name>
         <load_address>0x8f9</load_address>
         <run_address>0x8f9</run_address>
         <size>0x20</size>
         <input_file_ref idref="fl-3"/>
      </object_component>
      <object_component id="oc-2a5">
         <name>.debug_line</name>
         <load_address>0x919</load_address>
         <run_address>0x919</run_address>
         <size>0x11f</size>
         <input_file_ref idref="fl-5"/>
      </object_component>
      <object_component id="oc-199">
         <name>.debug_line</name>
         <load_address>0xa38</load_address>
         <run_address>0xa38</run_address>
         <size>0x74</size>
         <input_file_ref idref="fl-5"/>
      </object_component>
      <object_component id="oc-1a8">
         <name>.debug_line</name>
         <load_address>0xaac</load_address>
         <run_address>0xaac</run_address>
         <size>0x5e</size>
         <input_file_ref idref="fl-5"/>
      </object_component>
      <object_component id="oc-2a9">
         <name>.debug_line</name>
         <load_address>0xb0a</load_address>
         <run_address>0xb0a</run_address>
         <size>0x3e</size>
         <input_file_ref idref="fl-5"/>
      </object_component>
      <object_component id="oc-2ae">
         <name>.debug_line</name>
         <load_address>0xb48</load_address>
         <run_address>0xb48</run_address>
         <size>0x62</size>
         <input_file_ref idref="fl-5"/>
      </object_component>
      <object_component id="oc-248">
         <name>.debug_line</name>
         <load_address>0xbaa</load_address>
         <run_address>0xbaa</run_address>
         <size>0x20</size>
         <input_file_ref idref="fl-6"/>
      </object_component>
      <object_component id="oc-e8">
         <name>.debug_line</name>
         <load_address>0xbca</load_address>
         <run_address>0xbca</run_address>
         <size>0xe9</size>
         <input_file_ref idref="fl-6"/>
      </object_component>
      <object_component id="oc-254">
         <name>.debug_line</name>
         <load_address>0xcb3</load_address>
         <run_address>0xcb3</run_address>
         <size>0x136</size>
         <input_file_ref idref="fl-7"/>
      </object_component>
      <object_component id="oc-141">
         <name>.debug_line</name>
         <load_address>0xde9</load_address>
         <run_address>0xde9</run_address>
         <size>0x89d</size>
         <input_file_ref idref="fl-7"/>
      </object_component>
      <object_component id="oc-258">
         <name>.debug_line</name>
         <load_address>0x1686</load_address>
         <run_address>0x1686</run_address>
         <size>0x37</size>
         <input_file_ref idref="fl-7"/>
      </object_component>
      <object_component id="oc-1f5">
         <name>.debug_line</name>
         <load_address>0x16bd</load_address>
         <run_address>0x16bd</run_address>
         <size>0x5b</size>
         <input_file_ref idref="fl-7"/>
      </object_component>
      <object_component id="oc-19e">
         <name>.debug_line</name>
         <load_address>0x1718</load_address>
         <run_address>0x1718</run_address>
         <size>0x7d</size>
         <input_file_ref idref="fl-7"/>
      </object_component>
      <object_component id="oc-137">
         <name>.debug_line</name>
         <load_address>0x1795</load_address>
         <run_address>0x1795</run_address>
         <size>0x74</size>
         <input_file_ref idref="fl-8"/>
      </object_component>
      <object_component id="oc-195">
         <name>.debug_line</name>
         <load_address>0x1809</load_address>
         <run_address>0x1809</run_address>
         <size>0x175</size>
         <input_file_ref idref="fl-9"/>
      </object_component>
      <object_component id="oc-d5">
         <name>.debug_line</name>
         <load_address>0x197e</load_address>
         <run_address>0x197e</run_address>
         <size>0x37</size>
         <input_file_ref idref="fl-9"/>
      </object_component>
      <object_component id="oc-1bb">
         <name>.debug_line</name>
         <load_address>0x19b5</load_address>
         <run_address>0x19b5</run_address>
         <size>0x37</size>
         <input_file_ref idref="fl-9"/>
      </object_component>
      <object_component id="oc-1df">
         <name>.debug_line</name>
         <load_address>0x19ec</load_address>
         <run_address>0x19ec</run_address>
         <size>0x37</size>
         <input_file_ref idref="fl-9"/>
      </object_component>
      <object_component id="oc-1e1">
         <name>.debug_line</name>
         <load_address>0x1a23</load_address>
         <run_address>0x1a23</run_address>
         <size>0x37</size>
         <input_file_ref idref="fl-9"/>
      </object_component>
      <object_component id="oc-1bf">
         <name>.debug_line</name>
         <load_address>0x1a5a</load_address>
         <run_address>0x1a5a</run_address>
         <size>0x37</size>
         <input_file_ref idref="fl-9"/>
      </object_component>
      <object_component id="oc-1db">
         <name>.debug_line</name>
         <load_address>0x1a91</load_address>
         <run_address>0x1a91</run_address>
         <size>0x37</size>
         <input_file_ref idref="fl-9"/>
      </object_component>
      <object_component id="oc-1bd">
         <name>.debug_line</name>
         <load_address>0x1ac8</load_address>
         <run_address>0x1ac8</run_address>
         <size>0x37</size>
         <input_file_ref idref="fl-9"/>
      </object_component>
      <object_component id="oc-1c1">
         <name>.debug_line</name>
         <load_address>0x1aff</load_address>
         <run_address>0x1aff</run_address>
         <size>0x37</size>
         <input_file_ref idref="fl-9"/>
      </object_component>
      <object_component id="oc-1dd">
         <name>.debug_line</name>
         <load_address>0x1b36</load_address>
         <run_address>0x1b36</run_address>
         <size>0x37</size>
         <input_file_ref idref="fl-9"/>
      </object_component>
      <object_component id="oc-83">
         <name>.debug_line</name>
         <load_address>0x1b6d</load_address>
         <run_address>0x1b6d</run_address>
         <size>0xd19</size>
         <input_file_ref idref="fl-9"/>
      </object_component>
      <object_component id="oc-da">
         <name>.debug_line</name>
         <load_address>0x2886</load_address>
         <run_address>0x2886</run_address>
         <size>0x5a</size>
         <input_file_ref idref="fl-9"/>
      </object_component>
      <object_component id="oc-1a3">
         <name>.debug_line</name>
         <load_address>0x28e0</load_address>
         <run_address>0x28e0</run_address>
         <size>0x37</size>
         <input_file_ref idref="fl-9"/>
      </object_component>
      <object_component id="oc-252">
         <name>.debug_line</name>
         <load_address>0x2917</load_address>
         <run_address>0x2917</run_address>
         <size>0x15a</size>
         <input_file_ref idref="fl-a"/>
      </object_component>
      <object_component id="oc-24e">
         <name>.debug_line</name>
         <load_address>0x2a71</load_address>
         <run_address>0x2a71</run_address>
         <size>0x38</size>
         <input_file_ref idref="fl-a"/>
      </object_component>
      <object_component id="oc-250">
         <name>.debug_line</name>
         <load_address>0x2aa9</load_address>
         <run_address>0x2aa9</run_address>
         <size>0x38</size>
         <input_file_ref idref="fl-a"/>
      </object_component>
      <object_component id="oc-24c">
         <name>.debug_line</name>
         <load_address>0x2ae1</load_address>
         <run_address>0x2ae1</run_address>
         <size>0x38</size>
         <input_file_ref idref="fl-a"/>
      </object_component>
      <object_component id="oc-24a">
         <name>.debug_line</name>
         <load_address>0x2b19</load_address>
         <run_address>0x2b19</run_address>
         <size>0x38</size>
         <input_file_ref idref="fl-a"/>
      </object_component>
      <object_component id="oc-fa">
         <name>.debug_line</name>
         <load_address>0x2b51</load_address>
         <run_address>0x2b51</run_address>
         <size>0x491</size>
         <input_file_ref idref="fl-a"/>
      </object_component>
      <object_component id="oc-1d8">
         <name>.debug_line</name>
         <load_address>0x2fe2</load_address>
         <run_address>0x2fe2</run_address>
         <size>0x38</size>
         <input_file_ref idref="fl-a"/>
      </object_component>
      <object_component id="oc-1d2">
         <name>.debug_line</name>
         <load_address>0x301a</load_address>
         <run_address>0x301a</run_address>
         <size>0x5c</size>
         <input_file_ref idref="fl-a"/>
      </object_component>
      <object_component id="oc-10c">
         <name>.debug_line</name>
         <load_address>0x3076</load_address>
         <run_address>0x3076</run_address>
         <size>0x86</size>
         <input_file_ref idref="fl-b"/>
      </object_component>
      <object_component id="oc-dd">
         <name>.debug_line</name>
         <load_address>0x30fc</load_address>
         <run_address>0x30fc</run_address>
         <size>0x4c</size>
         <input_file_ref idref="fl-b"/>
      </object_component>
      <object_component id="oc-10a">
         <name>.debug_line</name>
         <load_address>0x3148</load_address>
         <run_address>0x3148</run_address>
         <size>0x4c</size>
         <input_file_ref idref="fl-b"/>
      </object_component>
      <object_component id="oc-36">
         <name>.debug_line</name>
         <load_address>0x3194</load_address>
         <run_address>0x3194</run_address>
         <size>0x14e</size>
         <input_file_ref idref="fl-b"/>
      </object_component>
      <object_component id="oc-31">
         <name>.debug_line</name>
         <load_address>0x32e2</load_address>
         <run_address>0x32e2</run_address>
         <size>0xe1</size>
         <input_file_ref idref="fl-c"/>
      </object_component>
      <object_component id="oc-246">
         <name>.debug_line</name>
         <load_address>0x33c3</load_address>
         <run_address>0x33c3</run_address>
         <size>0xae</size>
         <input_file_ref idref="fl-d"/>
      </object_component>
      <object_component id="oc-244">
         <name>.debug_line</name>
         <load_address>0x3471</load_address>
         <run_address>0x3471</run_address>
         <size>0x49</size>
         <input_file_ref idref="fl-d"/>
      </object_component>
      <object_component id="oc-23b">
         <name>.debug_line</name>
         <load_address>0x34ba</load_address>
         <run_address>0x34ba</run_address>
         <size>0x49</size>
         <input_file_ref idref="fl-d"/>
      </object_component>
      <object_component id="oc-242">
         <name>.debug_line</name>
         <load_address>0x3503</load_address>
         <run_address>0x3503</run_address>
         <size>0x49</size>
         <input_file_ref idref="fl-d"/>
      </object_component>
      <object_component id="oc-239">
         <name>.debug_line</name>
         <load_address>0x354c</load_address>
         <run_address>0x354c</run_address>
         <size>0x49</size>
         <input_file_ref idref="fl-d"/>
      </object_component>
      <object_component id="oc-e2">
         <name>.debug_line</name>
         <load_address>0x3595</load_address>
         <run_address>0x3595</run_address>
         <size>0x151</size>
         <input_file_ref idref="fl-d"/>
      </object_component>
      <object_component id="oc-23f">
         <name>.debug_line</name>
         <load_address>0x36e6</load_address>
         <run_address>0x36e6</run_address>
         <size>0x49</size>
         <input_file_ref idref="fl-d"/>
      </object_component>
      <object_component id="oc-2b9">
         <name>.debug_line</name>
         <load_address>0x372f</load_address>
         <run_address>0x372f</run_address>
         <size>0xd9</size>
         <input_file_ref idref="fl-12"/>
      </object_component>
      <object_component id="oc-2d5">
         <name>.debug_line</name>
         <load_address>0x3808</load_address>
         <run_address>0x3808</run_address>
         <size>0x8c</size>
         <input_file_ref idref="fl-1b"/>
      </object_component>
      <object_component id="oc-2b2">
         <name>.debug_line</name>
         <load_address>0x3894</load_address>
         <run_address>0x3894</run_address>
         <size>0x37</size>
         <input_file_ref idref="fl-1b"/>
      </object_component>
      <object_component id="oc-2b4">
         <name>.debug_line</name>
         <load_address>0x38cb</load_address>
         <run_address>0x38cb</run_address>
         <size>0x37</size>
         <input_file_ref idref="fl-1b"/>
      </object_component>
      <object_component id="oc-2d3">
         <name>.debug_line</name>
         <load_address>0x3902</load_address>
         <run_address>0x3902</run_address>
         <size>0x37</size>
         <input_file_ref idref="fl-1b"/>
      </object_component>
      <object_component id="oc-213">
         <name>.debug_line</name>
         <load_address>0x3939</load_address>
         <run_address>0x3939</run_address>
         <size>0x6c4</size>
         <input_file_ref idref="fl-1b"/>
      </object_component>
      <object_component id="oc-2f5">
         <name>.debug_line</name>
         <load_address>0x3ffd</load_address>
         <run_address>0x3ffd</run_address>
         <size>0x86</size>
         <input_file_ref idref="fl-1e"/>
      </object_component>
      <object_component id="oc-2e9">
         <name>.debug_line</name>
         <load_address>0x4083</load_address>
         <run_address>0x4083</run_address>
         <size>0x3c</size>
         <input_file_ref idref="fl-1e"/>
      </object_component>
      <object_component id="oc-2eb">
         <name>.debug_line</name>
         <load_address>0x40bf</load_address>
         <run_address>0x40bf</run_address>
         <size>0x3c</size>
         <input_file_ref idref="fl-1e"/>
      </object_component>
      <object_component id="oc-2ed">
         <name>.debug_line</name>
         <load_address>0x40fb</load_address>
         <run_address>0x40fb</run_address>
         <size>0x3c</size>
         <input_file_ref idref="fl-1e"/>
      </object_component>
      <object_component id="oc-2ef">
         <name>.debug_line</name>
         <load_address>0x4137</load_address>
         <run_address>0x4137</run_address>
         <size>0x3c</size>
         <input_file_ref idref="fl-1e"/>
      </object_component>
      <object_component id="oc-2f1">
         <name>.debug_line</name>
         <load_address>0x4173</load_address>
         <run_address>0x4173</run_address>
         <size>0x3c</size>
         <input_file_ref idref="fl-1e"/>
      </object_component>
      <object_component id="oc-2f3">
         <name>.debug_line</name>
[...]
         <value>0x64f4</value>
         <object_component_ref idref="oc-7c"/>
      </symbol>
      <symbol id="sm-531">
         <name>vPortSetupTimerInterrupt</name>
         <value>0x5cab</value>
         <object_component_ref idref="oc-32"/>
      </symbol>
      <symbol id="sm-532">
         <name>vPortEndScheduler</name>
         <value>0x5c4d</value>
         <object_component_ref idref="oc-32"/>
      </symbol>
      <symbol id="sm-533">
         <name>xPortSysTickHandler</name>
         <value>0x5c85</value>
         <object_component_ref idref="oc-32"/>
      </symbol>
      <symbol id="sm-534">
         <name>pxPortInitialiseStack</name>
         <value>0x5bad</value>
         <object_component_ref idref="oc-32"/>
      </symbol>
      <symbol id="sm-535">
         <name>vPortExitCritical</name>
         <value>0x5c6f</value>
         <object_component_ref idref="oc-32"/>
      </symbol>
      <symbol id="sm-536">
         <name>xPortStartScheduler</name>
         <value>0x5c17</value>
         <object_component_ref idref="oc-32"/>
      </symbol>
      <symbol id="sm-537">
         <name>vPortEnterCritical</name>
         <value>0x5c4f</value>
         <object_component_ref idref="oc-32"/>
      </symbol>
      <symbol id="sm-546">
         <name>vPortStartFirstTask</name>
         <value>0x5ebd</value>
         <object_component_ref idref="oc-2d"/>
      </symbol>
      <symbol id="sm-547">
         <name>ulPortGetIPSR</name>
         <value>0x5e25</value>
         <object_component_ref idref="oc-2d"/>
      </symbol>
      <symbol id="sm-548">
         <name>vPortEnableVFP</name>
         <value>0x5ee1</value>
         <object_component_ref idref="oc-2d"/>
      </symbol>
      <symbol id="sm-549">
         <name>xPortPendSVHandler</name>
         <value>0x5e3d</value>
         <object_component_ref idref="oc-2d"/>
      </symbol>
      <symbol id="sm-54a">
         <name>vPortSVCHandler</name>
         <value>0x5e9d</value>
         <object_component_ref idref="oc-2d"/>
      </symbol>
      <symbol id="sm-59b">
         <name>vPortInitialiseBlocks</name>
         <value>0x593f</value>
         <object_component_ref idref="oc-de"/>
      </symbol>
      <symbol id="sm-59c">
         <name>xPortGetFreeHeapSize</name>
         <value>0x5939</value>
         <object_component_ref idref="oc-de"/>
      </symbol>
      <symbol id="sm-59d">
         <name>pvPortCalloc</name>
         <value>0x5941</value>
         <object_component_ref idref="oc-de"/>
      </symbol>
      <symbol id="sm-59e">
         <name>pvPortMalloc</name>
         <value>0x5795</value>
         <object_component_ref idref="oc-de"/>
      </symbol>
      <symbol id="sm-59f">
         <name>vPortFree</name>
         <value>0x58bb</value>
         <object_component_ref idref="oc-de"/>
      </symbol>
      <symbol id="sm-5b2">
         <name>CPUbasepriGet</name>
         <value>0x6125</value>
         <object_component_ref idref="oc-2b5"/>
      </symbol>
      <symbol id="sm-5b3">
         <name>CPUbasepriSet</name>
         <value>0x6117</value>
         <object_component_ref idref="oc-2b5"/>
      </symbol>
      <symbol id="sm-5b4">
         <name>CPUprimask</name>
         <value>0x60fd</value>
         <object_component_ref idref="oc-2b5"/>
      </symbol>
      <symbol id="sm-5b5">
         <name>CPUcpsie</name>
         <value>0x6107</value>
         <object_component_ref idref="oc-2b5"/>
      </symbol>
      <symbol id="sm-5b6">
         <name>CPUcpsid</name>
         <value>0x60f1</value>
         <object_component_ref idref="oc-2b5"/>
      </symbol>
      <symbol id="sm-5b7">
         <name>CPUwfi</name>
         <value>0x6113</value>
         <object_component_ref idref="oc-2b5"/>
      </symbol>
      <symbol id="sm-6ec">
         <name>GPIOPinTypePWM</name>
         <value>0x3229</value>
         <object_component_ref idref="oc-20f"/>
      </symbol>
      <symbol id="sm-6ed">
         <name>GPIOIntRegister</name>
         <value>0x2d1f</value>
         <object_component_ref idref="oc-20f"/>
      </symbol>
      <symbol id="sm-6ee">
         <name>GPIOPinConfigure</name>
         <value>0x345d</value>
         <object_component_ref idref="oc-20f"/>
      </symbol>
      <symbol id="sm-6ef">
         <name>GPIOPinTypeGPIOOutputOD</name>
         <value>0x30e5</value>
         <object_component_ref idref="oc-20f"/>
      </symbol>
      <symbol id="sm-6f0">
         <name>GPIOPinTypeI2CSCL</name>
         <value>0x3187</value>
         <object_component_ref idref="oc-20f"/>
      </symbol>
      <symbol id="sm-6f1">
         <name>GPIOPinTypeUSBAnalog</name>
         <value>0x3371</value>
         <object_component_ref idref="oc-20f"/>
      </symbol>
      <symbol id="sm-6f2">
         <name>GPIOIntDisable</name>
         <value>0x2ca5</value>
         <object_component_ref idref="oc-20f"/>
      </symbol>
      <symbol id="sm-6f3">
         <name>GPIODirModeGet</name>
         <value>0x252d</value>
         <object_component_ref idref="oc-20f"/>
      </symbol>
      <symbol id="sm-6f4">
         <name>GPIOPinTypeTrace</name>
         <value>0x3301</value>
         <object_component_ref idref="oc-20f"/>
      </symbol>
      <symbol id="sm-6f5">
         <name>GPIOPinTypeWakeHigh</name>
         <value>0x33dd</value>
         <object_component_ref idref="oc-20f"/>
      </symbol>
      <symbol id="sm-6f6">
         <name>GPIOPinTypeWakeLow</name>
         <value>0x3415</value>
         <object_component_ref idref="oc-20f"/>
      </symbol>
      <symbol id="sm-6f7">
         <name>GPIOIntEnable</name>
         <value>0x2c7d</value>
         <object_component_ref idref="oc-20f"/>
      </symbol>
      <symbol id="sm-6f8">
         <name>GPIOPinTypeI2C</name>
         <value>0x3151</value>
         <object_component_ref idref="oc-20f"/>
      </symbol>
      <symbol id="sm-6f9">
         <name>GPIOPinTypeUSBDigital</name>
         <value>0x33a7</value>
         <object_component_ref idref="oc-20f"/>
      </symbol>
      <symbol id="sm-6fa">
         <name>GPIOIntTypeSet</name>
         <value>0x2601</value>
         <object_component_ref idref="oc-20f"/>
      </symbol>
      <symbol id="sm-6fb">
         <name>GPIOPinTypeADC</name>
         <value>0x2ebb</value>
         <object_component_ref idref="oc-20f"/>
      </symbol>
      <symbol id="sm-6fc">
         <name>GPIODMATriggerDisable</name>
         <value>0x350f</value>
         <object_component_ref idref="oc-20f"/>
      </symbol>
      <symbol id="sm-6fd">
         <name>GPIOPinTypeGPIOInput</name>
         <value>0x3079</value>
         <object_component_ref idref="oc-20f"/>
      </symbol>
      <symbol id="sm-6fe">
         <name>GPIOIntUnregisterPin</name>
         <value>0x2e15</value>
         <object_component_ref idref="oc-20f"/>
      </symbol>
      <symbol id="sm-6ff">
         <name>GPIOIntUnregister</name>
         <value>0x2d5d</value>
         <object_component_ref idref="oc-20f"/>
      </symbol>
      <symbol id="sm-700">
         <name>GPIOPinTypeComparator</name>
         <value>0x2f27</value>
         <object_component_ref idref="oc-20f"/>
      </symbol>
      <symbol id="sm-701">
         <name>GPIOPinTypeComparatorOutput</name>
         <value>0x2f5d</value>
         <object_component_ref idref="oc-20f"/>
      </symbol>
      <symbol id="sm-702">
         <name>GPIOPadConfigGet</name>
         <value>0x2ae9</value>
         <object_component_ref idref="oc-20f"/>
      </symbol>
      <symbol id="sm-703">
         <name>GPIOPinTypeOneWire</name>
         <value>0x31f3</value>
         <object_component_ref idref="oc-20f"/>
      </symbol>
      <symbol id="sm-704">
         <name>GPIOIntClear</name>
         <value>0x2cfd</value>
         <object_component_ref idref="oc-20f"/>
      </symbol>
      <symbol id="sm-705">
         <name>GPIOADCTriggerEnable</name>
         <value>0x353b</value>
         <object_component_ref idref="oc-20f"/>
      </symbol>
      <symbol id="sm-706">
         <name>GPIOADCTriggerDisable</name>
         <value>0x3567</value>
         <object_component_ref idref="oc-20f"/>
      </symbol>
      <symbol id="sm-707">
         <name>GPIOPinTypeUART</name>
         <value>0x3337</value>
         <object_component_ref idref="oc-20f"/>
      </symbol>
      <symbol id="sm-708">
         <name>GPIOIntRegisterPin</name>
         <value>0x2d9d</value>
         <object_component_ref idref="oc-20f"/>
      </symbol>
      <symbol id="sm-709">
         <name>GPIOIntStatus</name>
         <value>0x2ccd</value>
         <object_component_ref idref="oc-20f"/>
      </symbol>
      <symbol id="sm-70a">
         <name>GPIOPinTypeDIVSCLK</name>
         <value>0x2f93</value>
         <object_component_ref idref="oc-20f"/>
      </symbol>
      <symbol id="sm-70b">
         <name>GPIOPinTypeGPIOOutput</name>
         <value>0x30af</value>
         <object_component_ref idref="oc-20f"/>
      </symbol>
      <symbol id="sm-70c">
         <name>GPIOIntTypeGet</name>
         <value>0x2751</value>
         <object_component_ref idref="oc-20f"/>
      </symbol>
      <symbol id="sm-70d">
         <name>GPIOPinRead</name>
         <value>0x2e67</value>
         <object_component_ref idref="oc-20f"/>
      </symbol>
      <symbol id="sm-70e">
         <name>GPIODirModeSet</name>
         <value>0x24a9</value>
         <object_component_ref idref="oc-20f"/>
      </symbol>
      <symbol id="sm-70f">
         <name>GPIOPinTypeQEI</name>
         <value>0x325f</value>
         <object_component_ref idref="oc-20f"/>
      </symbol>
      <symbol id="sm-710">
         <name>GPIOPinTypeHibernateRTCCLK</name>
         <value>0x311b</value>
         <object_component_ref idref="oc-20f"/>
      </symbol>
      <symbol id="sm-711">
         <name>GPIODMATriggerEnable</name>
         <value>0x34e3</value>
         <object_component_ref idref="oc-20f"/>
      </symbol>
      <symbol id="sm-712">
         <name>GPIOPinTypeEthernetMII</name>
         <value>0x3035</value>
         <object_component_ref idref="oc-20f"/>
      </symbol>
      <symbol id="sm-713">
         <name>GPIOPinWrite</name>
         <value>0x2e8d</value>
         <object_component_ref idref="oc-20f"/>
      </symbol>
      <symbol id="sm-714">
         <name>GPIOPadConfigSet</name>
         <value>0x27f5</value>
         <object_component_ref idref="oc-20f"/>
      </symbol>
      <symbol id="sm-715">
         <name>GPIOPinTypeLCD</name>
         <value>0x31bd</value>
         <object_component_ref idref="oc-20f"/>
      </symbol>
      <symbol id="sm-716">
         <name>GPIOPinTypeSSI</name>
         <value>0x3295</value>
         <object_component_ref idref="oc-20f"/>
      </symbol>
      <symbol id="sm-717">
         <name>GPIOPinTypeTimer</name>
         <value>0x32cb</value>
         <object_component_ref idref="oc-20f"/>
      </symbol>
      <symbol id="sm-718">
         <name>GPIOPinTypeCAN</name>
         <value>0x2ef1</value>
         <object_component_ref idref="oc-20f"/>
      </symbol>
      <symbol id="sm-719">
         <name>GPIOPinTypeEPI</name>
         <value>0x2fc9</value>
         <object_component_ref idref="oc-20f"/>
      </symbol>
      <symbol id="sm-71a">
         <name>GPIOPinTypeEthernetLED</name>
         <value>0x2fff</value>
         <object_component_ref idref="oc-20f"/>
      </symbol>
      <symbol id="sm-71b">
         <name>GPIOUnlockPin</name>
         <value>0x3593</value>
         <object_component_ref idref="oc-20f"/>
      </symbol>
      <symbol id="sm-71c">
         <name>GPIOPinWakeStatus</name>
         <value>0x344d</value>
         <object_component_ref idref="oc-20f"/>
      </symbol>
      <symbol id="sm-7af">
         <name>IntPendClear</name>
         <value>0x533d</value>
         <object_component_ref idref="oc-271"/>
      </symbol>
      <symbol id="sm-7b0">
         <name>IntPriorityGroupingGet</name>
         <value>0x5043</value>
         <object_component_ref idref="oc-271"/>
      </symbol>
      <symbol id="sm-7b1">
         <name>IntPrioritySet</name>
         <value>0x507b</value>
         <object_component_ref idref="oc-271"/>
      </symbol>
      <symbol id="sm-7b2">
         <name>IntIsEnabled</name>
         <value>0x5219</value>
         <object_component_ref idref="oc-271"/>
      </symbol>
      <symbol id="sm-7b3">
         <name>IntEnable</name>
         <value>0x5113</value>
         <object_component_ref idref="oc-271"/>
      </symbol>
      <symbol id="sm-7b4">
         <name>IntTrigger</name>
         <value>0x53ab</value>
         <object_component_ref idref="oc-271"/>
      </symbol>
      <symbol id="sm-7b5">
         <name>IntPriorityMaskSet</name>
         <value>0x5397</value>
         <object_component_ref idref="oc-271"/>
      </symbol>
      <symbol id="sm-7b6">
         <name>IntPriorityGroupingSet</name>
         <value>0x501d</value>
         <object_component_ref idref="oc-271"/>
      </symbol>
      <symbol id="sm-7b7">
         <name>IntDisable</name>
         <value>0x5191</value>
         <object_component_ref idref="oc-271"/>
      </symbol>
      <symbol id="sm-7b8">
         <name>IntRegister</name>
         <value>0x4f87</value>
         <object_component_ref idref="oc-271"/>
      </symbol>
      <symbol id="sm-7b9">
         <name>IntPriorityGet</name>
         <value>0x50dd</value>
         <object_component_ref idref="oc-271"/>
      </symbol>
      <symbol id="sm-7ba">
         <name>IntMasterDisable</name>
         <value>0x4f77</value>
         <object_component_ref idref="oc-271"/>
      </symbol>
      <symbol id="sm-7bb">
         <name>IntUnregister</name>
         <value>0x4ffd</value>
         <object_component_ref idref="oc-271"/>
      </symbol>
      <symbol id="sm-7bc">
         <name>IntPriorityMaskGet</name>
         <value>0x53a3</value>
         <object_component_ref idref="oc-271"/>
      </symbol>
      <symbol id="sm-7bd">
         <name>g_pfnRAMVectors</name>
         <value>0x20000000</value>
         <object_component_ref idref="oc-2bb"/>
      </symbol>
      <symbol id="sm-7be">
         <name>IntMasterEnable</name>
         <value>0x4f67</value>
         <object_component_ref idref="oc-271"/>
      </symbol>
      <symbol id="sm-7bf">
         <name>IntPendSet</name>
         <value>0x52cd</value>
         <object_component_ref idref="oc-271"/>
      </symbol>
      <symbol id="sm-80d">
         <name>LEDWrite</name>
         <value>0x55ed</value>
         <object_component_ref idref="oc-149"/>
      </symbol>
      <symbol id="sm-80e">
         <name>LEDRead</name>
         <value>0x56ad</value>
         <object_component_ref idref="oc-149"/>
      </symbol>
      <symbol id="sm-80f">
         <name>PinoutSet</name>
         <value>0x53f5</value>
         <object_component_ref idref="oc-149"/>
      </symbol>
      <symbol id="sm-88a">
         <name>UARTgetc</name>
         <value>0x4bd7</value>
         <object_component_ref idref="oc-143"/>
      </symbol>
      <symbol id="sm-88b">
         <name>UARTgets</name>
         <value>0x4ae5</value>
         <object_component_ref idref="oc-143"/>
      </symbol>
      <symbol id="sm-88c">
         <name>UARTStdioConfig</name>
         <value>0x49f1</value>
         <object_component_ref idref="oc-143"/>
      </symbol>
      <symbol id="sm-88d">
         <name>UARTwrite</name>
         <value>0x4a6b</value>
         <object_component_ref idref="oc-143"/>
      </symbol>
      <symbol id="sm-88e">
         <name>UARTprintf</name>
         <value>0x4f2f</value>
         <object_component_ref idref="oc-143"/>
      </symbol>
      <symbol id="sm-88f">
         <name>UARTvprintf</name>
         <value>0x4c0d</value>
         <object_component_ref idref="oc-143"/>
      </symbol>
      <symbol id="sm-8aa">
         <name>memcpy</name>
         <value>0x5eef</value>
         <object_component_ref idref="oc-46"/>
      </symbol>
      <symbol id="sm-8ab">
         <name>__aeabi_memcpy</name>
         <value>0x5eef</value>
         <object_component_ref idref="oc-46"/>
      </symbol>
      <symbol id="sm-8ac">
         <name>__aeabi_memcpy8</name>
         <value>0x5eef</value>
         <object_component_ref idref="oc-46"/>
      </symbol>
      <symbol id="sm-8ad">
         <name>__aeabi_memcpy4</name>
         <value>0x5eef</value>
         <object_component_ref idref="oc-46"/>
      </symbol>
      <symbol id="sm-8bc">
         <name>__aeabi_memset</name>
         <value>0x5f8d</value>
         <object_component_ref idref="oc-b6"/>
      </symbol>
      <symbol id="sm-8bd">
         <name>memset</name>
         <value>0x5f93</value>
         <object_component_ref idref="oc-b6"/>
      </symbol>
      <symbol id="sm-8be">
         <name>__aeabi_memset8</name>
         <value>0x5f8d</value>
         <object_component_ref idref="oc-b6"/>
      </symbol>
      <symbol id="sm-8bf">
         <name>__aeabi_memset4</name>
         <value>0x5f8d</value>
         <object_component_ref idref="oc-b6"/>
      </symbol>
      <symbol id="sm-8c0">
         <name>__aeabi_memclr8</name>
         <value>0x5f8b</value>
         <object_component_ref idref="oc-b6"/>
      </symbol>
      <symbol id="sm-8c1">
         <name>__aeabi_memclr4</name>
         <value>0x5f8b</value>
         <object_component_ref idref="oc-b6"/>
      </symbol>
      <symbol id="sm-8c2">
         <name>__aeabi_memclr</name>
         <value>0x5f8b</value>
         <object_component_ref idref="oc-b6"/>
      </symbol>
      <symbol id="sm-8d1">
         <name>__aeabi_uidivmod</name>
         <value>0x60b1</value>
         <object_component_ref idref="oc-200"/>
      </symbol>
      <symbol id="sm-8d2">
         <name>__aeabi_uidiv</name>
         <value>0x60b1</value>
         <object_component_ref idref="oc-200"/>
      </symbol>
      <symbol id="sm-8e4">
         <name>__TI_zero_init</name>
         <value>0x6173</value>
         <object_component_ref idref="oc-58"/>
      </symbol>
      <symbol id="sm-8fb">
         <name>__TI_decompress_none</name>
         <value>0x6165</value>
         <object_component_ref idref="oc-1b"/>
      </symbol>
      <symbol id="sm-91e">
         <name>__TI_decompress_lzss</name>
         <value>0x6005</value>
         <object_component_ref idref="oc-15"/>
      </symbol>
      <symbol id="sm-931">
         <name>__stack</name>
         <value>0x2000c710</value>
         <object_component_ref idref="oc-24"/>
      </symbol>
      <symbol id="sm-932">
         <name>_c_int00_noargs</name>
         <value>0x6131</value>
         <object_component_ref idref="oc-64"/>
      </symbol>
      <symbol id="sm-93c">
         <name>__aeabi_idiv0</name>
         <value>0x5e13</value>
         <object_component_ref idref="oc-260"/>
      </symbol>
      <symbol id="sm-93d">
         <name>__aeabi_ldiv0</name>
         <value>0x5e13</value>
         <object_component_ref idref="oc-260"/>
      </symbol>
      <symbol id="sm-965">
         <name>__TI_auto_init_nobinit_nopinit</name>
         <value>0x606d</value>
         <object_component_ref idref="oc-162"/>
      </symbol>
      <symbol id="sm-96f">
         <name>_system_pre_init</name>
         <value>0x618b</value>
         <object_component_ref idref="oc-bc"/>
      </symbol>
      <symbol id="sm-97b">
         <name>C$$EXIT</name>
         <value>0x618f</value>
         <object_component_ref idref="oc-156"/>
      </symbol>
      <symbol id="sm-97c">
         <name>abort</name>
         <value>0x618f</value>
         <object_component_ref idref="oc-156"/>
      </symbol>
      <symbol id="sm-97f">
         <name>__TI_static_base__</name>
         <value>0x0</value>
      </symbol>
      <symbol id="sm-982">
         <name>__mpu_init</name>
         <value>0x0</value>
      </symbol>
      <symbol id="sm-983">
         <name>_system_post_cinit</name>
         <value>0x0</value>
      </symbol>
   </symbol_table>
   <title>Link successful</title>
</link_info>
