******************************************************************************
                  TI ARM Linker Unix v20.2.7                   
******************************************************************************
>> Linked Fri Apr 26 22:53:25 2024

OUTPUT FILE NAME:   <sequencer.out>
ENTRY POINT SYMBOL: "_c_int00_noargs"  address: 000082f5


MEMORY CONFIGURATION

         name            origin    length      used     unused   attr    fill
----------------------  --------  ---------  --------  --------  ----  --------
  FLASH                 00000000   00100000  00008a04  000f75fc  R  X
  SRAM                  20000000   00040000  0000c968  00033698  RW X


SEGMENT ALLOCATION MAP

run origin  load origin   length   init length attrs members
----------  ----------- ---------- ----------- ----- -------
00000000    00000000    00008a08   00008a08    r-x
  00000000    00000000    00000208   00000208    r-- .intvecs
  00000208    00000208    00008154   00008154    r-x .text
  0000835c    0000835c    00000660   00000660    r-- .const
  000089c0    000089c0    00000048   00000048    r-- .cinit
20000000    20000000    0000c96c   00000000    rw-
  20000000    20000000    0000026c   00000000    rw- .vtable
  2000026c    2000026c    0000c4a0   00000000    rw- .bss
  2000c710    2000c710    00000200   00000000    rw- .stack
  2000c910    2000c910    0000005c   00000000    rw- .data


SECTION ALLOCATION MAP

 output                                  attributes/
section   page    origin      length       input sections
--------  ----  ----------  ----------   ----------------
.intvecs   0    00000000    00000208     
                  00000000    00000208     tm4c1294ncpdt_startup_ccs.obj (.intvecs)

.text      0    00000208    00008154     
                  00000208    00002090     tasks.obj (.text)
                  00002298    00001688     sysctl.obj (.text)
                  00003920    00001288     gpio.obj (.text)
                  00004ba8    00000d70     queue.obj (.text)
                  00005918    00000d20     timer.obj (.text)
                  00006638    00000634     timers.obj (.text)
                  00006c6c    00000574     uartstdio.obj (.text)
                  000071e0    00000490     interrupt.obj (.text)
                  00007670    000003a0     pinout.obj (.text)
                  00007a10    0000024c     heap_2.obj (.text)
                  00007c5c    0000013c     port.obj (.text)
                  00007d98    0000012a     list.obj (.text)
                  00007ec2    00000002     rtsv7M4_T_le_v4SPD16_eabi.lib : div0.asm.obj (.text)
                  00007ec4    00000114     main.obj (.text)
                  00007fd8    000000da     portasm.obj (.text)
                  000080b2    0000009c     rtsv7M4_T_le_v4SPD16_eabi.lib : memcpy_t2.asm.obj (.text)
                  0000814e    0000007a                                   : memset_t2.asm.obj (.text)
                  000081c8    00000068                                   : copy_decompress_lzss.c.obj (.text:decompress:lzss:__TI_decompress_lzss)
                  00008230    00000044                                   : autoinit.c.obj (.text:__TI_auto_init_nobinit_nopinit:__TI_auto_init_nobinit_nopinit)
                  00008274    00000040                                   : u_divt2.asm.obj (.text)
                  000082b4    0000003e     cpu.obj (.text)
                  000082f2    00000002     --HOLE-- [fill = 0]
                  000082f4    00000034     rtsv7M4_T_le_v4SPD16_eabi.lib : boot_cortex_m.c.obj (.text:_c_int00_noargs:_c_int00_noargs)
                  00008328    0000000e                                   : copy_decompress_none.c.obj (.text:decompress:none:__TI_decompress_none)
                  00008336    0000000c                                   : copy_zero_init.c.obj (.text:decompress:ZI:__TI_zero_init)
                  00008342    0000000c     tm4c1294ncpdt_startup_ccs.obj (.text)
                  0000834e    00000006     sysctl.obj (.text:SysCtlDelay)
                  00008354    00000004     rtsv7M4_T_le_v4SPD16_eabi.lib : pre_init.c.obj (.text:_system_pre_init)
                  00008358    00000004                                   : exit.c.obj (.text:abort:abort)

.const     0    0000835c    00000660     
                  0000835c    000001b0     sysctl.obj (.const:g_pppui32XTALtoVCO)
                  0000850c    000000d8     gpio.obj (.const:g_ppui32GPIOIntMapSnowflake)
                  000085e4    000000c0     gpio.obj (.const:g_ppui32GPIOIntMapBlizzard)
                  000086a4    0000009c     interrupt.obj (.const:g_pui32Regs)
                  00008740    00000090     gpio.obj (.const:g_pui32GPIOBaseAddrs)
                  000087d0    0000006c     sysctl.obj (.const:g_pui32Xtals)
                  0000883c    00000060     timer.obj (.const:g_ppui32TimerIntMap)
                  0000889c    00000040     timer.obj (.const:g_ppui32TimerIntMapSnowflake)
                  000088dc    00000030     sysctl.obj (.const:g_sXTALtoMEMTIM)
                  0000890c    00000020     interrupt.obj (.const:g_pui32Priority)
                  0000892c    00000014     interrupt.obj (.const:g_pui32Dii16Regs)
                  00008940    00000014     interrupt.obj (.const:g_pui32EnRegs)
                  00008954    00000014     interrupt.obj (.const:g_pui32PendRegs)
                  00008968    00000014     interrupt.obj (.const:g_pui32UnpendRegs)
                  0000897c    00000012     uartstdio.obj (.const:.string)
                  0000898e    00000002     --HOLE-- [fill = 0]
                  00008990    0000000c     uartstdio.obj (.const:g_ui32UARTBase)
                  0000899c    0000000c     uartstdio.obj (.const:g_ui32UARTPeriph)
                  000089a8    00000008     sysctl.obj (.const:g_pui32VCOFrequencies)
                  000089b0    00000004     port.obj (.const)
                  000089b4    00000004     tasks.obj (.const)
                  000089b8    00000004     uartstdio.obj (.const)

.cinit     0    000089c0    00000048     
                  000089c0    00000010     (.cinit..data.load) [load image, compression = lzss]
                  000089d0    0000000c     (__TI_handler_table)
                  000089dc    00000004     --HOLE-- [fill = 0]
                  000089e0    00000008     (.cinit..bss.load) [load image, compression = zero_init]
                  000089e8    00000008     (.cinit..vtable.load) [load image, compression = zero_init]
                  000089f0    00000018     (__TI_cinit_table)

.init_array 
*          0    00000000    00000000     UNINITIALIZED

.vtable    0    20000000    0000026c     UNINITIALIZED
                  20000000    0000026c     interrupt.obj (.vtable)

.bss       0    2000026c    0000c4a0     UNINITIALIZED
                  2000026c    0000c350     heap_2.obj (.bss:ucHeap)
                  2000c5bc    00000064     tasks.obj (.bss:pxReadyTasksLists)
                  2000c620    00000040     (.common:xQueueRegistry)
                  2000c660    00000014     timers.obj (.bss:xActiveTimerList1)
                  2000c674    00000014     timers.obj (.bss:xActiveTimerList2)
                  2000c688    00000014     tasks.obj (.bss:xDelayedTaskList1)
                  2000c69c    00000014     tasks.obj (.bss:xDelayedTaskList2)
                  2000c6b0    00000014     tasks.obj (.bss:xPendingReadyList)
                  2000c6c4    00000014     tasks.obj (.bss:xSuspendedTaskList)
                  2000c6d8    00000014     tasks.obj (.bss:xTasksWaitingTermination)
                  2000c6ec    00000008     tasks.obj (.bss)
                  2000c6f4    00000008     timers.obj (.bss)
                  2000c6fc    00000008     heap_2.obj (.bss:xEnd)
                  2000c704    00000008     heap_2.obj (.bss:xStart)

.data      0    2000c910    0000005c     UNINITIALIZED
                  2000c910    00000034     tasks.obj (.data)
                  2000c944    0000000c     timers.obj (.data)
                  2000c950    00000008     heap_2.obj (.data)
                  2000c958    00000005     main.obj (.data)
                  2000c95d    00000003     --HOLE--
                  2000c960    00000005     uartstdio.obj (.data)
                  2000c965    00000003     --HOLE--
                  2000c968    00000004     port.obj (.data)

.stack     0    2000c710    00000200     UNINITIALIZED
                  2000c710    00000004     rtsv7M4_T_le_v4SPD16_eabi.lib : boot_cortex_m.c.obj (.stack)
                  2000c714    000001fc     --HOLE--

__llvm_prf_cnts 
*          0    20000000    00000000     UNINITIALIZED

MODULE SUMMARY

       Module                          code    ro data   rw data
       ------                          ----    -------   -------
    ./
       tm4c1294ncpdt_startup_ccs.obj   12      520       0      
       main.obj                        276     0         5      
    +--+-------------------------------+-------+---------+---------+
       Total:                          288     520       5      
                                                                
    ./FreeRTOS/
       tasks.obj                       8336    4         260    
       queue.obj                       3440    0         64     
       timers.obj                      1588    0         60     
       list.obj                        298     0         0      
    +--+-------------------------------+-------+---------+---------+
       Total:                          13662   4         384    
                                                                
    ./FreeRTOS/portable/GCC/ARM_CM4F/
       port.obj                        316     4         4      
       portasm.obj                     218     0         0      
    +--+-------------------------------+-------+---------+---------+
       Total:                          534     4         4      
                                                                
    ./FreeRTOS/portable/MemMang/
       heap_2.obj                      588     0         50024  
    +--+-------------------------------+-------+---------+---------+
       Total:                          588     0         50024  
                                                                
    ./driverlib/
       sysctl.obj                      5774    596       0      
       gpio.obj                        4744    552       0      
       timer.obj                       3360    160       0      
       interrupt.obj                   1168    268       620    
       cpu.obj                         62      0         0      
    +--+-------------------------------+-------+---------+---------+
       Total:                          15108   1576      620    
                                                                
    ./drivers/
       pinout.obj                      928     0         0      
    +--+-------------------------------+-------+---------+---------+
       Total:                          928     0         0      
                                                                
    ./utils/
       uartstdio.obj                   1396    46        5      
    +--+-------------------------------+-------+---------+---------+
       Total:                          1396    46        5      
                                                                
    /home/parth/ti/ccs1260/ccs/tools/compiler/ti-cgt-arm_20.2.7.LTS/lib/rtsv7M4_T_le_v4SPD16_eabi.lib
       memcpy_t2.asm.obj               156     0         0      
       memset_t2.asm.obj               122     0         0      
       copy_decompress_lzss.c.obj      104     0         0      
       autoinit.c.obj                  68      0         0      
       u_divt2.asm.obj                 64      0         0      
       boot_cortex_m.c.obj             52      0         0      
       copy_decompress_none.c.obj      14      0         0      
       copy_zero_init.c.obj            12      0         0      
       exit.c.obj                      4       0         0      
       pre_init.c.obj                  4       0         0      
       div0.asm.obj                    2       0         0      
    +--+-------------------------------+-------+---------+---------+
       Total:                          602     0         0      
                                                                
       Stack:                          0       0         512    
       Linker Generated:               0       68        0      
    +--+-------------------------------+-------+---------+---------+
       Grand Total:                    33106   2218      51554  


LINKER GENERATED COPY TABLES

__TI_cinit_table @ 000089f0 records: 3, size/record: 8, table size: 24
	.data: load addr=000089c0, load size=00000010 bytes, run addr=2000c910, run size=0000005c bytes, compression=lzss
	.bss: load addr=000089e0, load size=00000008 bytes, run addr=2000026c, run size=0000c4a0 bytes, compression=zero_init
	.vtable: load addr=000089e8, load size=00000008 bytes, run addr=20000000, run size=0000026c bytes, compression=zero_init


LINKER GENERATED HANDLER TABLE

__TI_handler_table @ 000089d0 records: 3, size/record: 4, table size: 12
	index: 0, handler: __TI_zero_init
	index: 1, handler: __TI_decompress_lzss
	index: 2, handler: __TI_decompress_none


GLOBAL SYMBOLS: SORTED ALPHABETICALLY BY Name 

address   name                               
-------   ----                               
00008359  C$$EXIT                            
000082e9  CPUbasepriGet                      
000082db  CPUbasepriSet                      
000082b5  CPUcpsid                           
000082cb  CPUcpsie                           
000082c1  CPUprimask                         
000082d7  CPUwfi                             
00004b37  GPIOADCTriggerDisable              
00004b0b  GPIOADCTriggerEnable               
00004adf  GPIODMATriggerDisable              
00004ab3  GPIODMATriggerEnable               
00003afd  GPIODirModeGet                     
00003a79  GPIODirModeSet                     
000042cd  GPIOIntClear                       
00004275  GPIOIntDisable                     
0000424d  GPIOIntEnable                      
000042ef  GPIOIntRegister                    
0000436d  GPIOIntRegisterPin                 
0000429d  GPIOIntStatus                      
00003d21  GPIOIntTypeGet                     
00003bd1  GPIOIntTypeSet                     
0000432d  GPIOIntUnregister                  
000043e5  GPIOIntUnregisterPin               
000040b9  GPIOPadConfigGet                   
00003dc5  GPIOPadConfigSet                   
00004a2d  GPIOPinConfigure                   
00004437  GPIOPinRead                        
0000448b  GPIOPinTypeADC                     
000044c1  GPIOPinTypeCAN                     
000044f7  GPIOPinTypeComparator              
0000452d  GPIOPinTypeComparatorOutput        
00004563  GPIOPinTypeDIVSCLK                 
00004599  GPIOPinTypeEPI                     
000045cf  GPIOPinTypeEthernetLED             
00004605  GPIOPinTypeEthernetMII             
00004649  GPIOPinTypeGPIOInput               
0000467f  GPIOPinTypeGPIOOutput              
000046b5  GPIOPinTypeGPIOOutputOD            
000046eb  GPIOPinTypeHibernateRTCCLK         
00004721  GPIOPinTypeI2C                     
00004757  GPIOPinTypeI2CSCL                  
0000478d  GPIOPinTypeLCD                     
000047c3  GPIOPinTypeOneWire                 
000047f9  GPIOPinTypePWM                     
0000482f  GPIOPinTypeQEI                     
00004865  GPIOPinTypeSSI                     
0000489b  GPIOPinTypeTimer                   
000048d1  GPIOPinTypeTrace                   
00004907  GPIOPinTypeUART                    
00004941  GPIOPinTypeUSBAnalog               
00004977  GPIOPinTypeUSBDigital              
000049ad  GPIOPinTypeWakeHigh                
000049e5  GPIOPinTypeWakeLow                 
00004a1d  GPIOPinWakeStatus                  
0000445d  GPIOPinWrite                       
00004b63  GPIOUnlockPin                      
0000740d  IntDisable                         
0000738f  IntEnable                          
00007495  IntIsEnabled                       
000071f3  IntMasterDisable                   
000071e3  IntMasterEnable                    
000075b9  IntPendClear                       
00007549  IntPendSet                         
00007359  IntPriorityGet                     
000072bf  IntPriorityGroupingGet             
00007299  IntPriorityGroupingSet             
0000761f  IntPriorityMaskGet                 
00007613  IntPriorityMaskSet                 
000072f7  IntPrioritySet                     
00007203  IntRegister                        
00007627  IntTrigger                         
00007279  IntUnregister                      
00007929  LEDRead                            
00007869  LEDWrite                           
00007671  PinoutSet                          
00008343  ResetISR                           
000038ab  SysCtlAltClkConfig                 
00002e71  SysCtlClockFreqSet                 
00003351  SysCtlClockGet                     
00003873  SysCtlClockOutConfig               
00003179  SysCtlClockSet                     
00002d59  SysCtlDeepSleep                    
00003529  SysCtlDeepSleepClockConfigSet      
0000350d  SysCtlDeepSleepClockSet            
00002d39  SysCtlDeepSleepPowerSet            
0000834f  SysCtlDelay                        
0000265d  SysCtlFlashSectorSizeGet           
00002631  SysCtlFlashSizeGet                 
000036fd  SysCtlGPIOAHBDisable               
00003679  SysCtlGPIOAHBEnable                
00002c4d  SysCtlIntClear                     
00002c35  SysCtlIntDisable                   
00002c21  SysCtlIntEnable                    
00002bfd  SysCtlIntRegister                  
00002c5d  SysCtlIntStatus                    
00002c11  SysCtlIntUnregister                
00002d1f  SysCtlLDODeepSleepGet              
00002cd1  SysCtlLDODeepSleepSet              
00002cc7  SysCtlLDOSleepGet                  
00002c79  SysCtlLDOSleepSet                  
00002d95  SysCtlMOSCConfigSet                
0000385f  SysCtlNMIClear                     
00003859  SysCtlNMIStatus                    
00002da5  SysCtlPIOSCCalibrate               
00003645  SysCtlPWMClockGet                  
000035d5  SysCtlPWMClockSet                  
00002ba9  SysCtlPeripheralClockGating        
00002b5b  SysCtlPeripheralDeepSleepDisable   
00002b0d  SysCtlPeripheralDeepSleepEnable    
00002a19  SysCtlPeripheralDisable            
000029ad  SysCtlPeripheralEnable             
00002861  SysCtlPeripheralPowerOff           
000027dd  SysCtlPeripheralPowerOn            
000026c9  SysCtlPeripheralPresent            
00002755  SysCtlPeripheralReady              
0000290d  SysCtlPeripheralReset              
00002ab9  SysCtlPeripheralSleepDisable       
00002a67  SysCtlPeripheralSleepEnable        
00002d49  SysCtlReset                        
00002e05  SysCtlResetBehaviorGet             
00002df5  SysCtlResetBehaviorSet             
00002d81  SysCtlResetCauseClear              
00002d75  SysCtlResetCauseGet                
00002627  SysCtlSRAMSizeGet                  
00002d51  SysCtlSleep                        
00002d29  SysCtlSleepPowerSet                
00003773  SysCtlUSBPLLDisable                
00003767  SysCtlUSBPLLEnable                 
000037ad  SysCtlVCOGet                       
00003795  SysCtlVoltageEventClear            
0000377f  SysCtlVoltageEventConfig           
0000378f  SysCtlVoltageEventStatus           
00007ec5  Timer0IntHandler                   
00006585  TimerADCEventGet                   
00006565  TimerADCEventSet                   
00005fb5  TimerClockSourceGet                
00005f79  TimerClockSourceSet                
00005ae1  TimerConfigure                     
00005dd9  TimerControlEvent                  
00005cb5  TimerControlLevel                  
00005e37  TimerControlStall                  
00005d35  TimerControlTrigger                
00005ea1  TimerControlWaitOnTrigger          
000065c1  TimerDMAEventGet                   
000065a1  TimerDMAEventSet                   
00005a55  TimerDisable                       
00005a0b  TimerEnable                        
00006525  TimerIntClear                      
000064d3  TimerIntDisable                    
000064ad  TimerIntEnable                     
000063ed  TimerIntRegister                   
000064f9  TimerIntStatus                     
00006457  TimerIntUnregister                 
000061a7  TimerLoadGet                       
00006215  TimerLoadGet64                     
0000614d  TimerLoadSet                       
000061e9  TimerLoadSet64                     
0000633d  TimerMatchGet                      
000063a7  TimerMatchGet64                    
000062e3  TimerMatchSet                      
0000637f  TimerMatchSet64                    
0000604b  TimerPrescaleGet                   
00006101  TimerPrescaleMatchGet              
00006097  TimerPrescaleMatchSet              
00005fe1  TimerPrescaleSet                   
00005f55  TimerRTCDisable                    
00005f31  TimerRTCEnable                     
00006545  TimerSynchronize                   
000065dd  TimerUpdateMode                    
0000625b  TimerValueGet                      
0000629d  TimerValueGet64                    
00006c6d  UARTStdioConfig                    
00006e53  UARTgetc                           
00006d61  UARTgets                           
000071ab  UARTprintf                         
00006e89  UARTvprintf                        
00006ce7  UARTwrite                          
2000c910  __STACK_END                        
00000200  __STACK_SIZE                       
2000c910  __STACK_TOP                        
000089f0  __TI_CINIT_Base                    
00008a08  __TI_CINIT_Limit                   
000089d0  __TI_Handler_Table_Base            
000089dc  __TI_Handler_Table_Limit           
00008231  __TI_auto_init_nobinit_nopinit     
000081c9  __TI_decompress_lzss               
00008329  __TI_decompress_none               
ffffffff  __TI_pprof_out_hndl                
ffffffff  __TI_prof_data_size                
ffffffff  __TI_prof_data_start               
00000000  __TI_static_base__                 
00008337  __TI_zero_init                     
00007ec3  __aeabi_idiv0                      
00007ec3  __aeabi_ldiv0                      
0000814f  __aeabi_memclr                     
0000814f  __aeabi_memclr4                    
0000814f  __aeabi_memclr8                    
000080b3  __aeabi_memcpy                     
000080b3  __aeabi_memcpy4                    
000080b3  __aeabi_memcpy8                    
00008151  __aeabi_memset                     
00008151  __aeabi_memset4                    
00008151  __aeabi_memset8                    
00008275  __aeabi_uidiv                      
00008275  __aeabi_uidivmod                   
ffffffff  __binit__                          
ffffffff  __c_args__                         
00007f7f  __error__                          
UNDEFED   __mpu_init                         
2000c710  __stack                            
20000000  __start___llvm_prf_cnts            
20000000  __stop___llvm_prf_cnts             
000082f5  _c_int00_noargs                    
UNDEFED   _system_post_cinit                 
00008355  _system_pre_init                   
00008359  abort                              
ffffffff  binit                              
000005bd  eTaskGetState                      
20000000  g_pfnRAMVectors                    
00000000  g_pfnVectors                       
2000c958  lastInterruptTime                  
00007f2d  main                               
000080b3  memcpy                             
00008157  memset                             
00005831  pcQueueGetName                     
00000d31  pcTaskGetName                      
000067ed  pcTimerGetName                     
00007bbd  pvPortCalloc                       
00007a11  pvPortMalloc                       
00001adf  pvTaskIncrementMutexHeldCount      
00006bf5  pvTimerGetTimerID                  
2000c910  pxCurrentTCB                       
00007c5d  pxPortInitialiseStack              
00007f15  setupInterrupts                    
00007eed  setupTimer                         
00007f6b  signalProcessingTask               
2000c95c  taskSignalFlag                     
0000555d  ucQueueGetQueueType                
000089b0  ulMaxSyscallInterruptPriority      
00007fe9  ulPortGetIPSR                      
00001b01  ulTaskGenericNotifyTake            
00002159  ulTaskGenericNotifyValueClear      
00007e7b  uxListRemove                       
0000553d  uxQueueGetQueueNumber              
000054d7  uxQueueMessagesWaiting             
00005511  uxQueueMessagesWaitingFromISR      
000054ed  uxQueueSpacesAvailable             
00000d1d  uxTaskGetNumberOfTasks             
00000d6d  uxTaskGetSystemState               
00001491  uxTaskGetTaskNumber                
0000067f  uxTaskPriorityGet                  
000006a3  uxTaskPriorityGetFromISR           
00001abd  uxTaskResetEventItemValue          
000067cb  uxTimerGetReloadMode               
00006c2f  uxTimerGetTimerNumber              
000089b4  uxTopUsedPriority                  
00007d99  vListInitialise                    
00007dc9  vListInitialiseItem                
00007e15  vListInsert                        
00007dd9  vListInsertEnd                     
000080a5  vPortEnableVFP                     
00007cfd  vPortEndScheduler                  
00007cff  vPortEnterCritical                 
00007d1f  vPortExitCritical                  
00007b37  vPortFree                          
00007bbb  vPortInitialiseBlocks              
00008061  vPortSVCHandler                    
00007d5b  vPortSetupTimerInterrupt           
00008081  vPortStartFirstTask                
000057c3  vQueueAddToRegistry                
00005527  vQueueDelete                       
0000554b  vQueueSetQueueNumber               
00005871  vQueueUnregisterQueue              
000058b5  vQueueWaitForMessageRestricted     
0000056d  vTaskDelay                         
00000425  vTaskDelete                        
00000b41  vTaskEndScheduler                  
00001fb1  vTaskGenericNotifyGiveFromISR      
00001591  vTaskGetInfo                       
000013e5  vTaskInternalSetTimeOutState       
00001489  vTaskMissedYield                   
0000105d  vTaskPlaceOnEventList              
000010f5  vTaskPlaceOnEventListRestricted    
00001089  vTaskPlaceOnUnorderedEventList     
000019b9  vTaskPriorityDisinheritAfterTimeout
000006ed  vTaskPrioritySet                   
000012bd  vTaskRemoveFromUnorderedEventList  
00000963  vTaskResume                        
000014b1  vTaskSetTaskNumber                 
000013c7  vTaskSetTimeOutState               
00000aeb  vTaskStartScheduler                
00000831  vTaskSuspend                       
00000b5d  vTaskSuspendAll                    
00000ff7  vTaskSwitchContext                 
0000676d  vTimerSetReloadMode                
00006c15  vTimerSetTimerID                   
00006c3d  vTimerSetTimerNumber               
00007bb5  xPortGetFreeHeapSize               
00008001  xPortPendSVHandler                 
00007cc7  xPortStartScheduler                
00007d35  xPortSysTickHandler                
00004df1  xQueueCreateCountingSemaphore      
00004d45  xQueueCreateMutex                  
00004c6b  xQueueGenericCreate                
00004ba9  xQueueGenericReset                 
00004e21  xQueueGenericSend                  
00004f27  xQueueGenericSendFromISR           
00004fd9  xQueueGiveFromISR                  
00004d71  xQueueGiveMutexRecursive           
00005757  xQueueIsQueueEmptyFromISR          
0000579d  xQueueIsQueueFullFromISR           
000052d1  xQueuePeek                         
00005485  xQueuePeekFromISR                  
0000507d  xQueueReceive                      
000053db  xQueueReceiveFromISR               
2000c620  xQueueRegistry                     
00005189  xQueueSemaphoreTake                
00004dad  xQueueTakeMutexRecursive           
00000e3f  xTaskCatchUpTicks                  
00001405  xTaskCheckForTimeOut               
00000209  xTaskCreate                        
000004dd  xTaskDelayUntil                    
00001c65  xTaskGenericNotify                 
00001dd5  xTaskGenericNotifyFromISR          
00002109  xTaskGenericNotifyStateClear       
00001b9f  xTaskGenericNotifyWait             
00001761  xTaskGetCurrentTaskHandle          
00001775  xTaskGetSchedulerState             
00000cf3  xTaskGetTickCount                  
00000d09  xTaskGetTickCountFromISR           
00000e79  xTaskIncrementTick                 
000018d7  xTaskPriorityDisinherit            
000017c9  xTaskPriorityInherit               
0000115d  xTaskRemoveFromEventList           
00000b7d  xTaskResumeAll                     
00000a19  xTaskResumeFromISR                 
00006665  xTimerCreate                       
00006639  xTimerCreateTimerTask              
000066e9  xTimerGenericCommand               
000067d7  xTimerGetExpiryTime                
0000675b  xTimerGetPeriod                    
000067a3  xTimerGetReloadMode                
00006755  xTimerGetTimerDaemonTaskHandle     
00006bcd  xTimerIsTimerActive                


GLOBAL SYMBOLS: SORTED BY Symbol Address 

address   name                               
-------   ----                               
00000000  __TI_static_base__                 
00000000  g_pfnVectors                       
00000200  __STACK_SIZE                       
00000209  xTaskCreate                        
00000425  vTaskDelete                        
000004dd  xTaskDelayUntil                    
0000056d  vTaskDelay                         
000005bd  eTaskGetState                      
0000067f  uxTaskPriorityGet                  
000006a3  uxTaskPriorityGetFromISR           
000006ed  vTaskPrioritySet                   
00000831  vTaskSuspend                       
00000963  vTaskResume                        
00000a19  xTaskResumeFromISR                 
00000aeb  vTaskStartScheduler                
00000b41  vTaskEndScheduler                  
00000b5d  vTaskSuspendAll                    
00000b7d  xTaskResumeAll                     
00000cf3  xTaskGetTickCount                  
00000d09  xTaskGetTickCountFromISR           
00000d1d  uxTaskGetNumberOfTasks             
00000d31  pcTaskGetName                      
00000d6d  uxTaskGetSystemState               
00000e3f  xTaskCatchUpTicks                  
00000e79  xTaskIncrementTick                 
00000ff7  vTaskSwitchContext                 
0000105d  vTaskPlaceOnEventList              
00001089  vTaskPlaceOnUnorderedEventList     
000010f5  vTaskPlaceOnEventListRestricted    
0000115d  xTaskRemoveFromEventList           
000012bd  vTaskRemoveFromUnorderedEventList  
000013c7  vTaskSetTimeOutState               
000013e5  vTaskInternalSetTimeOutState       
00001405  xTaskCheckForTimeOut               
00001489  vTaskMissedYield                   
00001491  uxTaskGetTaskNumber                
000014b1  vTaskSetTaskNumber                 
00001591  vTaskGetInfo                       
00001761  xTaskGetCurrentTaskHandle          
00001775  xTaskGetSchedulerState             
000017c9  xTaskPriorityInherit               
000018d7  xTaskPriorityDisinherit            
000019b9  vTaskPriorityDisinheritAfterTimeout
00001abd  uxTaskResetEventItemValue          
00001adf  pvTaskIncrementMutexHeldCount      
00001b01  ulTaskGenericNotifyTake            
00001b9f  xTaskGenericNotifyWait             
00001c65  xTaskGenericNotify                 
00001dd5  xTaskGenericNotifyFromISR          
00001fb1  vTaskGenericNotifyGiveFromISR      
00002109  xTaskGenericNotifyStateClear       
00002159  ulTaskGenericNotifyValueClear      
00002627  SysCtlSRAMSizeGet                  
00002631  SysCtlFlashSizeGet                 
0000265d  SysCtlFlashSectorSizeGet           
000026c9  SysCtlPeripheralPresent            
00002755  SysCtlPeripheralReady              
000027dd  SysCtlPeripheralPowerOn            
00002861  SysCtlPeripheralPowerOff           
0000290d  SysCtlPeripheralReset              
000029ad  SysCtlPeripheralEnable             
00002a19  SysCtlPeripheralDisable            
00002a67  SysCtlPeripheralSleepEnable        
00002ab9  SysCtlPeripheralSleepDisable       
00002b0d  SysCtlPeripheralDeepSleepEnable    
00002b5b  SysCtlPeripheralDeepSleepDisable   
00002ba9  SysCtlPeripheralClockGating        
00002bfd  SysCtlIntRegister                  
00002c11  SysCtlIntUnregister                
00002c21  SysCtlIntEnable                    
00002c35  SysCtlIntDisable                   
00002c4d  SysCtlIntClear                     
00002c5d  SysCtlIntStatus                    
00002c79  SysCtlLDOSleepSet                  
00002cc7  SysCtlLDOSleepGet                  
00002cd1  SysCtlLDODeepSleepSet              
00002d1f  SysCtlLDODeepSleepGet              
00002d29  SysCtlSleepPowerSet                
00002d39  SysCtlDeepSleepPowerSet            
00002d49  SysCtlReset                        
00002d51  SysCtlSleep                        
00002d59  SysCtlDeepSleep                    
00002d75  SysCtlResetCauseGet                
00002d81  SysCtlResetCauseClear              
00002d95  SysCtlMOSCConfigSet                
00002da5  SysCtlPIOSCCalibrate               
00002df5  SysCtlResetBehaviorSet             
00002e05  SysCtlResetBehaviorGet             
00002e71  SysCtlClockFreqSet                 
00003179  SysCtlClockSet                     
00003351  SysCtlClockGet                     
0000350d  SysCtlDeepSleepClockSet            
00003529  SysCtlDeepSleepClockConfigSet      
000035d5  SysCtlPWMClockSet                  
00003645  SysCtlPWMClockGet                  
00003679  SysCtlGPIOAHBEnable                
000036fd  SysCtlGPIOAHBDisable               
00003767  SysCtlUSBPLLEnable                 
00003773  SysCtlUSBPLLDisable                
0000377f  SysCtlVoltageEventConfig           
0000378f  SysCtlVoltageEventStatus           
00003795  SysCtlVoltageEventClear            
000037ad  SysCtlVCOGet                       
00003859  SysCtlNMIStatus                    
0000385f  SysCtlNMIClear                     
00003873  SysCtlClockOutConfig               
000038ab  SysCtlAltClkConfig                 
00003a79  GPIODirModeSet                     
00003afd  GPIODirModeGet                     
00003bd1  GPIOIntTypeSet                     
00003d21  GPIOIntTypeGet                     
00003dc5  GPIOPadConfigSet                   
000040b9  GPIOPadConfigGet                   
0000424d  GPIOIntEnable                      
00004275  GPIOIntDisable                     
0000429d  GPIOIntStatus                      
000042cd  GPIOIntClear                       
000042ef  GPIOIntRegister                    
0000432d  GPIOIntUnregister                  
0000436d  GPIOIntRegisterPin                 
000043e5  GPIOIntUnregisterPin               
00004437  GPIOPinRead                        
0000445d  GPIOPinWrite                       
0000448b  GPIOPinTypeADC                     
000044c1  GPIOPinTypeCAN                     
000044f7  GPIOPinTypeComparator              
0000452d  GPIOPinTypeComparatorOutput        
00004563  GPIOPinTypeDIVSCLK                 
00004599  GPIOPinTypeEPI                     
000045cf  GPIOPinTypeEthernetLED             
00004605  GPIOPinTypeEthernetMII             
00004649  GPIOPinTypeGPIOInput               
0000467f  GPIOPinTypeGPIOOutput              
000046b5  GPIOPinTypeGPIOOutputOD            
000046eb  GPIOPinTypeHibernateRTCCLK         
00004721  GPIOPinTypeI2C                     
00004757  GPIOPinTypeI2CSCL                  
0000478d  GPIOPinTypeLCD                     
000047c3  GPIOPinTypeOneWire                 
000047f9  GPIOPinTypePWM                     
0000482f  GPIOPinTypeQEI                     
00004865  GPIOPinTypeSSI                     
0000489b  GPIOPinTypeTimer                   
000048d1  GPIOPinTypeTrace                   
00004907  GPIOPinTypeUART                    
00004941  GPIOPinTypeUSBAnalog               
00004977  GPIOPinTypeUSBDigital              
000049ad  GPIOPinTypeWakeHigh                
000049e5  GPIOPinTypeWakeLow                 
00004a1d  GPIOPinWakeStatus                  
00004a2d  GPIOPinConfigure                   
00004ab3  GPIODMATriggerEnable               
00004adf  GPIODMATriggerDisable              
00004b0b  GPIOADCTriggerEnable               
00004b37  GPIOADCTriggerDisable              
00004b63  GPIOUnlockPin                      
00004ba9  xQueueGenericReset                 
00004c6b  xQueueGenericCreate                
00004d45  xQueueCreateMutex                  
00004d71  xQueueGiveMutexRecursive           
00004dad  xQueueTakeMutexRecursive           
00004df1  xQueueCreateCountingSemaphore      
00004e21  xQueueGenericSend                  
00004f27  xQueueGenericSendFromISR           
00004fd9  xQueueGiveFromISR                  
0000507d  xQueueReceive                      
00005189  xQueueSemaphoreTake                
000052d1  xQueuePeek                         
000053db  xQueueReceiveFromISR               
00005485  xQueuePeekFromISR                  
000054d7  uxQueueMessagesWaiting             
000054ed  uxQueueSpacesAvailable             
00005511  uxQueueMessagesWaitingFromISR      
00005527  vQueueDelete                       
0000553d  uxQueueGetQueueNumber              
0000554b  vQueueSetQueueNumber               
0000555d  ucQueueGetQueueType                
00005757  xQueueIsQueueEmptyFromISR          
0000579d  xQueueIsQueueFullFromISR           
000057c3  vQueueAddToRegistry                
00005831  pcQueueGetName                     
00005871  vQueueUnregisterQueue              
000058b5  vQueueWaitForMessageRestricted     
00005a0b  TimerEnable                        
00005a55  TimerDisable                       
00005ae1  TimerConfigure                     
00005cb5  TimerControlLevel                  
00005d35  TimerControlTrigger                
00005dd9  TimerControlEvent                  
00005e37  TimerControlStall                  
00005ea1  TimerControlWaitOnTrigger          
00005f31  TimerRTCEnable                     
00005f55  TimerRTCDisable                    
00005f79  TimerClockSourceSet                
00005fb5  TimerClockSourceGet                
00005fe1  TimerPrescaleSet                   
0000604b  TimerPrescaleGet                   
00006097  TimerPrescaleMatchSet              
00006101  TimerPrescaleMatchGet              
0000614d  TimerLoadSet                       
000061a7  TimerLoadGet                       
000061e9  TimerLoadSet64                     
00006215  TimerLoadGet64                     
0000625b  TimerValueGet                      
0000629d  TimerValueGet64                    
000062e3  TimerMatchSet                      
0000633d  TimerMatchGet                      
0000637f  TimerMatchSet64                    
000063a7  TimerMatchGet64                    
000063ed  TimerIntRegister                   
00006457  TimerIntUnregister                 
000064ad  TimerIntEnable                     
000064d3  TimerIntDisable                    
000064f9  TimerIntStatus                     
00006525  TimerIntClear                      
00006545  TimerSynchronize                   
00006565  TimerADCEventSet                   
00006585  TimerADCEventGet                   
000065a1  TimerDMAEventSet                   
000065c1  TimerDMAEventGet                   
000065dd  TimerUpdateMode                    
00006639  xTimerCreateTimerTask              
00006665  xTimerCreate                       
000066e9  xTimerGenericCommand               
00006755  xTimerGetTimerDaemonTaskHandle     
0000675b  xTimerGetPeriod                    
0000676d  vTimerSetReloadMode                
000067a3  xTimerGetReloadMode                
000067cb  uxTimerGetReloadMode               
000067d7  xTimerGetExpiryTime                
000067ed  pcTimerGetName                     
00006bcd  xTimerIsTimerActive                
00006bf5  pvTimerGetTimerID                  
00006c15  vTimerSetTimerID                   
00006c2f  uxTimerGetTimerNumber              
00006c3d  vTimerSetTimerNumber               
00006c6d  UARTStdioConfig                    
00006ce7  UARTwrite                          
00006d61  UARTgets                           
00006e53  UARTgetc                           
00006e89  UARTvprintf                        
000071ab  UARTprintf                         
000071e3  IntMasterEnable                    
000071f3  IntMasterDisable                   
00007203  IntRegister                        
00007279  IntUnregister                      
00007299  IntPriorityGroupingSet             
000072bf  IntPriorityGroupingGet             
000072f7  IntPrioritySet                     
00007359  IntPriorityGet                     
0000738f  IntEnable                          
0000740d  IntDisable                         
00007495  IntIsEnabled                       
00007549  IntPendSet                         
000075b9  IntPendClear                       
00007613  IntPriorityMaskSet                 
0000761f  IntPriorityMaskGet                 
00007627  IntTrigger                         
00007671  PinoutSet                          
00007869  LEDWrite                           
00007929  LEDRead                            
00007a11  pvPortMalloc                       
00007b37  vPortFree                          
00007bb5  xPortGetFreeHeapSize               
00007bbb  vPortInitialiseBlocks              
00007bbd  pvPortCalloc                       
00007c5d  pxPortInitialiseStack              
00007cc7  xPortStartScheduler                
00007cfd  vPortEndScheduler                  
00007cff  vPortEnterCritical                 
00007d1f  vPortExitCritical                  
00007d35  xPortSysTickHandler                
00007d5b  vPortSetupTimerInterrupt           
00007d99  vListInitialise                    
00007dc9  vListInitialiseItem                
00007dd9  vListInsertEnd                     
00007e15  vListInsert                        
00007e7b  uxListRemove                       
00007ec3  __aeabi_idiv0                      
00007ec3  __aeabi_ldiv0                      
00007ec5  Timer0IntHandler                   
00007eed  setupTimer                         
00007f15  setupInterrupts                    
00007f2d  main                               
00007f6b  signalProcessingTask               
00007f7f  __error__                          
00007fe9  ulPortGetIPSR                      
00008001  xPortPendSVHandler                 
00008061  vPortSVCHandler                    
00008081  vPortStartFirstTask                
000080a5  vPortEnableVFP                     
000080b3  __aeabi_memcpy                     
000080b3  __aeabi_memcpy4                    
000080b3  __aeabi_memcpy8                    
000080b3  memcpy                             
0000814f  __aeabi_memclr                     
0000814f  __aeabi_memclr4                    
0000814f  __aeabi_memclr8                    
00008151  __aeabi_memset                     
00008151  __aeabi_memset4                    
00008151  __aeabi_memset8                    
00008157  memset                             
000081c9  __TI_decompress_lzss               
00008231  __TI_auto_init_nobinit_nopinit     
00008275  __aeabi_uidiv                      
00008275  __aeabi_uidivmod                   
000082b5  CPUcpsid                           
000082c1  CPUprimask                         
000082cb  CPUcpsie                           
000082d7  CPUwfi                             
000082db  CPUbasepriSet                      
000082e9  CPUbasepriGet                      
000082f5  _c_int00_noargs                    
00008329  __TI_decompress_none               
00008337  __TI_zero_init                     
00008343  ResetISR                           
0000834f  SysCtlDelay                        
00008355  _system_pre_init                   
00008359  C$$EXIT                            
00008359  abort                              
000089b0  ulMaxSyscallInterruptPriority      
000089b4  uxTopUsedPriority                  
000089d0  __TI_Handler_Table_Base            
000089dc  __TI_Handler_Table_Limit           
000089f0  __TI_CINIT_Base                    
00008a08  __TI_CINIT_Limit                   
20000000  __start___llvm_prf_cnts            
20000000  __stop___llvm_prf_cnts             
20000000  g_pfnRAMVectors                    
2000c620  xQueueRegistry                     
2000c710  __stack                            
2000c910  __STACK_END                        
2000c910  __STACK_TOP                        
2000c910  pxCurrentTCB                       
2000c958  lastInterruptTime                  
2000c95c  taskSignalFlag                     
ffffffff  __TI_pprof_out_hndl                
ffffffff  __TI_prof_data_size                
ffffffff  __TI_prof_data_start               
ffffffff  __binit__                          
ffffffff  __c_args__                         
ffffffff  binit                              
UNDEFED   __mpu_init                         
UNDEFED   _system_post_cinit                 

[344 symbols]
