<?xml version="1.0" encoding="ISO-8859-1" ?>
<link_info>
   <banner>TI ARM Linker Unix v20.2.7.LTS</banner>
   <copyright>Copyright (c) 1996-2018 Texas Instruments Incorporated</copyright>
   <link_time>0x660f7366</link_time>
   <link_errors>0x0</link_errors>
   <output_file>q3.out</output_file>
   <entry_point>
      <name>_c_int00_noargs</name>
      <address>0x728d</address>
   </entry_point>
   <input_file_list>
      <input_file id="fl-2">
         <path>./</path>
         <kind>object</kind>
         <file>main.obj</file>
         <name>main.obj</name>
      </input_file>
      <input_file id="fl-3">
         <path>./</path>
         <kind>object</kind>
         <file>tm4c1294ncpdt_startup_ccs.obj</file>
         <name>tm4c1294ncpdt_startup_ccs.obj</name>
      </input_file>
      <input_file id="fl-4">
         <path>./FreeRTOS/</path>
         <kind>object</kind>
         <file>croutine.obj</file>
         <name>croutine.obj</name>
      </input_file>
      <input_file id="fl-5">
         <path>./FreeRTOS/</path>
         <kind>object</kind>
         <file>event_groups.obj</file>
         <name>event_groups.obj</name>
      </input_file>
      <input_file id="fl-6">
         <path>./FreeRTOS/</path>
         <kind>object</kind>
         <file>list.obj</file>
         <name>list.obj</name>
      </input_file>
      <input_file id="fl-7">
         <path>./FreeRTOS/</path>
         <kind>object</kind>
         <file>queue.obj</file>
         <name>queue.obj</name>
      </input_file>
      <input_file id="fl-8">
         <path>./FreeRTOS/</path>
         <kind>object</kind>
         <file>stream_buffer.obj</file>
         <name>stream_buffer.obj</name>
      </input_file>
      <input_file id="fl-9">
         <path>./FreeRTOS/</path>
         <kind>object</kind>
         <file>tasks.obj</file>
         <name>tasks.obj</name>
      </input_file>
      <input_file id="fl-a">
         <path>./FreeRTOS/</path>
         <kind>object</kind>
         <file>timers.obj</file>
         <name>timers.obj</name>
      </input_file>
      <input_file id="fl-b">
         <path>./FreeRTOS/portable/GCC/ARM_CM4F/</path>
         <kind>object</kind>
         <file>port.obj</file>
         <name>port.obj</name>
      </input_file>
      <input_file id="fl-c">
         <path>./FreeRTOS/portable/GCC/ARM_CM4F/</path>
         <kind>object</kind>
         <file>portasm.obj</file>
         <name>portasm.obj</name>
      </input_file>
      <input_file id="fl-d">
         <path>./FreeRTOS/portable/MemMang/</path>
         <kind>object</kind>
         <file>heap_2.obj</file>
         <name>heap_2.obj</name>
      </input_file>
      <input_file id="fl-e">
         <path>./driverlib/</path>
         <kind>object</kind>
         <file>adc.obj</file>
         <name>adc.obj</name>
      </input_file>
      <input_file id="fl-f">
         <path>./driverlib/</path>
         <kind>object</kind>
         <file>aes.obj</file>
         <name>aes.obj</name>
      </input_file>
      <input_file id="fl-10">
         <path>./driverlib/</path>
         <kind>object</kind>
         <file>can.obj</file>
         <name>can.obj</name>
      </input_file>
      <input_file id="fl-11">
         <path>./driverlib/</path>
         <kind>object</kind>
         <file>comp.obj</file>
         <name>comp.obj</name>
      </input_file>
      <input_file id="fl-12">
         <path>./driverlib/</path>
         <kind>object</kind>
         <file>cpu.obj</file>
         <name>cpu.obj</name>
      </input_file>
      <input_file id="fl-13">
         <path>./driverlib/</path>
         <kind>object</kind>
         <file>crc.obj</file>
         <name>crc.obj</name>
      </input_file>
      <input_file id="fl-14">
         <path>./driverlib/</path>
         <kind>object</kind>
         <file>des.obj</file>
         <name>des.obj</name>
      </input_file>
      <input_file id="fl-15">
         <path>./driverlib/</path>
         <kind>object</kind>
         <file>eeprom.obj</file>
         <name>eeprom.obj</name>
      </input_file>
      <input_file id="fl-16">
         <path>./driverlib/</path>
         <kind>object</kind>
         <file>emac.obj</file>
         <name>emac.obj</name>
      </input_file>
      <input_file id="fl-17">
         <path>./driverlib/</path>
         <kind>object</kind>
         <file>epi.obj</file>
         <name>epi.obj</name>
      </input_file>
      <input_file id="fl-18">
         <path>./driverlib/</path>
         <kind>object</kind>
         <file>epi_workaround_ccs.obj</file>
         <name>epi_workaround_ccs.obj</name>
      </input_file>
      <input_file id="fl-19">
         <path>./driverlib/</path>
         <kind>object</kind>
         <file>flash.obj</file>
         <name>flash.obj</name>
      </input_file>
      <input_file id="fl-1a">
         <path>./driverlib/</path>
         <kind>object</kind>
         <file>fpu.obj</file>
         <name>fpu.obj</name>
      </input_file>
      <input_file id="fl-1b">
         <path>./driverlib/</path>
         <kind>object</kind>
         <file>gpio.obj</file>
         <name>gpio.obj</name>
      </input_file>
      <input_file id="fl-1c">
         <path>./driverlib/</path>
         <kind>object</kind>
         <file>hibernate.obj</file>
         <name>hibernate.obj</name>
      </input_file>
      <input_file id="fl-1d">
         <path>./driverlib/</path>
         <kind>object</kind>
         <file>i2c.obj</file>
         <name>i2c.obj</name>
      </input_file>
      <input_file id="fl-1e">
         <path>./driverlib/</path>
         <kind>object</kind>
         <file>interrupt.obj</file>
         <name>interrupt.obj</name>
      </input_file>
      <input_file id="fl-1f">
         <path>./driverlib/</path>
         <kind>object</kind>
         <file>lcd.obj</file>
         <name>lcd.obj</name>
      </input_file>
      <input_file id="fl-20">
         <path>./driverlib/</path>
         <kind>object</kind>
         <file>mpu.obj</file>
         <name>mpu.obj</name>
      </input_file>
      <input_file id="fl-21">
         <path>./driverlib/</path>
         <kind>object</kind>
         <file>onewire.obj</file>
         <name>onewire.obj</name>
      </input_file>
      <input_file id="fl-22">
         <path>./driverlib/</path>
         <kind>object</kind>
         <file>pwm.obj</file>
         <name>pwm.obj</name>
      </input_file>
      <input_file id="fl-23">
         <path>./driverlib/</path>
         <kind>object</kind>
         <file>qei.obj</file>
         <name>qei.obj</name>
      </input_file>
      <input_file id="fl-24">
         <path>./driverlib/</path>
         <kind>object</kind>
         <file>shamd5.obj</file>
         <name>shamd5.obj</name>
      </input_file>
      <input_file id="fl-25">
         <path>./driverlib/</path>
         <kind>object</kind>
         <file>ssi.obj</file>
         <name>ssi.obj</name>
      </input_file>
      <input_file id="fl-26">
         <path>./driverlib/</path>
         <kind>object</kind>
         <file>sw_crc.obj</file>
         <name>sw_crc.obj</name>
      </input_file>
      <input_file id="fl-27">
         <path>./driverlib/</path>
         <kind>object</kind>
         <file>sysctl.obj</file>
         <name>sysctl.obj</name>
      </input_file>
      <input_file id="fl-28">
         <path>./driverlib/</path>
         <kind>object</kind>
         <file>sysexc.obj</file>
         <name>sysexc.obj</name>
      </input_file>
      <input_file id="fl-29">
         <path>./driverlib/</path>
         <kind>object</kind>
         <file>systick.obj</file>
         <name>systick.obj</name>
      </input_file>
      <input_file id="fl-2a">
         <path>./driverlib/</path>
         <kind>object</kind>
         <file>timer.obj</file>
         <name>timer.obj</name>
      </input_file>
      <input_file id="fl-2b">
         <path>./driverlib/</path>
         <kind>object</kind>
         <file>uart.obj</file>
         <name>uart.obj</name>
      </input_file>
      <input_file id="fl-2c">
         <path>./driverlib/</path>
         <kind>object</kind>
         <file>udma.obj</file>
         <name>udma.obj</name>
      </input_file>
      <input_file id="fl-2d">
         <path>./driverlib/</path>
         <kind>object</kind>
         <file>usb.obj</file>
         <name>usb.obj</name>
      </input_file>
      <input_file id="fl-2e">
         <path>./driverlib/</path>
         <kind>object</kind>
         <file>watchdog.obj</file>
         <name>watchdog.obj</name>
      </input_file>
      <input_file id="fl-2f">
         <path>./drivers/</path>
         <kind>object</kind>
         <file>buttons.obj</file>
         <name>buttons.obj</name>
      </input_file>
      <input_file id="fl-30">
         <path>./drivers/</path>
         <kind>object</kind>
         <file>pinout.obj</file>
         <name>pinout.obj</name>
      </input_file>
      <input_file id="fl-31">
         <path>./utils/</path>
         <kind>object</kind>
         <file>uartstdio.obj</file>
         <name>uartstdio.obj</name>
      </input_file>
      <input_file id="fl-37">
         <kind>object</kind>
         <file>&lt;internal&gt;</file>
         <name>&lt;internal&gt;</name>
      </input_file>
      <input_file id="fl-ed">
         <path>/home/parth/ti/ccs1260/ccs/tools/compiler/ti-cgt-arm_20.2.7.LTS/lib/</path>
         <kind>archive</kind>
         <file>rtsv7M4_T_le_v4SPD16_eabi.lib</file>
         <name>fd_div_t2.asm.obj</name>
      </input_file>
      <input_file id="fl-ee">
         <path>/home/parth/ti/ccs1260/ccs/tools/compiler/ti-cgt-arm_20.2.7.LTS/lib/</path>
         <kind>archive</kind>
         <file>rtsv7M4_T_le_v4SPD16_eabi.lib</file>
         <name>fd_tou_t2.asm.obj</name>
      </input_file>
      <input_file id="fl-ef">
         <path>/home/parth/ti/ccs1260/ccs/tools/compiler/ti-cgt-arm_20.2.7.LTS/lib/</path>
         <kind>archive</kind>
         <file>rtsv7M4_T_le_v4SPD16_eabi.lib</file>
         <name>memcpy_t2.asm.obj</name>
      </input_file>
      <input_file id="fl-f0">
         <path>/home/parth/ti/ccs1260/ccs/tools/compiler/ti-cgt-arm_20.2.7.LTS/lib/</path>
         <kind>archive</kind>
         <file>rtsv7M4_T_le_v4SPD16_eabi.lib</file>
         <name>memset_t2.asm.obj</name>
      </input_file>
      <input_file id="fl-f1">
         <path>/home/parth/ti/ccs1260/ccs/tools/compiler/ti-cgt-arm_20.2.7.LTS/lib/</path>
         <kind>archive</kind>
         <file>rtsv7M4_T_le_v4SPD16_eabi.lib</file>
         <name>u_divt2.asm.obj</name>
      </input_file>
      <input_file id="fl-f2">
         <path>/home/parth/ti/ccs1260/ccs/tools/compiler/ti-cgt-arm_20.2.7.LTS/lib/</path>
         <kind>archive</kind>
         <file>rtsv7M4_T_le_v4SPD16_eabi.lib</file>
         <name>copy_zero_init.c.obj</name>
      </input_file>
      <input_file id="fl-f3">
         <path>/home/parth/ti/ccs1260/ccs/tools/compiler/ti-cgt-arm_20.2.7.LTS/lib/</path>
         <kind>archive</kind>
         <file>rtsv7M4_T_le_v4SPD16_eabi.lib</file>
         <name>copy_decompress_none.c.obj</name>
      </input_file>
      <input_file id="fl-f4">
         <path>/home/parth/ti/ccs1260/ccs/tools/compiler/ti-cgt-arm_20.2.7.LTS/lib/</path>
         <kind>archive</kind>
         <file>rtsv7M4_T_le_v4SPD16_eabi.lib</file>
         <name>copy_decompress_lzss.c.obj</name>
      </input_file>
      <input_file id="fl-f5">
         <path>/home/parth/ti/ccs1260/ccs/tools/compiler/ti-cgt-arm_20.2.7.LTS/lib/</path>
         <kind>archive</kind>
         <file>rtsv7M4_T_le_v4SPD16_eabi.lib</file>
         <name>boot_cortex_m.c.obj</name>
      </input_file>
      <input_file id="fl-f6">
         <path>/home/parth/ti/ccs1260/ccs/tools/compiler/ti-cgt-arm_20.2.7.LTS/lib/</path>
         <kind>archive</kind>
         <file>rtsv7M4_T_le_v4SPD16_eabi.lib</file>
         <name>div0.asm.obj</name>
      </input_file>
      <input_file id="fl-f7">
         <path>/home/parth/ti/ccs1260/ccs/tools/compiler/ti-cgt-arm_20.2.7.LTS/lib/</path>
         <kind>archive</kind>
         <file>rtsv7M4_T_le_v4SPD16_eabi.lib</file>
         <name>autoinit.c.obj</name>
      </input_file>
      <input_file id="fl-f8">
         <path>/home/parth/ti/ccs1260/ccs/tools/compiler/ti-cgt-arm_20.2.7.LTS/lib/</path>
         <kind>archive</kind>
         <file>rtsv7M4_T_le_v4SPD16_eabi.lib</file>
         <name>pre_init.c.obj</name>
      </input_file>
      <input_file id="fl-f9">
         <path>/home/parth/ti/ccs1260/ccs/tools/compiler/ti-cgt-arm_20.2.7.LTS/lib/</path>
         <kind>archive</kind>
         <file>rtsv7M4_T_le_v4SPD16_eabi.lib</file>
         <name>cpy_tbl.c.obj</name>
      </input_file>
      <input_file id="fl-fa">
         <path>/home/parth/ti/ccs1260/ccs/tools/compiler/ti-cgt-arm_20.2.7.LTS/lib/</path>
         <kind>archive</kind>
         <file>rtsv7M4_T_le_v4SPD16_eabi.lib</file>
         <name>exit.c.obj</name>
      </input_file>
      <input_file id="fl-fb">
         <path>/home/parth/ti/ccs1260/ccs/tools/compiler/ti-cgt-arm_20.2.7.LTS/lib/</path>
         <kind>archive</kind>
         <file>rtsv7M4_T_le_v4SPD16_eabi.lib</file>
         <name>_lock.c.obj</name>
      </input_file>
      <input_file id="fl-fc">
         <path>/home/parth/ti/ccs1260/ccs/tools/compiler/ti-cgt-arm_20.2.7.LTS/lib/</path>
         <kind>archive</kind>
         <file>rtsv7M4_T_le_v4SPD16_eabi.lib</file>
         <name>args_main.c.obj</name>
      </input_file>
   </input_file_list>
   <object_component_list>
      <object_component id="oc-12">
         <name>.intvecs</name>
         <load_address>0x0</load_address>
         <run_address>0x0</run_address>
         <size>0x208</size>
         <input_file_ref idref="fl-3"/>
      </object_component>
      <object_component id="oc-7f">
         <name>.text</name>
         <load_address>0x208</load_address>
         <run_address>0x208</run_address>
         <size>0x2148</size>
         <input_file_ref idref="fl-9"/>
      </object_component>
      <object_component id="oc-220">
         <name>.text</name>
         <load_address>0x2350</load_address>
         <run_address>0x2350</run_address>
         <size>0x1288</size>
         <input_file_ref idref="fl-1b"/>
      </object_component>
      <object_component id="oc-15c">
         <name>.text</name>
         <load_address>0x35d8</load_address>
         <run_address>0x35d8</run_address>
         <size>0xde4</size>
         <input_file_ref idref="fl-7"/>
      </object_component>
      <object_component id="oc-14c">
         <name>.text</name>
         <load_address>0x43bc</load_address>
         <run_address>0x43bc</run_address>
         <size>0xd20</size>
         <input_file_ref idref="fl-2a"/>
      </object_component>
      <object_component id="oc-f6">
         <name>.text</name>
         <load_address>0x50dc</load_address>
         <run_address>0x50dc</run_address>
         <size>0x634</size>
         <input_file_ref idref="fl-a"/>
      </object_component>
      <object_component id="oc-13d">
         <name>.text</name>
         <load_address>0x5710</load_address>
         <run_address>0x5710</run_address>
         <size>0x574</size>
         <input_file_ref idref="fl-31"/>
      </object_component>
      <object_component id="oc-22e">
         <name>.text</name>
         <load_address>0x5c84</load_address>
         <run_address>0x5c84</run_address>
         <size>0x490</size>
         <input_file_ref idref="fl-1e"/>
      </object_component>
      <object_component id="oc-c2">
         <name>.text</name>
         <load_address>0x6114</load_address>
         <run_address>0x6114</run_address>
         <size>0x490</size>
         <input_file_ref idref="fl-2"/>
      </object_component>
      <object_component id="oc-146">
         <name>.text</name>
         <load_address>0x65a4</load_address>
         <run_address>0x65a4</run_address>
         <size>0x3a0</size>
         <input_file_ref idref="fl-30"/>
      </object_component>
      <object_component id="oc-de">
         <name>.text</name>
         <load_address>0x6944</load_address>
         <run_address>0x6944</run_address>
         <size>0x24c</size>
         <input_file_ref idref="fl-d"/>
      </object_component>
      <object_component id="oc-32">
         <name>.text</name>
         <load_address>0x6b90</load_address>
         <run_address>0x6b90</run_address>
         <size>0x13c</size>
         <input_file_ref idref="fl-b"/>
      </object_component>
      <object_component id="oc-152">
         <name>.text</name>
         <load_address>0x6ccc</load_address>
         <run_address>0x6ccc</run_address>
         <size>0x136</size>
         <input_file_ref idref="fl-ed"/>
      </object_component>
      <object_component id="oc-e4">
         <name>.text</name>
         <load_address>0x6e02</load_address>
         <run_address>0x6e02</run_address>
         <size>0x12a</size>
         <input_file_ref idref="fl-6"/>
      </object_component>
      <object_component id="oc-2d">
         <name>.text</name>
         <load_address>0x6f2c</load_address>
         <run_address>0x6f2c</run_address>
         <size>0xda</size>
         <input_file_ref idref="fl-c"/>
      </object_component>
      <object_component id="oc-46">
         <name>.text</name>
         <load_address>0x7006</load_address>
         <run_address>0x7006</run_address>
         <size>0x9c</size>
         <input_file_ref idref="fl-ef"/>
      </object_component>
      <object_component id="oc-b6">
         <name>.text</name>
         <load_address>0x70a2</load_address>
         <run_address>0x70a2</run_address>
         <size>0x7a</size>
         <input_file_ref idref="fl-f0"/>
      </object_component>
      <object_component id="oc-15">
         <name>.text:decompress:lzss:__TI_decompress_lzss</name>
         <load_address>0x711c</load_address>
         <run_address>0x711c</run_address>
         <size>0x68</size>
         <input_file_ref idref="fl-f4"/>
      </object_component>
      <object_component id="oc-175">
         <name>.text:__TI_auto_init_nobinit_nopinit:__TI_auto_init_nobinit_nopinit</name>
         <load_address>0x7184</load_address>
         <run_address>0x7184</run_address>
         <size>0x44</size>
         <input_file_ref idref="fl-f7"/>
      </object_component>
      <object_component id="oc-157">
         <name>.text</name>
         <load_address>0x71c8</load_address>
         <run_address>0x71c8</run_address>
         <size>0x44</size>
         <input_file_ref idref="fl-ee"/>
      </object_component>
      <object_component id="oc-20f">
         <name>.text</name>
         <load_address>0x720c</load_address>
         <run_address>0x720c</run_address>
         <size>0x40</size>
         <input_file_ref idref="fl-f1"/>
      </object_component>
      <object_component id="oc-2a4">
         <name>.text</name>
         <load_address>0x724c</load_address>
         <run_address>0x724c</run_address>
         <size>0x3e</size>
         <input_file_ref idref="fl-12"/>
      </object_component>
      <object_component id="oc-288">
         <name>.text</name>
         <load_address>0x728a</load_address>
         <run_address>0x728a</run_address>
         <size>0x2</size>
         <input_file_ref idref="fl-f6"/>
      </object_component>
      <object_component id="oc-64">
         <name>.text:_c_int00_noargs:_c_int00_noargs</name>
         <load_address>0x728c</load_address>
         <run_address>0x728c</run_address>
         <size>0x34</size>
         <input_file_ref idref="fl-f5"/>
      </object_component>
      <object_component id="oc-1b">
         <name>.text:decompress:none:__TI_decompress_none</name>
         <load_address>0x72c0</load_address>
         <run_address>0x72c0</run_address>
         <size>0xe</size>
         <input_file_ref idref="fl-f3"/>
      </object_component>
      <object_component id="oc-58">
         <name>.text:decompress:ZI:__TI_zero_init</name>
         <load_address>0x72ce</load_address>
         <run_address>0x72ce</run_address>
         <size>0xc</size>
         <input_file_ref idref="fl-f2"/>
      </object_component>
      <object_component id="oc-27">
         <name>.text</name>
         <load_address>0x72da</load_address>
         <run_address>0x72da</run_address>
         <size>0xc</size>
         <input_file_ref idref="fl-3"/>
      </object_component>
      <object_component id="oc-bc">
         <name>.text:_system_pre_init</name>
         <load_address>0x72e6</load_address>
         <run_address>0x72e6</run_address>
         <size>0x4</size>
         <input_file_ref idref="fl-f8"/>
      </object_component>
      <object_component id="oc-169">
         <name>.text:abort:abort</name>
         <load_address>0x72ea</load_address>
         <run_address>0x72ea</run_address>
         <size>0x4</size>
         <input_file_ref idref="fl-fa"/>
      </object_component>
      <object_component id="oc-296">
         <name>.const:g_ppui32GPIOIntMapSnowflake</name>
         <load_address>0x72f0</load_address>
         <run_address>0x72f0</run_address>
         <size>0xd8</size>
         <input_file_ref idref="fl-1b"/>
      </object_component>
      <object_component id="oc-293">
         <name>.const:g_ppui32GPIOIntMapBlizzard</name>
         <load_address>0x73c8</load_address>
         <run_address>0x73c8</run_address>
         <size>0xc0</size>
         <input_file_ref idref="fl-1b"/>
      </object_component>
      <object_component id="oc-2b0">
         <name>.const:g_pui32Regs</name>
         <load_address>0x7488</load_address>
         <run_address>0x7488</run_address>
         <size>0x9c</size>
         <input_file_ref idref="fl-1e"/>
      </object_component>
      <object_component id="oc-299">
         <name>.const:g_pui32GPIOBaseAddrs</name>
         <load_address>0x7524</load_address>
         <run_address>0x7524</run_address>
         <size>0x90</size>
         <input_file_ref idref="fl-1b"/>
      </object_component>
      <object_component id="oc-228">
         <name>.const:g_ppui32TimerIntMap</name>
         <load_address>0x75b4</load_address>
         <run_address>0x75b4</run_address>
         <size>0x60</size>
         <input_file_ref idref="fl-2a"/>
      </object_component>
      <object_component id="oc-22b">
         <name>.const:g_ppui32TimerIntMapSnowflake</name>
         <load_address>0x7614</load_address>
         <run_address>0x7614</run_address>
         <size>0x40</size>
         <input_file_ref idref="fl-2a"/>
      </object_component>
      <object_component id="oc-2ad">
         <name>.const:g_pui32Priority</name>
         <load_address>0x7654</load_address>
         <run_address>0x7654</run_address>
         <size>0x20</size>
         <input_file_ref idref="fl-1e"/>
      </object_component>
      <object_component id="oc-2b6">
         <name>.const:g_pui32Dii16Regs</name>
         <load_address>0x7674</load_address>
         <run_address>0x7674</run_address>
         <size>0x14</size>
         <input_file_ref idref="fl-1e"/>
      </object_component>
      <object_component id="oc-2b3">
         <name>.const:g_pui32EnRegs</name>
         <load_address>0x7688</load_address>
         <run_address>0x7688</run_address>
         <size>0x14</size>
         <input_file_ref idref="fl-1e"/>
      </object_component>
      <object_component id="oc-2b9">
         <name>.const:g_pui32PendRegs</name>
         <load_address>0x769c</load_address>
         <run_address>0x769c</run_address>
         <size>0x14</size>
         <input_file_ref idref="fl-1e"/>
      </object_component>
      <object_component id="oc-2bc">
         <name>.const:g_pui32UnpendRegs</name>
         <load_address>0x76b0</load_address>
         <run_address>0x76b0</run_address>
         <size>0x14</size>
         <input_file_ref idref="fl-1e"/>
      </object_component>
      <object_component id="oc-28e">
         <name>.const:.string</name>
         <load_address>0x76c4</load_address>
         <run_address>0x76c4</run_address>
         <size>0x12</size>
         <input_file_ref idref="fl-31"/>
      </object_component>
      <object_component id="oc-20c">
         <name>.const:g_ui32UARTBase</name>
         <load_address>0x76d8</load_address>
         <run_address>0x76d8</run_address>
         <size>0xc</size>
         <input_file_ref idref="fl-31"/>
      </object_component>
      <object_component id="oc-206">
         <name>.const:g_ui32UARTPeriph</name>
         <load_address>0x76e4</load_address>
         <run_address>0x76e4</run_address>
         <size>0xc</size>
         <input_file_ref idref="fl-31"/>
      </object_component>
      <object_component id="oc-7c">
         <name>.const</name>
         <load_address>0x76f0</load_address>
         <run_address>0x76f0</run_address>
         <size>0x4</size>
         <input_file_ref idref="fl-b"/>
      </object_component>
      <object_component id="oc-ff">
         <name>.const</name>
         <load_address>0x76f4</load_address>
         <run_address>0x76f4</run_address>
         <size>0x4</size>
         <input_file_ref idref="fl-9"/>
      </object_component>
      <object_component id="oc-214">
         <name>.const</name>
         <load_address>0x76f8</load_address>
         <run_address>0x76f8</run_address>
         <size>0x4</size>
         <input_file_ref idref="fl-31"/>
      </object_component>
      <object_component id="oc-34c">
         <name>.cinit..data.load</name>
         <load_address>0x7700</load_address>
         <run_address>0x7700</run_address>
         <size>0x1d</size>
      </object_component>
      <object_component id="oc-349">
         <name>__TI_handler_table</name>
         <load_address>0x7720</load_address>
         <run_address>0x7720</run_address>
         <size>0xc</size>
      </object_component>
      <object_component id="oc-34d">
         <name>.cinit..bss.load</name>
         <load_address>0x7730</load_address>
         <run_address>0x7730</run_address>
         <size>0x8</size>
      </object_component>
      <object_component id="oc-34b">
         <name>.cinit..vtable.load</name>
         <load_address>0x7738</load_address>
         <run_address>0x7738</run_address>
         <size>0x8</size>
      </object_component>
      <object_component id="oc-34a">
         <name>__TI_cinit_table</name>
         <load_address>0x7740</load_address>
         <run_address>0x7740</run_address>
         <size>0x18</size>
      </object_component>
      <object_component id="oc-2aa">
         <name>.vtable</name>
         <uninitialized>true</uninitialized>
         <run_address>0x20000000</run_address>
         <size>0x26c</size>
         <input_file_ref idref="fl-1e"/>
      </object_component>
      <object_component id="oc-143">
         <name>.data</name>
         <load_address>0x2000c960</load_address>
         <run_address>0x2000c960</run_address>
         <size>0x10</size>
         <input_file_ref idref="fl-2"/>
      </object_component>
      <object_component id="oc-79">
         <name>.data</name>
         <load_address>0x2000c928</load_address>
         <run_address>0x2000c928</run_address>
         <size>0x34</size>
         <input_file_ref idref="fl-9"/>
      </object_component>
      <object_component id="oc-1da">
         <name>.data</name>
         <load_address>0x2000c970</load_address>
         <run_address>0x2000c970</run_address>
         <size>0xc</size>
         <input_file_ref idref="fl-a"/>
      </object_component>
      <object_component id="oc-86">
         <name>.data</name>
         <load_address>0x2000c95c</load_address>
         <run_address>0x2000c95c</run_address>
         <size>0x4</size>
         <input_file_ref idref="fl-b"/>
      </object_component>
      <object_component id="oc-1c2">
         <name>.data</name>
         <load_address>0x2000c97c</load_address>
         <run_address>0x2000c97c</run_address>
         <size>0x8</size>
         <input_file_ref idref="fl-d"/>
      </object_component>
      <object_component id="oc-209">
         <name>.data</name>
         <load_address>0x2000c984</load_address>
         <run_address>0x2000c984</run_address>
         <size>0x5</size>
         <input_file_ref idref="fl-31"/>
      </object_component>
      <object_component id="oc-ea">
         <name>.bss:pxReadyTasksLists</name>
         <uninitialized>true</uninitialized>
         <run_address>0x2000c5bc</run_address>
         <size>0x64</size>
         <input_file_ref idref="fl-9"/>
      </object_component>
      <object_component id="oc-102">
         <name>.bss:xDelayedTaskList1</name>
         <uninitialized>true</uninitialized>
         <run_address>0x2000c688</run_address>
         <size>0x14</size>
         <input_file_ref idref="fl-9"/>
      </object_component>
      <object_component id="oc-105">
         <name>.bss:xDelayedTaskList2</name>
         <uninitialized>true</uninitialized>
         <run_address>0x2000c69c</run_address>
         <size>0x14</size>
         <input_file_ref idref="fl-9"/>
      </object_component>
      <object_component id="oc-f0">
         <name>.bss</name>
         <uninitialized>true</uninitialized>
         <run_address>0x2000c6ec</run_address>
         <size>0x8</size>
         <input_file_ref idref="fl-9"/>
      </object_component>
      <object_component id="oc-fc">
         <name>.bss:xPendingReadyList</name>
         <uninitialized>true</uninitialized>
         <run_address>0x2000c6b0</run_address>
         <size>0x14</size>
         <input_file_ref idref="fl-9"/>
      </object_component>
      <object_component id="oc-ed">
         <name>.bss:xTasksWaitingTermination</name>
         <uninitialized>true</uninitialized>
         <run_address>0x2000c6d8</run_address>
         <size>0x14</size>
         <input_file_ref idref="fl-9"/>
      </object_component>
      <object_component id="oc-f3">
         <name>.bss:xSuspendedTaskList</name>
         <uninitialized>true</uninitialized>
         <run_address>0x2000c6c4</run_address>
         <size>0x14</size>
         <input_file_ref idref="fl-9"/>
      </object_component>
      <object_component id="oc-1e0">
         <name>.bss:xActiveTimerList1</name>
         <uninitialized>true</uninitialized>
         <run_address>0x2000c660</run_address>
         <size>0x14</size>
         <input_file_ref idref="fl-a"/>
      </object_component>
      <object_component id="oc-1e3">
         <name>.bss:xActiveTimerList2</name>
         <uninitialized>true</uninitialized>
         <run_address>0x2000c674</run_address>
         <size>0x14</size>
         <input_file_ref idref="fl-a"/>
      </object_component>
      <object_component id="oc-1dd">
         <name>.bss</name>
         <uninitialized>true</uninitialized>
         <run_address>0x2000c6f4</run_address>
         <size>0x8</size>
         <input_file_ref idref="fl-a"/>
      </object_component>
      <object_component id="oc-1cb">
         <name>.bss:ucHeap</name>
         <uninitialized>true</uninitialized>
         <run_address>0x2000026c</run_address>
         <size>0xc350</size>
         <input_file_ref idref="fl-d"/>
      </object_component>
      <object_component id="oc-1c5">
         <name>.bss:xStart</name>
         <uninitialized>true</uninitialized>
         <run_address>0x2000c704</run_address>
         <size>0x8</size>
         <input_file_ref idref="fl-d"/>
      </object_component>
      <object_component id="oc-1c8">
         <name>.bss:xEnd</name>
         <uninitialized>true</uninitialized>
         <run_address>0x2000c6fc</run_address>
         <size>0x8</size>
         <input_file_ref idref="fl-d"/>
      </object_component>
      <object_component id="oc-166">
         <name>.common:task1SyncSemaphore</name>
         <uninitialized>true</uninitialized>
         <run_address>0x2000c718</run_address>
         <size>0x4</size>
      </object_component>
      <object_component id="oc-167">
         <name>.common:task2SyncSemaphore</name>
         <uninitialized>true</uninitialized>
         <run_address>0x2000c71c</run_address>
         <size>0x4</size>
      </object_component>
      <object_component id="oc-164">
         <name>.common:startTimeTick</name>
         <uninitialized>true</uninitialized>
         <run_address>0x2000c714</run_address>
         <size>0x4</size>
      </object_component>
      <object_component id="oc-162">
         <name>.common:Task1_handle</name>
         <uninitialized>true</uninitialized>
         <run_address>0x2000c70c</run_address>
         <size>0x4</size>
      </object_component>
      <object_component id="oc-163">
         <name>.common:Task2_handle</name>
         <uninitialized>true</uninitialized>
         <run_address>0x2000c710</run_address>
         <size>0x4</size>
      </object_component>
      <object_component id="oc-165">
         <name>.common:ulPeriod</name>
         <uninitialized>true</uninitialized>
         <run_address>0x2000c720</run_address>
         <size>0x4</size>
      </object_component>
      <object_component id="oc-23d">
         <name>.common:xQueueRegistry</name>
         <uninitialized>true</uninitialized>
         <run_address>0x2000c620</run_address>
         <size>0x40</size>
      </object_component>
      <object_component id="oc-24">
         <name>.stack</name>
         <uninitialized>true</uninitialized>
         <run_address>0x2000c728</run_address>
         <size>0x4</size>
         <input_file_ref idref="fl-f5"/>
      </object_component>
      <object_component id="oc-34f">
         <name>.stack</name>
         <uninitialized>true</uninitialized>
         <run_address>0x2000c728</run_address>
         <size>0x0</size>
      </object_component>
      <object_component id="oc-121">
         <name>.debug_info</name>
         <load_address>0x0</load_address>
         <run_address>0x0</run_address>
         <size>0x74c</size>
         <input_file_ref idref="fl-2"/>
      </object_component>
      <object_component id="oc-144">
         <name>.debug_info</name>
         <load_address>0x74c</load_address>
         <run_address>0x74c</run_address>
         <size>0xd7</size>
         <input_file_ref idref="fl-2"/>
      </object_component>
      <object_component id="oc-c3">
         <name>.debug_info</name>
         <load_address>0x823</load_address>
         <run_address>0x823</run_address>
         <size>0x95a</size>
         <input_file_ref idref="fl-2"/>
      </object_component>
      <object_component id="oc-112">
         <name>.debug_info</name>
         <load_address>0x117d</load_address>
         <run_address>0x117d</run_address>
         <size>0x315</size>
         <input_file_ref idref="fl-2"/>
      </object_component>
      <object_component id="oc-97">
         <name>.debug_info</name>
         <load_address>0x1492</load_address>
         <run_address>0x1492</run_address>
         <size>0x26b</size>
         <input_file_ref idref="fl-2"/>
      </object_component>
      <object_component id="oc-11c">
         <name>.debug_info</name>
         <load_address>0x16fd</load_address>
         <run_address>0x16fd</run_address>
         <size>0x461</size>
         <input_file_ref idref="fl-2"/>
      </object_component>
      <object_component id="oc-1fc">
         <name>.debug_info</name>
         <load_address>0x1b5e</load_address>
         <run_address>0x1b5e</run_address>
         <size>0x4f</size>
         <input_file_ref idref="fl-2"/>
      </object_component>
      <object_component id="oc-201">
         <name>.debug_info</name>
         <load_address>0x1bad</load_address>
         <run_address>0x1bad</run_address>
         <size>0x2c</size>
         <input_file_ref idref="fl-2"/>
      </object_component>
      <object_component id="oc-123">
         <name>.debug_info</name>
         <load_address>0x1bd9</load_address>
         <run_address>0x1bd9</run_address>
         <size>0x8b</size>
         <input_file_ref idref="fl-2"/>
      </object_component>
      <object_component id="oc-8b">
         <name>.debug_info</name>
         <load_address>0x1c64</load_address>
         <run_address>0x1c64</run_address>
         <size>0x2c</size>
         <input_file_ref idref="fl-2"/>
      </object_component>
      <object_component id="oc-1a9">
         <name>.debug_info</name>
         <load_address>0x1c90</load_address>
         <run_address>0x1c90</run_address>
         <size>0x4f</size>
         <input_file_ref idref="fl-2"/>
      </object_component>
      <object_component id="oc-128">
         <name>.debug_info</name>
         <load_address>0x1cdf</load_address>
         <run_address>0x1cdf</run_address>
         <size>0x2a4</size>
         <input_file_ref idref="fl-2"/>
      </object_component>
      <object_component id="oc-235">
         <name>.debug_info</name>
         <load_address>0x1f83</load_address>
         <run_address>0x1f83</run_address>
         <size>0xef</size>
         <input_file_ref idref="fl-2"/>
      </object_component>
      <object_component id="oc-9c">
         <name>.debug_info</name>
         <load_address>0x2072</load_address>
         <run_address>0x2072</run_address>
         <size>0xbb</size>
         <input_file_ref idref="fl-2"/>
      </object_component>
      <object_component id="oc-10d">
         <name>.debug_info</name>
         <load_address>0x212d</load_address>
         <run_address>0x212d</run_address>
         <size>0x53</size>
         <input_file_ref idref="fl-2"/>
      </object_component>
      <object_component id="oc-90">
         <name>.debug_info</name>
         <load_address>0x2180</load_address>
         <run_address>0x2180</run_address>
         <size>0x53</size>
         <input_file_ref idref="fl-2"/>
      </object_component>
      <object_component id="oc-219">
         <name>.debug_info</name>
         <load_address>0x21d3</load_address>
         <run_address>0x21d3</run_address>
         <size>0x2c</size>
         <input_file_ref idref="fl-2"/>
      </object_component>
      <object_component id="oc-117">
         <name>.debug_info</name>
         <load_address>0x21ff</load_address>
         <run_address>0x21ff</run_address>
         <size>0x14c</size>
         <input_file_ref idref="fl-2"/>
      </object_component>
      <object_component id="oc-3a">
         <name>.debug_info</name>
         <load_address>0x234b</load_address>
         <run_address>0x234b</run_address>
         <size>0x322</size>
         <input_file_ref idref="fl-3"/>
      </object_component>
      <object_component id="oc-13">
         <name>.debug_info</name>
         <load_address>0x266d</load_address>
         <run_address>0x266d</run_address>
         <size>0xe1</size>
         <input_file_ref idref="fl-3"/>
      </object_component>
      <object_component id="oc-28">
         <name>.debug_info</name>
         <load_address>0x274e</load_address>
         <run_address>0x274e</run_address>
         <size>0x260</size>
         <input_file_ref idref="fl-3"/>
      </object_component>
      <object_component id="oc-41">
         <name>.debug_info</name>
         <load_address>0x29ae</load_address>
         <run_address>0x29ae</run_address>
         <size>0x84</size>
         <input_file_ref idref="fl-3"/>
      </object_component>
      <object_component id="oc-266">
         <name>.debug_info</name>
         <load_address>0x2a32</load_address>
         <run_address>0x2a32</run_address>
         <size>0x63b</size>
         <input_file_ref idref="fl-5"/>
      </object_component>
      <object_component id="oc-1ae">
         <name>.debug_info</name>
         <load_address>0x306d</load_address>
         <run_address>0x306d</run_address>
         <size>0x110</size>
         <input_file_ref idref="fl-5"/>
      </object_component>
      <object_component id="oc-1bd">
         <name>.debug_info</name>
         <load_address>0x317d</load_address>
         <run_address>0x317d</run_address>
         <size>0x461</size>
         <input_file_ref idref="fl-5"/>
      </object_component>
      <object_component id="oc-2ed">
         <name>.debug_info</name>
         <load_address>0x35de</load_address>
         <run_address>0x35de</run_address>
         <size>0x76</size>
         <input_file_ref idref="fl-5"/>
      </object_component>
      <object_component id="oc-2f2">
         <name>.debug_info</name>
         <load_address>0x3654</load_address>
         <run_address>0x3654</run_address>
         <size>0x39</size>
         <input_file_ref idref="fl-5"/>
      </object_component>
      <object_component id="oc-1d1">
         <name>.debug_info</name>
         <load_address>0x368d</load_address>
         <run_address>0x368d</run_address>
         <size>0x372</size>
         <input_file_ref idref="fl-6"/>
      </object_component>
      <object_component id="oc-e5">
         <name>.debug_info</name>
         <load_address>0x39ff</load_address>
         <run_address>0x39ff</run_address>
         <size>0x49c</size>
         <input_file_ref idref="fl-6"/>
      </object_component>
      <object_component id="oc-23e">
         <name>.debug_info</name>
         <load_address>0x3e9b</load_address>
         <run_address>0x3e9b</run_address>
         <size>0x8db</size>
         <input_file_ref idref="fl-7"/>
      </object_component>
      <object_component id="oc-15d">
         <name>.debug_info</name>
         <load_address>0x4776</load_address>
         <run_address>0x4776</run_address>
         <size>0x37cb</size>
         <input_file_ref idref="fl-7"/>
      </object_component>
      <object_component id="oc-2c5">
         <name>.debug_info</name>
         <load_address>0x7f41</load_address>
         <run_address>0x7f41</run_address>
         <size>0x23f</size>
         <input_file_ref idref="fl-7"/>
      </object_component>
      <object_component id="oc-241">
         <name>.debug_info</name>
         <load_address>0x8180</load_address>
         <run_address>0x8180</run_address>
         <size>0x46</size>
         <input_file_ref idref="fl-7"/>
      </object_component>
      <object_component id="oc-1b3">
         <name>.debug_info</name>
         <load_address>0x81c6</load_address>
         <run_address>0x81c6</run_address>
         <size>0x35</size>
         <input_file_ref idref="fl-7"/>
      </object_component>
      <object_component id="oc-134">
         <name>.debug_info</name>
         <load_address>0x81fb</load_address>
         <run_address>0x81fb</run_address>
         <size>0x2c</size>
         <input_file_ref idref="fl-8"/>
      </object_component>
      <object_component id="oc-d6">
         <name>.debug_info</name>
         <load_address>0x8227</load_address>
         <run_address>0x8227</run_address>
         <size>0x7a6</size>
         <input_file_ref idref="fl-9"/>
      </object_component>
      <object_component id="oc-7a">
         <name>.debug_info</name>
         <load_address>0x89cd</load_address>
         <run_address>0x89cd</run_address>
         <size>0x337</size>
         <input_file_ref idref="fl-9"/>
      </object_component>
      <object_component id="oc-eb">
         <name>.debug_info</name>
         <load_address>0x8d04</load_address>
         <run_address>0x8d04</run_address>
         <size>0xe0</size>
         <input_file_ref idref="fl-9"/>
      </object_component>
      <object_component id="oc-103">
         <name>.debug_info</name>
         <load_address>0x8de4</load_address>
         <run_address>0x8de4</run_address>
         <size>0xe0</size>
         <input_file_ref idref="fl-9"/>
      </object_component>
      <object_component id="oc-106">
         <name>.debug_info</name>
         <load_address>0x8ec4</load_address>
         <run_address>0x8ec4</run_address>
         <size>0xe0</size>
         <input_file_ref idref="fl-9"/>
      </object_component>
      <object_component id="oc-f1">
         <name>.debug_info</name>
         <load_address>0x8fa4</load_address>
         <run_address>0x8fa4</run_address>
         <size>0x123</size>
         <input_file_ref idref="fl-9"/>
      </object_component>
      <object_component id="oc-fd">
         <name>.debug_info</name>
         <load_address>0x90c7</load_address>
         <run_address>0x90c7</run_address>
         <size>0xe0</size>
         <input_file_ref idref="fl-9"/>
      </object_component>
      <object_component id="oc-ee">
         <name>.debug_info</name>
         <load_address>0x91a7</load_address>
         <run_address>0x91a7</run_address>
         <size>0xee</size>
         <input_file_ref idref="fl-9"/>
      </object_component>
      <object_component id="oc-f4">
         <name>.debug_info</name>
         <load_address>0x9295</load_address>
         <run_address>0x9295</run_address>
         <size>0xe2</size>
         <input_file_ref idref="fl-9"/>
      </object_component>
      <object_component id="oc-100">
         <name>.debug_info</name>
         <load_address>0x9377</load_address>
         <run_address>0x9377</run_address>
         <size>0xe1</size>
         <input_file_ref idref="fl-9"/>
      </object_component>
      <object_component id="oc-80">
         <name>.debug_info</name>
         <load_address>0x9458</load_address>
         <run_address>0x9458</run_address>
         <size>0x527c</size>
         <input_file_ref idref="fl-9"/>
      </object_component>
      <object_component id="oc-d7">
         <name>.debug_info</name>
         <load_address>0xe6d4</load_address>
         <run_address>0xe6d4</run_address>
         <size>0x30c</size>
         <input_file_ref idref="fl-9"/>
      </object_component>
      <object_component id="oc-1b8">
         <name>.debug_info</name>
         <load_address>0xe9e0</load_address>
         <run_address>0xe9e0</run_address>
         <size>0x145</size>
         <input_file_ref idref="fl-9"/>
      </object_component>
      <object_component id="oc-1ec">
         <name>.debug_info</name>
         <load_address>0xeb25</load_address>
         <run_address>0xeb25</run_address>
         <size>0x851</size>
         <input_file_ref idref="fl-a"/>
      </object_component>
      <object_component id="oc-1e1">
         <name>.debug_info</name>
         <load_address>0xf376</load_address>
         <run_address>0xf376</run_address>
         <size>0xe0</size>
         <input_file_ref idref="fl-a"/>
      </object_component>
      <object_component id="oc-1e4">
         <name>.debug_info</name>
         <load_address>0xf456</load_address>
         <run_address>0xf456</run_address>
         <size>0xe0</size>
         <input_file_ref idref="fl-a"/>
      </object_component>
      <object_component id="oc-1de">
         <name>.debug_info</name>
         <load_address>0xf536</load_address>
         <run_address>0xf536</run_address>
         <size>0x118</size>
         <input_file_ref idref="fl-a"/>
      </object_component>
      <object_component id="oc-1db">
         <name>.debug_info</name>
         <load_address>0xf64e</load_address>
         <run_address>0xf64e</run_address>
         <size>0x104</size>
         <input_file_ref idref="fl-a"/>
      </object_component>
      <object_component id="oc-f7">
         <name>.debug_info</name>
         <load_address>0xf752</load_address>
         <run_address>0xf752</run_address>
         <size>0x1f80</size>
         <input_file_ref idref="fl-a"/>
      </object_component>
      <object_component id="oc-1ed">
         <name>.debug_info</name>
         <load_address>0x116d2</load_address>
         <run_address>0x116d2</run_address>
         <size>0x1ce</size>
         <input_file_ref idref="fl-a"/>
      </object_component>
      <object_component id="oc-1e7">
         <name>.debug_info</name>
         <load_address>0x118a0</load_address>
         <run_address>0x118a0</run_address>
         <size>0x46</size>
         <input_file_ref idref="fl-a"/>
      </object_component>
      <object_component id="oc-8a">
         <name>.debug_info</name>
         <load_address>0x118e6</load_address>
         <run_address>0x118e6</run_address>
         <size>0x408</size>
         <input_file_ref idref="fl-b"/>
      </object_component>
      <object_component id="oc-7d">
         <name>.debug_info</name>
         <load_address>0x11cee</load_address>
         <run_address>0x11cee</run_address>
         <size>0x10d</size>
         <input_file_ref idref="fl-b"/>
      </object_component>
      <object_component id="oc-87">
         <name>.debug_info</name>
         <load_address>0x11dfb</load_address>
         <run_address>0x11dfb</run_address>
         <size>0xf4</size>
         <input_file_ref idref="fl-b"/>
      </object_component>
      <object_component id="oc-33">
         <name>.debug_info</name>
         <load_address>0x11eef</load_address>
         <run_address>0x11eef</run_address>
         <size>0x6a4</size>
         <input_file_ref idref="fl-b"/>
      </object_component>
      <object_component id="oc-2e">
         <name>.debug_info</name>
         <load_address>0x12593</load_address>
         <run_address>0x12593</run_address>
         <size>0x242</size>
         <input_file_ref idref="fl-c"/>
      </object_component>
      <object_component id="oc-1cf">
         <name>.debug_info</name>
         <load_address>0x127d5</load_address>
         <run_address>0x127d5</run_address>
         <size>0x449</size>
         <input_file_ref idref="fl-d"/>
      </object_component>
      <object_component id="oc-1cc">
         <name>.debug_info</name>
         <load_address>0x12c1e</load_address>
         <run_address>0x12c1e</run_address>
         <size>0xdb</size>
         <input_file_ref idref="fl-d"/>
      </object_component>
      <object_component id="oc-1c6">
         <name>.debug_info</name>
         <load_address>0x12cf9</load_address>
         <run_address>0x12cf9</run_address>
         <size>0xdb</size>
         <input_file_ref idref="fl-d"/>
      </object_component>
      <object_component id="oc-1c9">
         <name>.debug_info</name>
         <load_address>0x12dd4</load_address>
         <run_address>0x12dd4</run_address>
         <size>0xd7</size>
         <input_file_ref idref="fl-d"/>
      </object_component>
      <object_component id="oc-1c3">
         <name>.debug_info</name>
         <load_address>0x12eab</load_address>
         <run_address>0x12eab</run_address>
         <size>0xf5</size>
         <input_file_ref idref="fl-d"/>
      </object_component>
      <object_component id="oc-df">
         <name>.debug_info</name>
         <load_address>0x12fa0</load_address>
         <run_address>0x12fa0</run_address>
         <size>0x7c5</size>
         <input_file_ref idref="fl-d"/>
      </object_component>
      <object_component id="oc-26b">
         <name>.debug_info</name>
         <load_address>0x13765</load_address>
         <run_address>0x13765</run_address>
         <size>0x62</size>
         <input_file_ref idref="fl-d"/>
      </object_component>
      <object_component id="oc-2a5">
         <name>.debug_info</name>
         <load_address>0x137c7</load_address>
         <run_address>0x137c7</run_address>
         <size>0x32d</size>
         <input_file_ref idref="fl-12"/>
      </object_component>
      <object_component id="oc-29d">
         <name>.debug_info</name>
         <load_address>0x13af4</load_address>
         <run_address>0x13af4</run_address>
         <size>0x380</size>
         <input_file_ref idref="fl-1b"/>
      </object_component>
      <object_component id="oc-294">
         <name>.debug_info</name>
         <load_address>0x13e74</load_address>
         <run_address>0x13e74</run_address>
         <size>0xf1</size>
         <input_file_ref idref="fl-1b"/>
      </object_component>
      <object_component id="oc-297">
         <name>.debug_info</name>
         <load_address>0x13f65</load_address>
         <run_address>0x13f65</run_address>
         <size>0xf3</size>
         <input_file_ref idref="fl-1b"/>
      </object_component>
      <object_component id="oc-29a">
         <name>.debug_info</name>
         <load_address>0x14058</load_address>
         <run_address>0x14058</run_address>
         <size>0xe5</size>
         <input_file_ref idref="fl-1b"/>
      </object_component>
      <object_component id="oc-221">
         <name>.debug_info</name>
         <load_address>0x1413d</load_address>
         <run_address>0x1413d</run_address>
         <size>0x3a29</size>
         <input_file_ref idref="fl-1b"/>
      </object_component>
      <object_component id="oc-2c0">
         <name>.debug_info</name>
         <load_address>0x17b66</load_address>
         <run_address>0x17b66</run_address>
         <size>0x35d</size>
         <input_file_ref idref="fl-1e"/>
      </object_component>
      <object_component id="oc-2ae">
         <name>.debug_info</name>
         <load_address>0x17ec3</load_address>
         <run_address>0x17ec3</run_address>
         <size>0xe0</size>
         <input_file_ref idref="fl-1e"/>
      </object_component>
      <object_component id="oc-2b1">
         <name>.debug_info</name>
         <load_address>0x17fa3</load_address>
         <run_address>0x17fa3</run_address>
         <size>0xd8</size>
         <input_file_ref idref="fl-1e"/>
      </object_component>
      <object_component id="oc-2b4">
         <name>.debug_info</name>
         <load_address>0x1807b</load_address>
         <run_address>0x1807b</run_address>
         <size>0xdc</size>
         <input_file_ref idref="fl-1e"/>
      </object_component>
      <object_component id="oc-2b7">
         <name>.debug_info</name>
         <load_address>0x18157</load_address>
         <run_address>0x18157</run_address>
         <size>0xe2</size>
         <input_file_ref idref="fl-1e"/>
      </object_component>
      <object_component id="oc-2ba">
         <name>.debug_info</name>
         <load_address>0x18239</load_address>
         <run_address>0x18239</run_address>
         <size>0xe0</size>
         <input_file_ref idref="fl-1e"/>
      </object_component>
      <object_component id="oc-2bd">
         <name>.debug_info</name>
         <load_address>0x18319</load_address>
         <run_address>0x18319</run_address>
         <size>0xe4</size>
         <input_file_ref idref="fl-1e"/>
      </object_component>
      <object_component id="oc-2ab">
         <name>.debug_info</name>
         <load_address>0x183fd</load_address>
         <run_address>0x183fd</run_address>
         <size>0xe1</size>
         <input_file_ref idref="fl-1e"/>
      </object_component>
      <object_component id="oc-22f">
         <name>.debug_info</name>
         <load_address>0x184de</load_address>
         <run_address>0x184de</run_address>
         <size>0xda1</size>
         <input_file_ref idref="fl-1e"/>
      </object_component>
      <object_component id="oc-23a">
         <name>.debug_info</name>
         <load_address>0x1927f</load_address>
         <run_address>0x1927f</run_address>
         <size>0x36d</size>
         <input_file_ref idref="fl-2a"/>
      </object_component>
      <object_component id="oc-229">
         <name>.debug_info</name>
         <load_address>0x195ec</load_address>
         <run_address>0x195ec</run_address>
         <size>0xe4</size>
         <input_file_ref idref="fl-2a"/>
      </object_component>
      <object_component id="oc-22c">
         <name>.debug_info</name>
         <load_address>0x196d0</load_address>
         <run_address>0x196d0</run_address>
         <size>0xf6</size>
         <input_file_ref idref="fl-2a"/>
      </object_component>
      <object_component id="oc-14d">
         <name>.debug_info</name>
         <load_address>0x197c6</load_address>
         <run_address>0x197c6</run_address>
         <size>0x2bf1</size>
         <input_file_ref idref="fl-2a"/>
      </object_component>
      <object_component id="oc-227">
         <name>.debug_info</name>
         <load_address>0x1c3b7</load_address>
         <run_address>0x1c3b7</run_address>
         <size>0x2e3</size>
         <input_file_ref idref="fl-30"/>
      </object_component>
      <object_component id="oc-147">
         <name>.debug_info</name>
         <load_address>0x1c69a</load_address>
         <run_address>0x1c69a</run_address>
         <size>0x474</size>
         <input_file_ref idref="fl-30"/>
      </object_component>
      <object_component id="oc-218">
         <name>.debug_info</name>
         <load_address>0x1cb0e</load_address>
         <run_address>0x1cb0e</run_address>
         <size>0x2ba</size>
         <input_file_ref idref="fl-31"/>
      </object_component>
      <object_component id="oc-20a">
         <name>.debug_info</name>
         <load_address>0x1cdc8</load_address>
         <run_address>0x1cdc8</run_address>
         <size>0xd2</size>
         <input_file_ref idref="fl-31"/>
      </object_component>
      <object_component id="oc-215">
         <name>.debug_info</name>
         <load_address>0x1ce9a</load_address>
         <run_address>0x1ce9a</run_address>
         <size>0xcc</size>
         <input_file_ref idref="fl-31"/>
      </object_component>
      <object_component id="oc-20d">
         <name>.debug_info</name>
         <load_address>0x1cf66</load_address>
         <run_address>0x1cf66</run_address>
         <size>0xda</size>
         <input_file_ref idref="fl-31"/>
      </object_component>
      <object_component id="oc-207">
         <name>.debug_info</name>
         <load_address>0x1d040</load_address>
         <run_address>0x1d040</run_address>
         <size>0xde</size>
         <input_file_ref idref="fl-31"/>
      </object_component>
      <object_component id="oc-13e">
         <name>.debug_info</name>
         <load_address>0x1d11e</load_address>
         <run_address>0x1d11e</run_address>
         <size>0x7b2</size>
         <input_file_ref idref="fl-31"/>
      </object_component>
      <object_component id="oc-153">
         <name>.debug_info</name>
         <load_address>0x1d8d0</load_address>
         <run_address>0x1d8d0</run_address>
         <size>0x13a</size>
         <input_file_ref idref="fl-ed"/>
      </object_component>
      <object_component id="oc-158">
         <name>.debug_info</name>
         <load_address>0x1da0a</load_address>
         <run_address>0x1da0a</run_address>
         <size>0x139</size>
         <input_file_ref idref="fl-ee"/>
      </object_component>
      <object_component id="oc-47">
         <name>.debug_info</name>
         <load_address>0x1db43</load_address>
         <run_address>0x1db43</run_address>
         <size>0x119</size>
         <input_file_ref idref="fl-ef"/>
      </object_component>
      <object_component id="oc-b7">
         <name>.debug_info</name>
         <load_address>0x1dc5c</load_address>
         <run_address>0x1dc5c</run_address>
         <size>0x147</size>
         <input_file_ref idref="fl-f0"/>
      </object_component>
      <object_component id="oc-210">
         <name>.debug_info</name>
         <load_address>0x1dda3</load_address>
         <run_address>0x1dda3</run_address>
         <size>0x142</size>
         <input_file_ref idref="fl-f1"/>
      </object_component>
      <object_component id="oc-b5">
         <name>.debug_info</name>
         <load_address>0x1dee5</load_address>
         <run_address>0x1dee5</run_address>
         <size>0x2d4</size>
         <input_file_ref idref="fl-f2"/>
      </object_component>
      <object_component id="oc-59">
         <name>.debug_info</name>
         <load_address>0x1e1b9</load_address>
         <run_address>0x1e1b9</run_address>
         <size>0x1b5</size>
         <input_file_ref idref="fl-f2"/>
      </object_component>
      <object_component id="oc-b0">
         <name>.debug_info</name>
         <load_address>0x1e36e</load_address>
         <run_address>0x1e36e</run_address>
         <size>0x46</size>
         <input_file_ref idref="fl-f2"/>
      </object_component>
      <object_component id="oc-51">
         <name>.debug_info</name>
         <load_address>0x1e3b4</load_address>
         <run_address>0x1e3b4</run_address>
         <size>0x2a8</size>
         <input_file_ref idref="fl-f3"/>
      </object_component>
      <object_component id="oc-1c">
         <name>.debug_info</name>
         <load_address>0x1e65c</load_address>
         <run_address>0x1e65c</run_address>
         <size>0x1ea</size>
         <input_file_ref idref="fl-f3"/>
      </object_component>
      <object_component id="oc-4c">
         <name>.debug_info</name>
         <load_address>0x1e846</load_address>
         <run_address>0x1e846</run_address>
         <size>0x46</size>
         <input_file_ref idref="fl-f3"/>
      </object_component>
      <object_component id="oc-a8">
         <name>.debug_info</name>
         <load_address>0x1e88c</load_address>
         <run_address>0x1e88c</run_address>
         <size>0x2c</size>
         <input_file_ref idref="fl-f3"/>
      </object_component>
      <object_component id="oc-a6">
         <name>.debug_info</name>
         <load_address>0x1e8b8</load_address>
         <run_address>0x1e8b8</run_address>
         <size>0x29e</size>
         <input_file_ref idref="fl-f4"/>
      </object_component>
      <object_component id="oc-16">
         <name>.debug_info</name>
         <load_address>0x1eb56</load_address>
         <run_address>0x1eb56</run_address>
         <size>0x250</size>
         <input_file_ref idref="fl-f4"/>
      </object_component>
      <object_component id="oc-3c">
         <name>.debug_info</name>
         <load_address>0x1eda6</load_address>
         <run_address>0x1eda6</run_address>
         <size>0x60</size>
         <input_file_ref idref="fl-f4"/>
      </object_component>
      <object_component id="oc-12d">
         <name>.debug_info</name>
         <load_address>0x1ee06</load_address>
         <run_address>0x1ee06</run_address>
         <size>0x46</size>
         <input_file_ref idref="fl-f4"/>
      </object_component>
      <object_component id="oc-a1">
         <name>.debug_info</name>
         <load_address>0x1ee4c</load_address>
         <run_address>0x1ee4c</run_address>
         <size>0x39</size>
         <input_file_ref idref="fl-f4"/>
      </object_component>
      <object_component id="oc-25">
         <name>.debug_info</name>
         <load_address>0x1ee85</load_address>
         <run_address>0x1ee85</run_address>
         <size>0x10b</size>
         <input_file_ref idref="fl-f5"/>
      </object_component>
      <object_component id="oc-65">
         <name>.debug_info</name>
         <load_address>0x1ef90</load_address>
         <run_address>0x1ef90</run_address>
         <size>0x1a9</size>
         <input_file_ref idref="fl-f5"/>
      </object_component>
      <object_component id="oc-289">
         <name>.debug_info</name>
         <load_address>0x1f139</load_address>
         <run_address>0x1f139</run_address>
         <size>0x115</size>
         <input_file_ref idref="fl-f6"/>
      </object_component>
      <object_component id="oc-251">
         <name>.debug_info</name>
         <load_address>0x1f24e</load_address>
         <run_address>0x1f24e</run_address>
         <size>0x4b3</size>
         <input_file_ref idref="fl-f7"/>
      </object_component>
      <object_component id="oc-176">
         <name>.debug_info</name>
         <load_address>0x1f701</load_address>
         <run_address>0x1f701</run_address>
         <size>0x1a6</size>
         <input_file_ref idref="fl-f7"/>
      </object_component>
      <object_component id="oc-2da">
         <name>.debug_info</name>
         <load_address>0x1f8a7</load_address>
         <run_address>0x1f8a7</run_address>
         <size>0x39</size>
         <input_file_ref idref="fl-f7"/>
      </object_component>
      <object_component id="oc-314">
         <name>.debug_info</name>
         <load_address>0x1f8e0</load_address>
         <run_address>0x1f8e0</run_address>
         <size>0x39</size>
         <input_file_ref idref="fl-f7"/>
      </object_component>
      <object_component id="oc-2df">
         <name>.debug_info</name>
         <load_address>0x1f919</load_address>
         <run_address>0x1f919</run_address>
         <size>0x39</size>
         <input_file_ref idref="fl-f7"/>
      </object_component>
      <object_component id="oc-2e4">
         <name>.debug_info</name>
         <load_address>0x1f952</load_address>
         <run_address>0x1f952</run_address>
         <size>0xcd</size>
         <input_file_ref idref="fl-f7"/>
      </object_component>
      <object_component id="oc-bd">
         <name>.debug_info</name>
         <load_address>0x1fa1f</load_address>
         <run_address>0x1fa1f</run_address>
         <size>0x153</size>
         <input_file_ref idref="fl-f8"/>
      </object_component>
      <object_component id="oc-16a">
         <name>.debug_info</name>
         <load_address>0x1fb72</load_address>
         <run_address>0x1fb72</run_address>
         <size>0x122</size>
         <input_file_ref idref="fl-fa"/>
      </object_component>
      <object_component id="oc-350">
         <name>.debug_info</name>
         <load_address>0x1fc94</load_address>
         <run_address>0x1fc94</run_address>
         <size>0x93</size>
      </object_component>
      <object_component id="oc-1fb">
         <name>.debug_line</name>
         <load_address>0x0</load_address>
         <run_address>0x0</run_address>
         <size>0xe5</size>
         <input_file_ref idref="fl-2"/>
      </object_component>
      <object_component id="oc-21f">
         <name>.debug_line</name>
         <load_address>0xe5</load_address>
         <run_address>0xe5</run_address>
         <size>0x2d</size>
         <input_file_ref idref="fl-2"/>
      </object_component>
      <object_component id="oc-c6">
         <name>.debug_line</name>
         <load_address>0x112</load_address>
         <run_address>0x112</run_address>
         <size>0x179</size>
         <input_file_ref idref="fl-2"/>
      </object_component>
      <object_component id="oc-115">
         <name>.debug_line</name>
         <load_address>0x28b</load_address>
         <run_address>0x28b</run_address>
         <size>0x58</size>
         <input_file_ref idref="fl-2"/>
      </object_component>
      <object_component id="oc-9a">
         <name>.debug_line</name>
         <load_address>0x2e3</load_address>
         <run_address>0x2e3</run_address>
         <size>0x78</size>
         <input_file_ref idref="fl-2"/>
      </object_component>
      <object_component id="oc-11f">
         <name>.debug_line</name>
         <load_address>0x35b</load_address>
         <run_address>0x35b</run_address>
         <size>0x5c</size>
         <input_file_ref idref="fl-2"/>
      </object_component>
      <object_component id="oc-1ff">
         <name>.debug_line</name>
         <load_address>0x3b7</load_address>
         <run_address>0x3b7</run_address>
         <size>0x59</size>
         <input_file_ref idref="fl-2"/>
      </object_component>
      <object_component id="oc-204">
         <name>.debug_line</name>
         <load_address>0x410</load_address>
         <run_address>0x410</run_address>
         <size>0x5a</size>
         <input_file_ref idref="fl-2"/>
      </object_component>
      <object_component id="oc-126">
         <name>.debug_line</name>
         <load_address>0x46a</load_address>
         <run_address>0x46a</run_address>
         <size>0x20</size>
         <input_file_ref idref="fl-2"/>
      </object_component>
      <object_component id="oc-8e">
         <name>.debug_line</name>
         <load_address>0x48a</load_address>
         <run_address>0x48a</run_address>
         <size>0x5c</size>
         <input_file_ref idref="fl-2"/>
      </object_component>
      <object_component id="oc-1ac">
         <name>.debug_line</name>
         <load_address>0x4e6</load_address>
         <run_address>0x4e6</run_address>
         <size>0x5a</size>
         <input_file_ref idref="fl-2"/>
      </object_component>
      <object_component id="oc-12b">
         <name>.debug_line</name>
         <load_address>0x540</load_address>
         <run_address>0x540</run_address>
         <size>0x7c</size>
         <input_file_ref idref="fl-2"/>
      </object_component>
      <object_component id="oc-238">
         <name>.debug_line</name>
         <load_address>0x5bc</load_address>
         <run_address>0x5bc</run_address>
         <size>0x78</size>
         <input_file_ref idref="fl-2"/>
      </object_component>
      <object_component id="oc-9f">
         <name>.debug_line</name>
         <load_address>0x634</load_address>
         <run_address>0x634</run_address>
         <size>0x79</size>
         <input_file_ref idref="fl-2"/>
      </object_component>
      <object_component id="oc-110">
         <name>.debug_line</name>
         <load_address>0x6ad</load_address>
         <run_address>0x6ad</run_address>
         <size>0x74</size>
         <input_file_ref idref="fl-2"/>
      </object_component>
      <object_component id="oc-93">
         <name>.debug_line</name>
         <load_address>0x721</load_address>
         <run_address>0x721</run_address>
         <size>0x6b</size>
         <input_file_ref idref="fl-2"/>
      </object_component>
      <object_component id="oc-21c">
         <name>.debug_line</name>
         <load_address>0x78c</load_address>
         <run_address>0x78c</run_address>
         <size>0x74</size>
         <input_file_ref idref="fl-2"/>
      </object_component>
      <object_component id="oc-11a">
         <name>.debug_line</name>
         <load_address>0x800</load_address>
         <run_address>0x800</run_address>
         <size>0x58</size>
         <input_file_ref idref="fl-2"/>
      </object_component>
      <object_component id="oc-96">
         <name>.debug_line</name>
         <load_address>0x858</load_address>
         <run_address>0x858</run_address>
         <size>0x42</size>
         <input_file_ref idref="fl-3"/>
      </object_component>
      <object_component id="oc-39">
         <name>.debug_line</name>
         <load_address>0x89a</load_address>
         <run_address>0x89a</run_address>
         <size>0x42</size>
         <input_file_ref idref="fl-3"/>
      </object_component>
      <object_component id="oc-2b">
         <name>.debug_line</name>
         <load_address>0x8dc</load_address>
         <run_address>0x8dc</run_address>
         <size>0xa2</size>
         <input_file_ref idref="fl-3"/>
      </object_component>
      <object_component id="oc-44">
         <name>.debug_line</name>
         <load_address>0x97e</load_address>
         <run_address>0x97e</run_address>
         <size>0x20</size>
         <input_file_ref idref="fl-3"/>
      </object_component>
      <object_component id="oc-2ec">
         <name>.debug_line</name>
         <load_address>0x99e</load_address>
         <run_address>0x99e</run_address>
         <size>0x117</size>
         <input_file_ref idref="fl-5"/>
      </object_component>
      <object_component id="oc-1b1">
         <name>.debug_line</name>
         <load_address>0xab5</load_address>
         <run_address>0xab5</run_address>
         <size>0x74</size>
         <input_file_ref idref="fl-5"/>
      </object_component>
      <object_component id="oc-1c0">
         <name>.debug_line</name>
         <load_address>0xb29</load_address>
         <run_address>0xb29</run_address>
         <size>0x5c</size>
         <input_file_ref idref="fl-5"/>
      </object_component>
      <object_component id="oc-2f0">
         <name>.debug_line</name>
         <load_address>0xb85</load_address>
         <run_address>0xb85</run_address>
         <size>0x3e</size>
         <input_file_ref idref="fl-5"/>
      </object_component>
      <object_component id="oc-2f5">
         <name>.debug_line</name>
         <load_address>0xbc3</load_address>
         <run_address>0xbc3</run_address>
         <size>0x60</size>
         <input_file_ref idref="fl-5"/>
      </object_component>
      <object_component id="oc-277">
         <name>.debug_line</name>
         <load_address>0xc23</load_address>
         <run_address>0xc23</run_address>
         <size>0x20</size>
         <input_file_ref idref="fl-6"/>
      </object_component>
      <object_component id="oc-e8">
         <name>.debug_line</name>
         <load_address>0xc43</load_address>
         <run_address>0xc43</run_address>
         <size>0xe9</size>
         <input_file_ref idref="fl-6"/>
      </object_component>
      <object_component id="oc-2c4">
         <name>.debug_line</name>
         <load_address>0xd2c</load_address>
         <run_address>0xd2c</run_address>
         <size>0x12e</size>
         <input_file_ref idref="fl-7"/>
      </object_component>
      <object_component id="oc-160">
         <name>.debug_line</name>
         <load_address>0xe5a</load_address>
         <run_address>0xe5a</run_address>
         <size>0x89d</size>
         <input_file_ref idref="fl-7"/>
      </object_component>
      <object_component id="oc-2c8">
         <name>.debug_line</name>
         <load_address>0x16f7</load_address>
         <run_address>0x16f7</run_address>
         <size>0x37</size>
         <input_file_ref idref="fl-7"/>
      </object_component>
      <object_component id="oc-244">
         <name>.debug_line</name>
         <load_address>0x172e</load_address>
         <run_address>0x172e</run_address>
         <size>0x59</size>
         <input_file_ref idref="fl-7"/>
      </object_component>
      <object_component id="oc-1b6">
         <name>.debug_line</name>
         <load_address>0x1787</load_address>
         <run_address>0x1787</run_address>
         <size>0x7d</size>
         <input_file_ref idref="fl-7"/>
      </object_component>
      <object_component id="oc-137">
         <name>.debug_line</name>
         <load_address>0x1804</load_address>
         <run_address>0x1804</run_address>
         <size>0x74</size>
         <input_file_ref idref="fl-8"/>
      </object_component>
      <object_component id="oc-1a8">
         <name>.debug_line</name>
         <load_address>0x1878</load_address>
         <run_address>0x1878</run_address>
         <size>0x16d</size>
         <input_file_ref idref="fl-9"/>
      </object_component>
      <object_component id="oc-d5">
         <name>.debug_line</name>
         <load_address>0x19e5</load_address>
         <run_address>0x19e5</run_address>
         <size>0x37</size>
         <input_file_ref idref="fl-9"/>
      </object_component>
      <object_component id="oc-1d3">
         <name>.debug_line</name>
         <load_address>0x1a1c</load_address>
         <run_address>0x1a1c</run_address>
         <size>0x37</size>
         <input_file_ref idref="fl-9"/>
      </object_component>
      <object_component id="oc-1f7">
         <name>.debug_line</name>
         <load_address>0x1a53</load_address>
         <run_address>0x1a53</run_address>
         <size>0x37</size>
         <input_file_ref idref="fl-9"/>
      </object_component>
      <object_component id="oc-1f9">
         <name>.debug_line</name>
         <load_address>0x1a8a</load_address>
         <run_address>0x1a8a</run_address>
         <size>0x37</size>
         <input_file_ref idref="fl-9"/>
      </object_component>
      <object_component id="oc-1d7">
         <name>.debug_line</name>
         <load_address>0x1ac1</load_address>
         <run_address>0x1ac1</run_address>
         <size>0x37</size>
         <input_file_ref idref="fl-9"/>
      </object_component>
      <object_component id="oc-1f3">
         <name>.debug_line</name>
         <load_address>0x1af8</load_address>
         <run_address>0x1af8</run_address>
         <size>0x37</size>
         <input_file_ref idref="fl-9"/>
      </object_component>
      <object_component id="oc-1d5">
         <name>.debug_line</name>
         <load_address>0x1b2f</load_address>
         <run_address>0x1b2f</run_address>
         <size>0x37</size>
         <input_file_ref idref="fl-9"/>
      </object_component>
      <object_component id="oc-1d9">
         <name>.debug_line</name>
         <load_address>0x1b66</load_address>
         <run_address>0x1b66</run_address>
         <size>0x37</size>
         <input_file_ref idref="fl-9"/>
      </object_component>
      <object_component id="oc-1f5">
         <name>.debug_line</name>
         <load_address>0x1b9d</load_address>
         <run_address>0x1b9d</run_address>
         <size>0x37</size>
         <input_file_ref idref="fl-9"/>
      </object_component>
      <object_component id="oc-83">
         <name>.debug_line</name>
         <load_address>0x1bd4</load_address>
         <run_address>0x1bd4</run_address>
         <size>0xd19</size>
         <input_file_ref idref="fl-9"/>
      </object_component>
      <object_component id="oc-da">
         <name>.debug_line</name>
         <load_address>0x28ed</load_address>
         <run_address>0x28ed</run_address>
         <size>0x58</size>
         <input_file_ref idref="fl-9"/>
      </object_component>
      <object_component id="oc-1bb">
         <name>.debug_line</name>
         <load_address>0x2945</load_address>
         <run_address>0x2945</run_address>
         <size>0x37</size>
         <input_file_ref idref="fl-9"/>
      </object_component>
      <object_component id="oc-281">
         <name>.debug_line</name>
         <load_address>0x297c</load_address>
         <run_address>0x297c</run_address>
         <size>0x150</size>
         <input_file_ref idref="fl-a"/>
      </object_component>
      <object_component id="oc-27d">
         <name>.debug_line</name>
         <load_address>0x2acc</load_address>
         <run_address>0x2acc</run_address>
         <size>0x38</size>
         <input_file_ref idref="fl-a"/>
      </object_component>
      <object_component id="oc-27f">
         <name>.debug_line</name>
         <load_address>0x2b04</load_address>
         <run_address>0x2b04</run_address>
         <size>0x38</size>
         <input_file_ref idref="fl-a"/>
      </object_component>
      <object_component id="oc-27b">
         <name>.debug_line</name>
         <load_address>0x2b3c</load_address>
         <run_address>0x2b3c</run_address>
         <size>0x38</size>
         <input_file_ref idref="fl-a"/>
      </object_component>
      <object_component id="oc-279">
         <name>.debug_line</name>
         <load_address>0x2b74</load_address>
         <run_address>0x2b74</run_address>
         <size>0x38</size>
         <input_file_ref idref="fl-a"/>
      </object_component>
      <object_component id="oc-fa">
         <name>.debug_line</name>
         <load_address>0x2bac</load_address>
         <run_address>0x2bac</run_address>
         <size>0x491</size>
         <input_file_ref idref="fl-a"/>
      </object_component>
      <object_component id="oc-1f0">
         <name>.debug_line</name>
         <load_address>0x303d</load_address>
         <run_address>0x303d</run_address>
         <size>0x38</size>
         <input_file_ref idref="fl-a"/>
      </object_component>
      <object_component id="oc-1ea">
         <name>.debug_line</name>
         <load_address>0x3075</load_address>
         <run_address>0x3075</run_address>
         <size>0x5a</size>
         <input_file_ref idref="fl-a"/>
      </object_component>
      <object_component id="oc-10c">
         <name>.debug_line</name>
         <load_address>0x30cf</load_address>
         <run_address>0x30cf</run_address>
         <size>0x84</size>
         <input_file_ref idref="fl-b"/>
      </object_component>
      <object_component id="oc-dd">
         <name>.debug_line</name>
         <load_address>0x3153</load_address>
         <run_address>0x3153</run_address>
         <size>0x4c</size>
         <input_file_ref idref="fl-b"/>
      </object_component>
      <object_component id="oc-10a">
         <name>.debug_line</name>
         <load_address>0x319f</load_address>
         <run_address>0x319f</run_address>
         <size>0x4c</size>
         <input_file_ref idref="fl-b"/>
      </object_component>
      <object_component id="oc-36">
         <name>.debug_line</name>
         <load_address>0x31eb</load_address>
         <run_address>0x31eb</run_address>
         <size>0x14e</size>
[...]
         <value>0x350f</value>
         <object_component_ref idref="oc-220"/>
      </symbol>
      <symbol id="sm-728">
         <name>GPIOPinTypeGPIOInput</name>
         <value>0x3079</value>
         <object_component_ref idref="oc-220"/>
      </symbol>
      <symbol id="sm-729">
         <name>GPIOIntUnregisterPin</name>
         <value>0x2e15</value>
         <object_component_ref idref="oc-220"/>
      </symbol>
      <symbol id="sm-72a">
         <name>GPIOIntUnregister</name>
         <value>0x2d5d</value>
         <object_component_ref idref="oc-220"/>
      </symbol>
      <symbol id="sm-72b">
         <name>GPIOPinTypeComparator</name>
         <value>0x2f27</value>
         <object_component_ref idref="oc-220"/>
      </symbol>
      <symbol id="sm-72c">
         <name>GPIOPinTypeComparatorOutput</name>
         <value>0x2f5d</value>
         <object_component_ref idref="oc-220"/>
      </symbol>
      <symbol id="sm-72d">
         <name>GPIOPadConfigGet</name>
         <value>0x2ae9</value>
         <object_component_ref idref="oc-220"/>
      </symbol>
      <symbol id="sm-72e">
         <name>GPIOPinTypeOneWire</name>
         <value>0x31f3</value>
         <object_component_ref idref="oc-220"/>
      </symbol>
      <symbol id="sm-72f">
         <name>GPIOIntClear</name>
         <value>0x2cfd</value>
         <object_component_ref idref="oc-220"/>
      </symbol>
      <symbol id="sm-730">
         <name>GPIOADCTriggerEnable</name>
         <value>0x353b</value>
         <object_component_ref idref="oc-220"/>
      </symbol>
      <symbol id="sm-731">
         <name>GPIOADCTriggerDisable</name>
         <value>0x3567</value>
         <object_component_ref idref="oc-220"/>
      </symbol>
      <symbol id="sm-732">
         <name>GPIOPinTypeUART</name>
         <value>0x3337</value>
         <object_component_ref idref="oc-220"/>
      </symbol>
      <symbol id="sm-733">
         <name>GPIOIntRegisterPin</name>
         <value>0x2d9d</value>
         <object_component_ref idref="oc-220"/>
      </symbol>
      <symbol id="sm-734">
         <name>GPIOIntStatus</name>
         <value>0x2ccd</value>
         <object_component_ref idref="oc-220"/>
      </symbol>
      <symbol id="sm-735">
         <name>GPIOPinTypeDIVSCLK</name>
         <value>0x2f93</value>
         <object_component_ref idref="oc-220"/>
      </symbol>
      <symbol id="sm-736">
         <name>GPIOPinTypeGPIOOutput</name>
         <value>0x30af</value>
         <object_component_ref idref="oc-220"/>
      </symbol>
      <symbol id="sm-737">
         <name>GPIOIntTypeGet</name>
         <value>0x2751</value>
         <object_component_ref idref="oc-220"/>
      </symbol>
      <symbol id="sm-738">
         <name>GPIOPinRead</name>
         <value>0x2e67</value>
         <object_component_ref idref="oc-220"/>
      </symbol>
      <symbol id="sm-739">
         <name>GPIODirModeSet</name>
         <value>0x24a9</value>
         <object_component_ref idref="oc-220"/>
      </symbol>
      <symbol id="sm-73a">
         <name>GPIOPinTypeQEI</name>
         <value>0x325f</value>
         <object_component_ref idref="oc-220"/>
      </symbol>
      <symbol id="sm-73b">
         <name>GPIOPinTypeHibernateRTCCLK</name>
         <value>0x311b</value>
         <object_component_ref idref="oc-220"/>
      </symbol>
      <symbol id="sm-73c">
         <name>GPIODMATriggerEnable</name>
         <value>0x34e3</value>
         <object_component_ref idref="oc-220"/>
      </symbol>
      <symbol id="sm-73d">
         <name>GPIOPinTypeEthernetMII</name>
         <value>0x3035</value>
         <object_component_ref idref="oc-220"/>
      </symbol>
      <symbol id="sm-73e">
         <name>GPIOPinWrite</name>
         <value>0x2e8d</value>
         <object_component_ref idref="oc-220"/>
      </symbol>
      <symbol id="sm-73f">
         <name>GPIOPadConfigSet</name>
         <value>0x27f5</value>
         <object_component_ref idref="oc-220"/>
      </symbol>
      <symbol id="sm-740">
         <name>GPIOPinTypeLCD</name>
         <value>0x31bd</value>
         <object_component_ref idref="oc-220"/>
      </symbol>
      <symbol id="sm-741">
         <name>GPIOPinTypeSSI</name>
         <value>0x3295</value>
         <object_component_ref idref="oc-220"/>
      </symbol>
      <symbol id="sm-742">
         <name>GPIOPinTypeTimer</name>
         <value>0x32cb</value>
         <object_component_ref idref="oc-220"/>
      </symbol>
      <symbol id="sm-743">
         <name>GPIOPinTypeCAN</name>
         <value>0x2ef1</value>
         <object_component_ref idref="oc-220"/>
      </symbol>
      <symbol id="sm-744">
         <name>GPIOPinTypeEPI</name>
         <value>0x2fc9</value>
         <object_component_ref idref="oc-220"/>
      </symbol>
      <symbol id="sm-745">
         <name>GPIOPinTypeEthernetLED</name>
         <value>0x2fff</value>
         <object_component_ref idref="oc-220"/>
      </symbol>
      <symbol id="sm-746">
         <name>GPIOUnlockPin</name>
         <value>0x3593</value>
         <object_component_ref idref="oc-220"/>
      </symbol>
      <symbol id="sm-747">
         <name>GPIOPinWakeStatus</name>
         <value>0x344d</value>
         <object_component_ref idref="oc-220"/>
      </symbol>
      <symbol id="sm-7da">
         <name>IntPendClear</name>
         <value>0x605d</value>
         <object_component_ref idref="oc-22e"/>
      </symbol>
      <symbol id="sm-7db">
         <name>IntPriorityGroupingGet</name>
         <value>0x5d63</value>
         <object_component_ref idref="oc-22e"/>
      </symbol>
      <symbol id="sm-7dc">
         <name>IntPrioritySet</name>
         <value>0x5d9b</value>
         <object_component_ref idref="oc-22e"/>
      </symbol>
      <symbol id="sm-7dd">
         <name>IntIsEnabled</name>
         <value>0x5f39</value>
         <object_component_ref idref="oc-22e"/>
      </symbol>
      <symbol id="sm-7de">
         <name>IntEnable</name>
         <value>0x5e33</value>
         <object_component_ref idref="oc-22e"/>
      </symbol>
      <symbol id="sm-7df">
         <name>IntTrigger</name>
         <value>0x60cb</value>
         <object_component_ref idref="oc-22e"/>
      </symbol>
      <symbol id="sm-7e0">
         <name>IntPriorityMaskSet</name>
         <value>0x60b7</value>
         <object_component_ref idref="oc-22e"/>
      </symbol>
      <symbol id="sm-7e1">
         <name>IntPriorityGroupingSet</name>
         <value>0x5d3d</value>
         <object_component_ref idref="oc-22e"/>
      </symbol>
      <symbol id="sm-7e2">
         <name>IntDisable</name>
         <value>0x5eb1</value>
         <object_component_ref idref="oc-22e"/>
      </symbol>
      <symbol id="sm-7e3">
         <name>IntRegister</name>
         <value>0x5ca7</value>
         <object_component_ref idref="oc-22e"/>
      </symbol>
      <symbol id="sm-7e4">
         <name>IntPriorityGet</name>
         <value>0x5dfd</value>
         <object_component_ref idref="oc-22e"/>
      </symbol>
      <symbol id="sm-7e5">
         <name>IntMasterDisable</name>
         <value>0x5c97</value>
         <object_component_ref idref="oc-22e"/>
      </symbol>
      <symbol id="sm-7e6">
         <name>IntUnregister</name>
         <value>0x5d1d</value>
         <object_component_ref idref="oc-22e"/>
      </symbol>
      <symbol id="sm-7e7">
         <name>IntPriorityMaskGet</name>
         <value>0x60c3</value>
         <object_component_ref idref="oc-22e"/>
      </symbol>
      <symbol id="sm-7e8">
         <name>g_pfnRAMVectors</name>
         <value>0x20000000</value>
         <object_component_ref idref="oc-2aa"/>
      </symbol>
      <symbol id="sm-7e9">
         <name>IntMasterEnable</name>
         <value>0x5c87</value>
         <object_component_ref idref="oc-22e"/>
      </symbol>
      <symbol id="sm-7ea">
         <name>IntPendSet</name>
         <value>0x5fed</value>
         <object_component_ref idref="oc-22e"/>
      </symbol>
      <symbol id="sm-8d1">
         <name>TimerMatchSet</name>
         <value>0x4d87</value>
         <object_component_ref idref="oc-14c"/>
      </symbol>
      <symbol id="sm-8d2">
         <name>TimerLoadSet</name>
         <value>0x4bf1</value>
         <object_component_ref idref="oc-14c"/>
      </symbol>
      <symbol id="sm-8d3">
         <name>TimerDMAEventSet</name>
         <value>0x5045</value>
         <object_component_ref idref="oc-14c"/>
      </symbol>
      <symbol id="sm-8d4">
         <name>TimerADCEventSet</name>
         <value>0x5009</value>
         <object_component_ref idref="oc-14c"/>
      </symbol>
      <symbol id="sm-8d5">
         <name>TimerPrescaleMatchGet</name>
         <value>0x4ba5</value>
         <object_component_ref idref="oc-14c"/>
      </symbol>
      <symbol id="sm-8d6">
         <name>TimerPrescaleGet</name>
         <value>0x4aef</value>
         <object_component_ref idref="oc-14c"/>
      </symbol>
      <symbol id="sm-8d7">
         <name>TimerControlLevel</name>
         <value>0x4759</value>
         <object_component_ref idref="oc-14c"/>
      </symbol>
      <symbol id="sm-8d8">
         <name>TimerDisable</name>
         <value>0x44f9</value>
         <object_component_ref idref="oc-14c"/>
      </symbol>
      <symbol id="sm-8d9">
         <name>TimerUpdateMode</name>
         <value>0x5081</value>
         <object_component_ref idref="oc-14c"/>
      </symbol>
      <symbol id="sm-8da">
         <name>TimerIntRegister</name>
         <value>0x4e91</value>
         <object_component_ref idref="oc-14c"/>
      </symbol>
      <symbol id="sm-8db">
         <name>TimerMatchSet64</name>
         <value>0x4e23</value>
         <object_component_ref idref="oc-14c"/>
      </symbol>
      <symbol id="sm-8dc">
         <name>TimerEnable</name>
         <value>0x44af</value>
         <object_component_ref idref="oc-14c"/>
      </symbol>
      <symbol id="sm-8dd">
         <name>TimerLoadGet64</name>
         <value>0x4cb9</value>
         <object_component_ref idref="oc-14c"/>
      </symbol>
      <symbol id="sm-8de">
         <name>TimerIntUnregister</name>
         <value>0x4efb</value>
         <object_component_ref idref="oc-14c"/>
      </symbol>
      <symbol id="sm-8df">
         <name>TimerValueGet64</name>
         <value>0x4d41</value>
         <object_component_ref idref="oc-14c"/>
      </symbol>
      <symbol id="sm-8e0">
         <name>TimerMatchGet</name>
         <value>0x4de1</value>
         <object_component_ref idref="oc-14c"/>
      </symbol>
      <symbol id="sm-8e1">
         <name>TimerIntStatus</name>
         <value>0x4f9d</value>
         <object_component_ref idref="oc-14c"/>
      </symbol>
      <symbol id="sm-8e2">
         <name>TimerClockSourceGet</name>
         <value>0x4a59</value>
         <object_component_ref idref="oc-14c"/>
      </symbol>
      <symbol id="sm-8e3">
         <name>TimerIntDisable</name>
         <value>0x4f77</value>
         <object_component_ref idref="oc-14c"/>
      </symbol>
      <symbol id="sm-8e4">
         <name>TimerValueGet</name>
         <value>0x4cff</value>
         <object_component_ref idref="oc-14c"/>
      </symbol>
      <symbol id="sm-8e5">
         <name>TimerControlTrigger</name>
         <value>0x47d9</value>
         <object_component_ref idref="oc-14c"/>
      </symbol>
      <symbol id="sm-8e6">
         <name>TimerPrescaleSet</name>
         <value>0x4a85</value>
         <object_component_ref idref="oc-14c"/>
      </symbol>
      <symbol id="sm-8e7">
         <name>TimerControlStall</name>
         <value>0x48db</value>
         <object_component_ref idref="oc-14c"/>
      </symbol>
      <symbol id="sm-8e8">
         <name>TimerMatchGet64</name>
         <value>0x4e4b</value>
         <object_component_ref idref="oc-14c"/>
      </symbol>
      <symbol id="sm-8e9">
         <name>TimerRTCEnable</name>
         <value>0x49d5</value>
         <object_component_ref idref="oc-14c"/>
      </symbol>
      <symbol id="sm-8ea">
         <name>TimerLoadGet</name>
         <value>0x4c4b</value>
         <object_component_ref idref="oc-14c"/>
      </symbol>
      <symbol id="sm-8eb">
         <name>TimerIntEnable</name>
         <value>0x4f51</value>
         <object_component_ref idref="oc-14c"/>
      </symbol>
      <symbol id="sm-8ec">
         <name>TimerClockSourceSet</name>
         <value>0x4a1d</value>
         <object_component_ref idref="oc-14c"/>
      </symbol>
      <symbol id="sm-8ed">
         <name>TimerLoadSet64</name>
         <value>0x4c8d</value>
         <object_component_ref idref="oc-14c"/>
      </symbol>
      <symbol id="sm-8ee">
         <name>TimerDMAEventGet</name>
         <value>0x5065</value>
         <object_component_ref idref="oc-14c"/>
      </symbol>
      <symbol id="sm-8ef">
         <name>TimerRTCDisable</name>
         <value>0x49f9</value>
         <object_component_ref idref="oc-14c"/>
      </symbol>
      <symbol id="sm-8f0">
         <name>TimerADCEventGet</name>
         <value>0x5029</value>
         <object_component_ref idref="oc-14c"/>
      </symbol>
      <symbol id="sm-8f1">
         <name>TimerPrescaleMatchSet</name>
         <value>0x4b3b</value>
         <object_component_ref idref="oc-14c"/>
      </symbol>
      <symbol id="sm-8f2">
         <name>TimerControlWaitOnTrigger</name>
         <value>0x4945</value>
         <object_component_ref idref="oc-14c"/>
      </symbol>
      <symbol id="sm-8f3">
         <name>TimerConfigure</name>
         <value>0x4585</value>
         <object_component_ref idref="oc-14c"/>
      </symbol>
      <symbol id="sm-8f4">
         <name>TimerControlEvent</name>
         <value>0x487d</value>
         <object_component_ref idref="oc-14c"/>
      </symbol>
      <symbol id="sm-8f5">
         <name>TimerIntClear</name>
         <value>0x4fc9</value>
         <object_component_ref idref="oc-14c"/>
      </symbol>
      <symbol id="sm-8f6">
         <name>TimerSynchronize</name>
         <value>0x4fe9</value>
         <object_component_ref idref="oc-14c"/>
      </symbol>
      <symbol id="sm-938">
         <name>LEDWrite</name>
         <value>0x679d</value>
         <object_component_ref idref="oc-146"/>
      </symbol>
      <symbol id="sm-939">
         <name>LEDRead</name>
         <value>0x685d</value>
         <object_component_ref idref="oc-146"/>
      </symbol>
      <symbol id="sm-93a">
         <name>PinoutSet</name>
         <value>0x65a5</value>
         <object_component_ref idref="oc-146"/>
      </symbol>
      <symbol id="sm-9b5">
         <name>UARTgetc</name>
         <value>0x58f7</value>
         <object_component_ref idref="oc-13d"/>
      </symbol>
      <symbol id="sm-9b6">
         <name>UARTgets</name>
         <value>0x5805</value>
         <object_component_ref idref="oc-13d"/>
      </symbol>
      <symbol id="sm-9b7">
         <name>UARTStdioConfig</name>
         <value>0x5711</value>
         <object_component_ref idref="oc-13d"/>
      </symbol>
      <symbol id="sm-9b8">
         <name>UARTwrite</name>
         <value>0x578b</value>
         <object_component_ref idref="oc-13d"/>
      </symbol>
      <symbol id="sm-9b9">
         <name>UARTprintf</name>
         <value>0x5c4f</value>
         <object_component_ref idref="oc-13d"/>
      </symbol>
      <symbol id="sm-9ba">
         <name>UARTvprintf</name>
         <value>0x592d</value>
         <object_component_ref idref="oc-13d"/>
      </symbol>
      <symbol id="sm-9ce">
         <name>__aeabi_ddiv</name>
         <value>0x6ccd</value>
         <object_component_ref idref="oc-152"/>
      </symbol>
      <symbol id="sm-9d8">
         <name>__aeabi_d2uiz</name>
         <value>0x71c9</value>
         <object_component_ref idref="oc-157"/>
      </symbol>
      <symbol id="sm-9f3">
         <name>memcpy</name>
         <value>0x7007</value>
         <object_component_ref idref="oc-46"/>
      </symbol>
      <symbol id="sm-9f4">
         <name>__aeabi_memcpy</name>
         <value>0x7007</value>
         <object_component_ref idref="oc-46"/>
      </symbol>
      <symbol id="sm-9f5">
         <name>__aeabi_memcpy8</name>
         <value>0x7007</value>
         <object_component_ref idref="oc-46"/>
      </symbol>
      <symbol id="sm-9f6">
         <name>__aeabi_memcpy4</name>
         <value>0x7007</value>
         <object_component_ref idref="oc-46"/>
      </symbol>
      <symbol id="sm-a05">
         <name>__aeabi_memset</name>
         <value>0x70a5</value>
         <object_component_ref idref="oc-b6"/>
      </symbol>
      <symbol id="sm-a06">
         <name>memset</name>
         <value>0x70ab</value>
         <object_component_ref idref="oc-b6"/>
      </symbol>
      <symbol id="sm-a07">
         <name>__aeabi_memset8</name>
         <value>0x70a5</value>
         <object_component_ref idref="oc-b6"/>
      </symbol>
      <symbol id="sm-a08">
         <name>__aeabi_memset4</name>
         <value>0x70a5</value>
         <object_component_ref idref="oc-b6"/>
      </symbol>
      <symbol id="sm-a09">
         <name>__aeabi_memclr8</name>
         <value>0x70a3</value>
         <object_component_ref idref="oc-b6"/>
      </symbol>
      <symbol id="sm-a0a">
         <name>__aeabi_memclr4</name>
         <value>0x70a3</value>
         <object_component_ref idref="oc-b6"/>
      </symbol>
      <symbol id="sm-a0b">
         <name>__aeabi_memclr</name>
         <value>0x70a3</value>
         <object_component_ref idref="oc-b6"/>
      </symbol>
      <symbol id="sm-a1a">
         <name>__aeabi_uidivmod</name>
         <value>0x720d</value>
         <object_component_ref idref="oc-20f"/>
      </symbol>
      <symbol id="sm-a1b">
         <name>__aeabi_uidiv</name>
         <value>0x720d</value>
         <object_component_ref idref="oc-20f"/>
      </symbol>
      <symbol id="sm-a2d">
         <name>__TI_zero_init</name>
         <value>0x72cf</value>
         <object_component_ref idref="oc-58"/>
      </symbol>
      <symbol id="sm-a44">
         <name>__TI_decompress_none</name>
         <value>0x72c1</value>
         <object_component_ref idref="oc-1b"/>
      </symbol>
      <symbol id="sm-a67">
         <name>__TI_decompress_lzss</name>
         <value>0x711d</value>
         <object_component_ref idref="oc-15"/>
      </symbol>
      <symbol id="sm-a7a">
         <name>__stack</name>
         <value>0x2000c728</value>
         <object_component_ref idref="oc-24"/>
      </symbol>
      <symbol id="sm-a7b">
         <name>_c_int00_noargs</name>
         <value>0x728d</value>
         <object_component_ref idref="oc-64"/>
      </symbol>
      <symbol id="sm-a85">
         <name>__aeabi_idiv0</name>
         <value>0x728b</value>
         <object_component_ref idref="oc-288"/>
      </symbol>
      <symbol id="sm-a86">
         <name>__aeabi_ldiv0</name>
         <value>0x728b</value>
         <object_component_ref idref="oc-288"/>
      </symbol>
      <symbol id="sm-aae">
         <name>__TI_auto_init_nobinit_nopinit</name>
         <value>0x7185</value>
         <object_component_ref idref="oc-175"/>
      </symbol>
      <symbol id="sm-ab8">
         <name>_system_pre_init</name>
         <value>0x72e7</value>
         <object_component_ref idref="oc-bc"/>
      </symbol>
      <symbol id="sm-ac4">
         <name>C$$EXIT</name>
         <value>0x72eb</value>
         <object_component_ref idref="oc-169"/>
      </symbol>
      <symbol id="sm-ac5">
         <name>abort</name>
         <value>0x72eb</value>
         <object_component_ref idref="oc-169"/>
      </symbol>
      <symbol id="sm-ac8">
         <name>__TI_static_base__</name>
         <value>0x0</value>
      </symbol>
      <symbol id="sm-acb">
         <name>__mpu_init</name>
         <value>0x0</value>
      </symbol>
      <symbol id="sm-acc">
         <name>_system_post_cinit</name>
         <value>0x0</value>
      </symbol>
   </symbol_table>
   <title>Link successful</title>
</link_info>
