<?xml version="1.0" encoding="ISO-8859-1" ?>
<link_info>
   <banner>TI ARM Linker Unix v20.2.7.LTS</banner>
   <copyright>Copyright (c) 1996-2018 Texas Instruments Incorporated</copyright>
   <link_time>0x66160f24</link_time>
   <link_errors>0x0</link_errors>
   <output_file>sequencer_1000.out</output_file>
   <entry_point>
      <name>_c_int00_noargs</name>
      <address>0x7549</address>
   </entry_point>
   <input_file_list>
      <input_file id="fl-2">
         <path>./</path>
         <kind>object</kind>
         <file>main.obj</file>
         <name>main.obj</name>
      </input_file>
      <input_file id="fl-3">
         <path>./</path>
         <kind>object</kind>
         <file>tm4c1294ncpdt_startup_ccs.obj</file>
         <name>tm4c1294ncpdt_startup_ccs.obj</name>
      </input_file>
      <input_file id="fl-4">
         <path>./FreeRTOS/</path>
         <kind>object</kind>
         <file>croutine.obj</file>
         <name>croutine.obj</name>
      </input_file>
      <input_file id="fl-5">
         <path>./FreeRTOS/</path>
         <kind>object</kind>
         <file>event_groups.obj</file>
         <name>event_groups.obj</name>
      </input_file>
      <input_file id="fl-6">
         <path>./FreeRTOS/</path>
         <kind>object</kind>
         <file>list.obj</file>
         <name>list.obj</name>
      </input_file>
      <input_file id="fl-7">
         <path>./FreeRTOS/</path>
         <kind>object</kind>
         <file>queue.obj</file>
         <name>queue.obj</name>
      </input_file>
      <input_file id="fl-8">
         <path>./FreeRTOS/</path>
         <kind>object</kind>
         <file>stream_buffer.obj</file>
         <name>stream_buffer.obj</name>
      </input_file>
      <input_file id="fl-9">
         <path>./FreeRTOS/</path>
         <kind>object</kind>
         <file>tasks.obj</file>
         <name>tasks.obj</name>
      </input_file>
      <input_file id="fl-a">
         <path>./FreeRTOS/</path>
         <kind>object</kind>
         <file>timers.obj</file>
         <name>timers.obj</name>
      </input_file>
      <input_file id="fl-b">
         <path>./FreeRTOS/portable/GCC/ARM_CM4F/</path>
         <kind>object</kind>
         <file>port.obj</file>
         <name>port.obj</name>
      </input_file>
      <input_file id="fl-c">
         <path>./FreeRTOS/portable/GCC/ARM_CM4F/</path>
         <kind>object</kind>
         <file>portasm.obj</file>
         <name>portasm.obj</name>
      </input_file>
      <input_file id="fl-d">
         <path>./FreeRTOS/portable/MemMang/</path>
         <kind>object</kind>
         <file>heap_2.obj</file>
         <name>heap_2.obj</name>
      </input_file>
      <input_file id="fl-e">
         <path>./driverlib/</path>
         <kind>object</kind>
         <file>adc.obj</file>
         <name>adc.obj</name>
      </input_file>
      <input_file id="fl-f">
         <path>./driverlib/</path>
         <kind>object</kind>
         <file>aes.obj</file>
         <name>aes.obj</name>
      </input_file>
      <input_file id="fl-10">
         <path>./driverlib/</path>
         <kind>object</kind>
         <file>can.obj</file>
         <name>can.obj</name>
      </input_file>
      <input_file id="fl-11">
         <path>./driverlib/</path>
         <kind>object</kind>
         <file>comp.obj</file>
         <name>comp.obj</name>
      </input_file>
      <input_file id="fl-12">
         <path>./driverlib/</path>
         <kind>object</kind>
         <file>cpu.obj</file>
         <name>cpu.obj</name>
      </input_file>
      <input_file id="fl-13">
         <path>./driverlib/</path>
         <kind>object</kind>
         <file>crc.obj</file>
         <name>crc.obj</name>
      </input_file>
      <input_file id="fl-14">
         <path>./driverlib/</path>
         <kind>object</kind>
         <file>des.obj</file>
         <name>des.obj</name>
      </input_file>
      <input_file id="fl-15">
         <path>./driverlib/</path>
         <kind>object</kind>
         <file>eeprom.obj</file>
         <name>eeprom.obj</name>
      </input_file>
      <input_file id="fl-16">
         <path>./driverlib/</path>
         <kind>object</kind>
         <file>emac.obj</file>
         <name>emac.obj</name>
      </input_file>
      <input_file id="fl-17">
         <path>./driverlib/</path>
         <kind>object</kind>
         <file>epi.obj</file>
         <name>epi.obj</name>
      </input_file>
      <input_file id="fl-18">
         <path>./driverlib/</path>
         <kind>object</kind>
         <file>epi_workaround_ccs.obj</file>
         <name>epi_workaround_ccs.obj</name>
      </input_file>
      <input_file id="fl-19">
         <path>./driverlib/</path>
         <kind>object</kind>
         <file>flash.obj</file>
         <name>flash.obj</name>
      </input_file>
      <input_file id="fl-1a">
         <path>./driverlib/</path>
         <kind>object</kind>
         <file>fpu.obj</file>
         <name>fpu.obj</name>
      </input_file>
      <input_file id="fl-1b">
         <path>./driverlib/</path>
         <kind>object</kind>
         <file>gpio.obj</file>
         <name>gpio.obj</name>
      </input_file>
      <input_file id="fl-1c">
         <path>./driverlib/</path>
         <kind>object</kind>
         <file>hibernate.obj</file>
         <name>hibernate.obj</name>
      </input_file>
      <input_file id="fl-1d">
         <path>./driverlib/</path>
         <kind>object</kind>
         <file>i2c.obj</file>
         <name>i2c.obj</name>
      </input_file>
      <input_file id="fl-1e">
         <path>./driverlib/</path>
         <kind>object</kind>
         <file>interrupt.obj</file>
         <name>interrupt.obj</name>
      </input_file>
      <input_file id="fl-1f">
         <path>./driverlib/</path>
         <kind>object</kind>
         <file>lcd.obj</file>
         <name>lcd.obj</name>
      </input_file>
      <input_file id="fl-20">
         <path>./driverlib/</path>
         <kind>object</kind>
         <file>mpu.obj</file>
         <name>mpu.obj</name>
      </input_file>
      <input_file id="fl-21">
         <path>./driverlib/</path>
         <kind>object</kind>
         <file>onewire.obj</file>
         <name>onewire.obj</name>
      </input_file>
      <input_file id="fl-22">
         <path>./driverlib/</path>
         <kind>object</kind>
         <file>pwm.obj</file>
         <name>pwm.obj</name>
      </input_file>
      <input_file id="fl-23">
         <path>./driverlib/</path>
         <kind>object</kind>
         <file>qei.obj</file>
         <name>qei.obj</name>
      </input_file>
      <input_file id="fl-24">
         <path>./driverlib/</path>
         <kind>object</kind>
         <file>shamd5.obj</file>
         <name>shamd5.obj</name>
      </input_file>
      <input_file id="fl-25">
         <path>./driverlib/</path>
         <kind>object</kind>
         <file>ssi.obj</file>
         <name>ssi.obj</name>
      </input_file>
      <input_file id="fl-26">
         <path>./driverlib/</path>
         <kind>object</kind>
         <file>sw_crc.obj</file>
         <name>sw_crc.obj</name>
      </input_file>
      <input_file id="fl-27">
         <path>./driverlib/</path>
         <kind>object</kind>
         <file>sysctl.obj</file>
         <name>sysctl.obj</name>
      </input_file>
      <input_file id="fl-28">
         <path>./driverlib/</path>
         <kind>object</kind>
         <file>sysexc.obj</file>
         <name>sysexc.obj</name>
      </input_file>
      <input_file id="fl-29">
         <path>./driverlib/</path>
         <kind>object</kind>
         <file>systick.obj</file>
         <name>systick.obj</name>
      </input_file>
      <input_file id="fl-2a">
         <path>./driverlib/</path>
         <kind>object</kind>
         <file>timer.obj</file>
         <name>timer.obj</name>
      </input_file>
      <input_file id="fl-2b">
         <path>./driverlib/</path>
         <kind>object</kind>
         <file>uart.obj</file>
         <name>uart.obj</name>
      </input_file>
      <input_file id="fl-2c">
         <path>./driverlib/</path>
         <kind>object</kind>
         <file>udma.obj</file>
         <name>udma.obj</name>
      </input_file>
      <input_file id="fl-2d">
         <path>./driverlib/</path>
         <kind>object</kind>
         <file>usb.obj</file>
         <name>usb.obj</name>
      </input_file>
      <input_file id="fl-2e">
         <path>./driverlib/</path>
         <kind>object</kind>
         <file>watchdog.obj</file>
         <name>watchdog.obj</name>
      </input_file>
      <input_file id="fl-2f">
         <path>./drivers/</path>
         <kind>object</kind>
         <file>buttons.obj</file>
         <name>buttons.obj</name>
      </input_file>
      <input_file id="fl-30">
         <path>./drivers/</path>
         <kind>object</kind>
         <file>pinout.obj</file>
         <name>pinout.obj</name>
      </input_file>
      <input_file id="fl-31">
         <path>./utils/</path>
         <kind>object</kind>
         <file>uartstdio.obj</file>
         <name>uartstdio.obj</name>
      </input_file>
      <input_file id="fl-37">
         <kind>object</kind>
         <file>&lt;internal&gt;</file>
         <name>&lt;internal&gt;</name>
      </input_file>
      <input_file id="fl-ed">
         <path>/home/parth/ti/ccs1260/ccs/tools/compiler/ti-cgt-arm_20.2.7.LTS/lib/</path>
         <kind>archive</kind>
         <file>rtsv7M4_T_le_v4SPD16_eabi.lib</file>
         <name>memcpy_t2.asm.obj</name>
      </input_file>
      <input_file id="fl-ee">
         <path>/home/parth/ti/ccs1260/ccs/tools/compiler/ti-cgt-arm_20.2.7.LTS/lib/</path>
         <kind>archive</kind>
         <file>rtsv7M4_T_le_v4SPD16_eabi.lib</file>
         <name>memset_t2.asm.obj</name>
      </input_file>
      <input_file id="fl-ef">
         <path>/home/parth/ti/ccs1260/ccs/tools/compiler/ti-cgt-arm_20.2.7.LTS/lib/</path>
         <kind>archive</kind>
         <file>rtsv7M4_T_le_v4SPD16_eabi.lib</file>
         <name>u_divt2.asm.obj</name>
      </input_file>
      <input_file id="fl-f0">
         <path>/home/parth/ti/ccs1260/ccs/tools/compiler/ti-cgt-arm_20.2.7.LTS/lib/</path>
         <kind>archive</kind>
         <file>rtsv7M4_T_le_v4SPD16_eabi.lib</file>
         <name>copy_zero_init.c.obj</name>
      </input_file>
      <input_file id="fl-f1">
         <path>/home/parth/ti/ccs1260/ccs/tools/compiler/ti-cgt-arm_20.2.7.LTS/lib/</path>
         <kind>archive</kind>
         <file>rtsv7M4_T_le_v4SPD16_eabi.lib</file>
         <name>copy_decompress_none.c.obj</name>
      </input_file>
      <input_file id="fl-f2">
         <path>/home/parth/ti/ccs1260/ccs/tools/compiler/ti-cgt-arm_20.2.7.LTS/lib/</path>
         <kind>archive</kind>
         <file>rtsv7M4_T_le_v4SPD16_eabi.lib</file>
         <name>copy_decompress_lzss.c.obj</name>
      </input_file>
      <input_file id="fl-f3">
         <path>/home/parth/ti/ccs1260/ccs/tools/compiler/ti-cgt-arm_20.2.7.LTS/lib/</path>
         <kind>archive</kind>
         <file>rtsv7M4_T_le_v4SPD16_eabi.lib</file>
         <name>boot_cortex_m.c.obj</name>
      </input_file>
      <input_file id="fl-f4">
         <path>/home/parth/ti/ccs1260/ccs/tools/compiler/ti-cgt-arm_20.2.7.LTS/lib/</path>
         <kind>archive</kind>
         <file>rtsv7M4_T_le_v4SPD16_eabi.lib</file>
         <name>div0.asm.obj</name>
      </input_file>
      <input_file id="fl-f5">
         <path>/home/parth/ti/ccs1260/ccs/tools/compiler/ti-cgt-arm_20.2.7.LTS/lib/</path>
         <kind>archive</kind>
         <file>rtsv7M4_T_le_v4SPD16_eabi.lib</file>
         <name>autoinit.c.obj</name>
      </input_file>
      <input_file id="fl-f6">
         <path>/home/parth/ti/ccs1260/ccs/tools/compiler/ti-cgt-arm_20.2.7.LTS/lib/</path>
         <kind>archive</kind>
         <file>rtsv7M4_T_le_v4SPD16_eabi.lib</file>
         <name>pre_init.c.obj</name>
      </input_file>
      <input_file id="fl-f7">
         <path>/home/parth/ti/ccs1260/ccs/tools/compiler/ti-cgt-arm_20.2.7.LTS/lib/</path>
         <kind>archive</kind>
         <file>rtsv7M4_T_le_v4SPD16_eabi.lib</file>
         <name>cpy_tbl.c.obj</name>
      </input_file>
      <input_file id="fl-f8">
         <path>/home/parth/ti/ccs1260/ccs/tools/compiler/ti-cgt-arm_20.2.7.LTS/lib/</path>
         <kind>archive</kind>
         <file>rtsv7M4_T_le_v4SPD16_eabi.lib</file>
         <name>exit.c.obj</name>
      </input_file>
      <input_file id="fl-f9">
         <path>/home/parth/ti/ccs1260/ccs/tools/compiler/ti-cgt-arm_20.2.7.LTS/lib/</path>
         <kind>archive</kind>
         <file>rtsv7M4_T_le_v4SPD16_eabi.lib</file>
         <name>_lock.c.obj</name>
      </input_file>
      <input_file id="fl-fa">
         <path>/home/parth/ti/ccs1260/ccs/tools/compiler/ti-cgt-arm_20.2.7.LTS/lib/</path>
         <kind>archive</kind>
         <file>rtsv7M4_T_le_v4SPD16_eabi.lib</file>
         <name>args_main.c.obj</name>
      </input_file>
   </input_file_list>
   <object_component_list>
      <object_component id="oc-12">
         <name>.intvecs</name>
         <load_address>0x0</load_address>
         <run_address>0x0</run_address>
         <size>0x208</size>
         <input_file_ref idref="fl-3"/>
      </object_component>
      <object_component id="oc-7f">
         <name>.text</name>
         <load_address>0x208</load_address>
         <run_address>0x208</run_address>
         <size>0x2090</size>
         <input_file_ref idref="fl-9"/>
      </object_component>
      <object_component id="oc-23f">
         <name>.text</name>
         <load_address>0x2298</load_address>
         <run_address>0x2298</run_address>
         <size>0x1288</size>
         <input_file_ref idref="fl-1b"/>
      </object_component>
      <object_component id="oc-143">
         <name>.text</name>
         <load_address>0x3520</load_address>
         <run_address>0x3520</run_address>
         <size>0xd70</size>
         <input_file_ref idref="fl-7"/>
      </object_component>
      <object_component id="oc-156">
         <name>.text</name>
         <load_address>0x4290</load_address>
         <run_address>0x4290</run_address>
         <size>0xd20</size>
         <input_file_ref idref="fl-2a"/>
      </object_component>
      <object_component id="oc-c2">
         <name>.text</name>
         <load_address>0x4fb0</load_address>
         <run_address>0x4fb0</run_address>
         <size>0x9f0</size>
         <input_file_ref idref="fl-2"/>
      </object_component>
      <object_component id="oc-f6">
         <name>.text</name>
         <load_address>0x59a0</load_address>
         <run_address>0x59a0</run_address>
         <size>0x634</size>
         <input_file_ref idref="fl-a"/>
      </object_component>
      <object_component id="oc-13d">
         <name>.text</name>
         <load_address>0x5fd4</load_address>
         <run_address>0x5fd4</run_address>
         <size>0x574</size>
         <input_file_ref idref="fl-31"/>
      </object_component>
      <object_component id="oc-232">
         <name>.text</name>
         <load_address>0x6548</load_address>
         <run_address>0x6548</run_address>
         <size>0x490</size>
         <input_file_ref idref="fl-1e"/>
      </object_component>
      <object_component id="oc-15c">
         <name>.text</name>
         <load_address>0x69d8</load_address>
         <run_address>0x69d8</run_address>
         <size>0x3a0</size>
         <input_file_ref idref="fl-30"/>
      </object_component>
      <object_component id="oc-de">
         <name>.text</name>
         <load_address>0x6d78</load_address>
         <run_address>0x6d78</run_address>
         <size>0x24c</size>
         <input_file_ref idref="fl-d"/>
      </object_component>
      <object_component id="oc-32">
         <name>.text</name>
         <load_address>0x6fc4</load_address>
         <run_address>0x6fc4</run_address>
         <size>0x13c</size>
         <input_file_ref idref="fl-b"/>
      </object_component>
      <object_component id="oc-e4">
         <name>.text</name>
         <load_address>0x7100</load_address>
         <run_address>0x7100</run_address>
         <size>0x12a</size>
         <input_file_ref idref="fl-6"/>
      </object_component>
      <object_component id="oc-289">
         <name>.text</name>
         <load_address>0x722a</load_address>
         <run_address>0x722a</run_address>
         <size>0x2</size>
         <input_file_ref idref="fl-f4"/>
      </object_component>
      <object_component id="oc-2d">
         <name>.text</name>
         <load_address>0x722c</load_address>
         <run_address>0x722c</run_address>
         <size>0xda</size>
         <input_file_ref idref="fl-c"/>
      </object_component>
      <object_component id="oc-46">
         <name>.text</name>
         <load_address>0x7306</load_address>
         <run_address>0x7306</run_address>
         <size>0x9c</size>
         <input_file_ref idref="fl-ed"/>
      </object_component>
      <object_component id="oc-b6">
         <name>.text</name>
         <load_address>0x73a2</load_address>
         <run_address>0x73a2</run_address>
         <size>0x7a</size>
         <input_file_ref idref="fl-ee"/>
      </object_component>
      <object_component id="oc-15">
         <name>.text:decompress:lzss:__TI_decompress_lzss</name>
         <load_address>0x741c</load_address>
         <run_address>0x741c</run_address>
         <size>0x68</size>
         <input_file_ref idref="fl-f2"/>
      </object_component>
      <object_component id="oc-178">
         <name>.text:__TI_auto_init_nobinit_nopinit:__TI_auto_init_nobinit_nopinit</name>
         <load_address>0x7484</load_address>
         <run_address>0x7484</run_address>
         <size>0x44</size>
         <input_file_ref idref="fl-f5"/>
      </object_component>
      <object_component id="oc-212">
         <name>.text</name>
         <load_address>0x74c8</load_address>
         <run_address>0x74c8</run_address>
         <size>0x40</size>
         <input_file_ref idref="fl-ef"/>
      </object_component>
      <object_component id="oc-29f">
         <name>.text</name>
         <load_address>0x7508</load_address>
         <run_address>0x7508</run_address>
         <size>0x3e</size>
         <input_file_ref idref="fl-12"/>
      </object_component>
      <object_component id="oc-64">
         <name>.text:_c_int00_noargs:_c_int00_noargs</name>
         <load_address>0x7548</load_address>
         <run_address>0x7548</run_address>
         <size>0x34</size>
         <input_file_ref idref="fl-f3"/>
      </object_component>
      <object_component id="oc-1b">
         <name>.text:decompress:none:__TI_decompress_none</name>
         <load_address>0x757c</load_address>
         <run_address>0x757c</run_address>
         <size>0xe</size>
         <input_file_ref idref="fl-f1"/>
      </object_component>
      <object_component id="oc-58">
         <name>.text:decompress:ZI:__TI_zero_init</name>
         <load_address>0x758a</load_address>
         <run_address>0x758a</run_address>
         <size>0xc</size>
         <input_file_ref idref="fl-f0"/>
      </object_component>
      <object_component id="oc-27">
         <name>.text</name>
         <load_address>0x7596</load_address>
         <run_address>0x7596</run_address>
         <size>0xc</size>
         <input_file_ref idref="fl-3"/>
      </object_component>
      <object_component id="oc-bc">
         <name>.text:_system_pre_init</name>
         <load_address>0x75a2</load_address>
         <run_address>0x75a2</run_address>
         <size>0x4</size>
         <input_file_ref idref="fl-f6"/>
      </object_component>
      <object_component id="oc-16c">
         <name>.text:abort:abort</name>
         <load_address>0x75a6</load_address>
         <run_address>0x75a6</run_address>
         <size>0x4</size>
         <input_file_ref idref="fl-f8"/>
      </object_component>
      <object_component id="oc-2c1">
         <name>.const:g_ppui32GPIOIntMapSnowflake</name>
         <load_address>0x75ac</load_address>
         <run_address>0x75ac</run_address>
         <size>0xd8</size>
         <input_file_ref idref="fl-1b"/>
      </object_component>
      <object_component id="oc-2be">
         <name>.const:g_ppui32GPIOIntMapBlizzard</name>
         <load_address>0x7684</load_address>
         <run_address>0x7684</run_address>
         <size>0xc0</size>
         <input_file_ref idref="fl-1b"/>
      </object_component>
      <object_component id="oc-2ab">
         <name>.const:g_pui32Regs</name>
         <load_address>0x7744</load_address>
         <run_address>0x7744</run_address>
         <size>0x9c</size>
         <input_file_ref idref="fl-1e"/>
      </object_component>
      <object_component id="oc-2c4">
         <name>.const:g_pui32GPIOBaseAddrs</name>
         <load_address>0x77e0</load_address>
         <run_address>0x77e0</run_address>
         <size>0x90</size>
         <input_file_ref idref="fl-1b"/>
      </object_component>
      <object_component id="oc-22c">
         <name>.const:g_ppui32TimerIntMap</name>
         <load_address>0x7870</load_address>
         <run_address>0x7870</run_address>
         <size>0x60</size>
         <input_file_ref idref="fl-2a"/>
      </object_component>
      <object_component id="oc-22f">
         <name>.const:g_ppui32TimerIntMapSnowflake</name>
         <load_address>0x78d0</load_address>
         <run_address>0x78d0</run_address>
         <size>0x40</size>
         <input_file_ref idref="fl-2a"/>
      </object_component>
      <object_component id="oc-2a8">
         <name>.const:g_pui32Priority</name>
         <load_address>0x7910</load_address>
         <run_address>0x7910</run_address>
         <size>0x20</size>
         <input_file_ref idref="fl-1e"/>
      </object_component>
      <object_component id="oc-2b1">
         <name>.const:g_pui32Dii16Regs</name>
         <load_address>0x7930</load_address>
         <run_address>0x7930</run_address>
         <size>0x14</size>
         <input_file_ref idref="fl-1e"/>
      </object_component>
      <object_component id="oc-2ae">
         <name>.const:g_pui32EnRegs</name>
         <load_address>0x7944</load_address>
         <run_address>0x7944</run_address>
         <size>0x14</size>
         <input_file_ref idref="fl-1e"/>
      </object_component>
      <object_component id="oc-2b4">
         <name>.const:g_pui32PendRegs</name>
         <load_address>0x7958</load_address>
         <run_address>0x7958</run_address>
         <size>0x14</size>
         <input_file_ref idref="fl-1e"/>
      </object_component>
      <object_component id="oc-2b7">
         <name>.const:g_pui32UnpendRegs</name>
         <load_address>0x796c</load_address>
         <run_address>0x796c</run_address>
         <size>0x14</size>
         <input_file_ref idref="fl-1e"/>
      </object_component>
      <object_component id="oc-28f">
         <name>.const:.string</name>
         <load_address>0x7980</load_address>
         <run_address>0x7980</run_address>
         <size>0x12</size>
         <input_file_ref idref="fl-31"/>
      </object_component>
      <object_component id="oc-20f">
         <name>.const:g_ui32UARTBase</name>
         <load_address>0x7994</load_address>
         <run_address>0x7994</run_address>
         <size>0xc</size>
         <input_file_ref idref="fl-31"/>
      </object_component>
      <object_component id="oc-209">
         <name>.const:g_ui32UARTPeriph</name>
         <load_address>0x79a0</load_address>
         <run_address>0x79a0</run_address>
         <size>0xc</size>
         <input_file_ref idref="fl-31"/>
      </object_component>
      <object_component id="oc-7c">
         <name>.const</name>
         <load_address>0x79ac</load_address>
         <run_address>0x79ac</run_address>
         <size>0x4</size>
         <input_file_ref idref="fl-b"/>
      </object_component>
      <object_component id="oc-ff">
         <name>.const</name>
         <load_address>0x79b0</load_address>
         <run_address>0x79b0</run_address>
         <size>0x4</size>
         <input_file_ref idref="fl-9"/>
      </object_component>
      <object_component id="oc-217">
         <name>.const</name>
         <load_address>0x79b4</load_address>
         <run_address>0x79b4</run_address>
         <size>0x4</size>
         <input_file_ref idref="fl-31"/>
      </object_component>
      <object_component id="oc-34d">
         <name>.cinit..data.load</name>
         <load_address>0x79b8</load_address>
         <run_address>0x79b8</run_address>
         <size>0x10</size>
      </object_component>
      <object_component id="oc-34a">
         <name>__TI_handler_table</name>
         <load_address>0x79c8</load_address>
         <run_address>0x79c8</run_address>
         <size>0xc</size>
      </object_component>
      <object_component id="oc-34e">
         <name>.cinit..bss.load</name>
         <load_address>0x79d8</load_address>
         <run_address>0x79d8</run_address>
         <size>0x8</size>
      </object_component>
      <object_component id="oc-34c">
         <name>.cinit..vtable.load</name>
         <load_address>0x79e0</load_address>
         <run_address>0x79e0</run_address>
         <size>0x8</size>
      </object_component>
      <object_component id="oc-34b">
         <name>__TI_cinit_table</name>
         <load_address>0x79e8</load_address>
         <run_address>0x79e8</run_address>
         <size>0x18</size>
      </object_component>
      <object_component id="oc-2a5">
         <name>.vtable</name>
         <uninitialized>true</uninitialized>
         <run_address>0x20000000</run_address>
         <size>0x26c</size>
         <input_file_ref idref="fl-1e"/>
      </object_component>
      <object_component id="oc-14c">
         <name>.data</name>
         <load_address>0x2000c9e8</load_address>
         <run_address>0x2000c9e8</run_address>
         <size>0x5</size>
         <input_file_ref idref="fl-2"/>
      </object_component>
      <object_component id="oc-79">
         <name>.data</name>
         <load_address>0x2000c9a0</load_address>
         <run_address>0x2000c9a0</run_address>
         <size>0x34</size>
         <input_file_ref idref="fl-9"/>
      </object_component>
      <object_component id="oc-1dd">
         <name>.data</name>
         <load_address>0x2000c9d4</load_address>
         <run_address>0x2000c9d4</run_address>
         <size>0xc</size>
         <input_file_ref idref="fl-a"/>
      </object_component>
      <object_component id="oc-86">
         <name>.data</name>
         <load_address>0x2000c9f8</load_address>
         <run_address>0x2000c9f8</run_address>
         <size>0x4</size>
         <input_file_ref idref="fl-b"/>
      </object_component>
      <object_component id="oc-1c5">
         <name>.data</name>
         <load_address>0x2000c9e0</load_address>
         <run_address>0x2000c9e0</run_address>
         <size>0x8</size>
         <input_file_ref idref="fl-d"/>
      </object_component>
      <object_component id="oc-20c">
         <name>.data</name>
         <load_address>0x2000c9f0</load_address>
         <run_address>0x2000c9f0</run_address>
         <size>0x5</size>
         <input_file_ref idref="fl-31"/>
      </object_component>
      <object_component id="oc-ea">
         <name>.bss:pxReadyTasksLists</name>
         <uninitialized>true</uninitialized>
         <run_address>0x2000c5bc</run_address>
         <size>0x64</size>
         <input_file_ref idref="fl-9"/>
      </object_component>
      <object_component id="oc-102">
         <name>.bss:xDelayedTaskList1</name>
         <uninitialized>true</uninitialized>
         <run_address>0x2000c6dc</run_address>
         <size>0x14</size>
         <input_file_ref idref="fl-9"/>
      </object_component>
      <object_component id="oc-105">
         <name>.bss:xDelayedTaskList2</name>
         <uninitialized>true</uninitialized>
         <run_address>0x2000c6f0</run_address>
         <size>0x14</size>
         <input_file_ref idref="fl-9"/>
      </object_component>
      <object_component id="oc-f0">
         <name>.bss</name>
         <uninitialized>true</uninitialized>
         <run_address>0x2000c740</run_address>
         <size>0x8</size>
         <input_file_ref idref="fl-9"/>
      </object_component>
      <object_component id="oc-fc">
         <name>.bss:xPendingReadyList</name>
         <uninitialized>true</uninitialized>
         <run_address>0x2000c704</run_address>
         <size>0x14</size>
         <input_file_ref idref="fl-9"/>
      </object_component>
      <object_component id="oc-ed">
         <name>.bss:xTasksWaitingTermination</name>
         <uninitialized>true</uninitialized>
         <run_address>0x2000c72c</run_address>
         <size>0x14</size>
         <input_file_ref idref="fl-9"/>
      </object_component>
      <object_component id="oc-f3">
         <name>.bss:xSuspendedTaskList</name>
         <uninitialized>true</uninitialized>
         <run_address>0x2000c718</run_address>
         <size>0x14</size>
         <input_file_ref idref="fl-9"/>
      </object_component>
      <object_component id="oc-1e3">
         <name>.bss:xActiveTimerList1</name>
         <uninitialized>true</uninitialized>
         <run_address>0x2000c6b4</run_address>
         <size>0x14</size>
         <input_file_ref idref="fl-a"/>
      </object_component>
      <object_component id="oc-1e6">
         <name>.bss:xActiveTimerList2</name>
         <uninitialized>true</uninitialized>
         <run_address>0x2000c6c8</run_address>
         <size>0x14</size>
         <input_file_ref idref="fl-a"/>
      </object_component>
      <object_component id="oc-1e0">
         <name>.bss</name>
         <uninitialized>true</uninitialized>
         <run_address>0x2000c748</run_address>
         <size>0x8</size>
         <input_file_ref idref="fl-a"/>
      </object_component>
      <object_component id="oc-1ce">
         <name>.bss:ucHeap</name>
         <uninitialized>true</uninitialized>
         <run_address>0x2000026c</run_address>
         <size>0xc350</size>
         <input_file_ref idref="fl-d"/>
      </object_component>
      <object_component id="oc-1c8">
         <name>.bss:xStart</name>
         <uninitialized>true</uninitialized>
         <run_address>0x2000c758</run_address>
         <size>0x8</size>
         <input_file_ref idref="fl-d"/>
      </object_component>
      <object_component id="oc-1cb">
         <name>.bss:xEnd</name>
         <uninitialized>true</uninitialized>
         <run_address>0x2000c750</run_address>
         <size>0x8</size>
         <input_file_ref idref="fl-d"/>
      </object_component>
      <object_component id="oc-14f">
         <name>.common:task_1_SyncSemaphore</name>
         <uninitialized>true</uninitialized>
         <run_address>0x2000c780</run_address>
         <size>0x4</size>
      </object_component>
      <object_component id="oc-150">
         <name>.common:task_2_SyncSemaphore</name>
         <uninitialized>true</uninitialized>
         <run_address>0x2000c784</run_address>
         <size>0x4</size>
      </object_component>
      <object_component id="oc-153">
         <name>.common:task_3_SyncSemaphore</name>
         <uninitialized>true</uninitialized>
         <run_address>0x2000c788</run_address>
         <size>0x4</size>
      </object_component>
      <object_component id="oc-151">
         <name>.common:task_4_SyncSemaphore</name>
         <uninitialized>true</uninitialized>
         <run_address>0x2000c78c</run_address>
         <size>0x4</size>
      </object_component>
      <object_component id="oc-154">
         <name>.common:task_5_SyncSemaphore</name>
         <uninitialized>true</uninitialized>
         <run_address>0x2000c790</run_address>
         <size>0x4</size>
      </object_component>
      <object_component id="oc-152">
         <name>.common:task_6_SyncSemaphore</name>
         <uninitialized>true</uninitialized>
         <run_address>0x2000c794</run_address>
         <size>0x4</size>
      </object_component>
      <object_component id="oc-155">
         <name>.common:task_7_SyncSemaphore</name>
         <uninitialized>true</uninitialized>
         <run_address>0x2000c798</run_address>
         <size>0x4</size>
      </object_component>
      <object_component id="oc-169">
         <name>.common:startTimeTick</name>
         <uninitialized>true</uninitialized>
         <run_address>0x2000c77c</run_address>
         <size>0x4</size>
      </object_component>
      <object_component id="oc-162">
         <name>.common:Task1_handle</name>
         <uninitialized>true</uninitialized>
         <run_address>0x2000c760</run_address>
         <size>0x4</size>
      </object_component>
      <object_component id="oc-163">
         <name>.common:Task2_handle</name>
         <uninitialized>true</uninitialized>
         <run_address>0x2000c764</run_address>
         <size>0x4</size>
      </object_component>
      <object_component id="oc-164">
         <name>.common:Task3_handle</name>
         <uninitialized>true</uninitialized>
         <run_address>0x2000c768</run_address>
         <size>0x4</size>
      </object_component>
      <object_component id="oc-165">
         <name>.common:Task4_handle</name>
         <uninitialized>true</uninitialized>
         <run_address>0x2000c76c</run_address>
         <size>0x4</size>
      </object_component>
      <object_component id="oc-166">
         <name>.common:Task5_handle</name>
         <uninitialized>true</uninitialized>
         <run_address>0x2000c770</run_address>
         <size>0x4</size>
      </object_component>
      <object_component id="oc-167">
         <name>.common:Task6_handle</name>
         <uninitialized>true</uninitialized>
         <run_address>0x2000c774</run_address>
         <size>0x4</size>
      </object_component>
      <object_component id="oc-168">
         <name>.common:Task7_handle</name>
         <uninitialized>true</uninitialized>
         <run_address>0x2000c778</run_address>
         <size>0x4</size>
      </object_component>
      <object_component id="oc-16a">
         <name>.common:ulPeriod</name>
         <uninitialized>true</uninitialized>
         <run_address>0x2000c79c</run_address>
         <size>0x4</size>
      </object_component>
      <object_component id="oc-149">
         <name>.common:wcet</name>
         <uninitialized>true</uninitialized>
         <run_address>0x2000c698</run_address>
         <size>0x1c</size>
      </object_component>
      <object_component id="oc-14a">
         <name>.common:execution_time</name>
         <uninitialized>true</uninitialized>
         <run_address>0x2000c67c</run_address>
         <size>0x1c</size>
      </object_component>
      <object_component id="oc-14b">
         <name>.common:execution_cycle</name>
         <uninitialized>true</uninitialized>
         <run_address>0x2000c660</run_address>
         <size>0x1c</size>
      </object_component>
      <object_component id="oc-221">
         <name>.common:xQueueRegistry</name>
         <uninitialized>true</uninitialized>
         <run_address>0x2000c620</run_address>
         <size>0x40</size>
      </object_component>
      <object_component id="oc-24">
         <name>.stack</name>
         <uninitialized>true</uninitialized>
         <run_address>0x2000c7a0</run_address>
         <size>0x4</size>
         <input_file_ref idref="fl-f3"/>
      </object_component>
      <object_component id="oc-350">
         <name>.stack</name>
         <uninitialized>true</uninitialized>
         <run_address>0x2000c7a0</run_address>
         <size>0x0</size>
      </object_component>
      <object_component id="oc-121">
         <name>.debug_info</name>
         <load_address>0x0</load_address>
         <run_address>0x0</run_address>
         <size>0xa00</size>
         <input_file_ref idref="fl-2"/>
      </object_component>
      <object_component id="oc-14d">
         <name>.debug_info</name>
         <load_address>0xa00</load_address>
         <run_address>0xa00</run_address>
         <size>0xfb</size>
         <input_file_ref idref="fl-2"/>
      </object_component>
      <object_component id="oc-c3">
         <name>.debug_info</name>
         <load_address>0xafb</load_address>
         <run_address>0xafb</run_address>
         <size>0x1341</size>
         <input_file_ref idref="fl-2"/>
      </object_component>
      <object_component id="oc-112">
         <name>.debug_info</name>
         <load_address>0x1e3c</load_address>
         <run_address>0x1e3c</run_address>
         <size>0x315</size>
         <input_file_ref idref="fl-2"/>
      </object_component>
      <object_component id="oc-97">
         <name>.debug_info</name>
         <load_address>0x2151</load_address>
         <run_address>0x2151</run_address>
         <size>0x26b</size>
         <input_file_ref idref="fl-2"/>
      </object_component>
      <object_component id="oc-11c">
         <name>.debug_info</name>
         <load_address>0x23bc</load_address>
         <run_address>0x23bc</run_address>
         <size>0x461</size>
         <input_file_ref idref="fl-2"/>
      </object_component>
      <object_component id="oc-1ff">
         <name>.debug_info</name>
         <load_address>0x281d</load_address>
         <run_address>0x281d</run_address>
         <size>0x4f</size>
         <input_file_ref idref="fl-2"/>
      </object_component>
      <object_component id="oc-204">
         <name>.debug_info</name>
         <load_address>0x286c</load_address>
         <run_address>0x286c</run_address>
         <size>0x2c</size>
         <input_file_ref idref="fl-2"/>
      </object_component>
      <object_component id="oc-123">
         <name>.debug_info</name>
         <load_address>0x2898</load_address>
         <run_address>0x2898</run_address>
         <size>0x8b</size>
         <input_file_ref idref="fl-2"/>
      </object_component>
      <object_component id="oc-8b">
         <name>.debug_info</name>
         <load_address>0x2923</load_address>
         <run_address>0x2923</run_address>
         <size>0x2c</size>
         <input_file_ref idref="fl-2"/>
      </object_component>
      <object_component id="oc-1ac">
         <name>.debug_info</name>
         <load_address>0x294f</load_address>
         <run_address>0x294f</run_address>
         <size>0x4f</size>
         <input_file_ref idref="fl-2"/>
      </object_component>
      <object_component id="oc-128">
         <name>.debug_info</name>
         <load_address>0x299e</load_address>
         <run_address>0x299e</run_address>
         <size>0x2a4</size>
         <input_file_ref idref="fl-2"/>
      </object_component>
      <object_component id="oc-239">
         <name>.debug_info</name>
         <load_address>0x2c42</load_address>
         <run_address>0x2c42</run_address>
         <size>0xef</size>
         <input_file_ref idref="fl-2"/>
      </object_component>
      <object_component id="oc-9c">
         <name>.debug_info</name>
         <load_address>0x2d31</load_address>
         <run_address>0x2d31</run_address>
         <size>0xbb</size>
         <input_file_ref idref="fl-2"/>
      </object_component>
      <object_component id="oc-10d">
         <name>.debug_info</name>
         <load_address>0x2dec</load_address>
         <run_address>0x2dec</run_address>
         <size>0x53</size>
         <input_file_ref idref="fl-2"/>
      </object_component>
      <object_component id="oc-90">
         <name>.debug_info</name>
         <load_address>0x2e3f</load_address>
         <run_address>0x2e3f</run_address>
         <size>0x53</size>
         <input_file_ref idref="fl-2"/>
      </object_component>
      <object_component id="oc-21c">
         <name>.debug_info</name>
         <load_address>0x2e92</load_address>
         <run_address>0x2e92</run_address>
         <size>0x2c</size>
         <input_file_ref idref="fl-2"/>
      </object_component>
      <object_component id="oc-117">
         <name>.debug_info</name>
         <load_address>0x2ebe</load_address>
         <run_address>0x2ebe</run_address>
         <size>0x14c</size>
         <input_file_ref idref="fl-2"/>
      </object_component>
      <object_component id="oc-3a">
         <name>.debug_info</name>
         <load_address>0x300a</load_address>
         <run_address>0x300a</run_address>
         <size>0x32e</size>
         <input_file_ref idref="fl-3"/>
      </object_component>
      <object_component id="oc-13">
         <name>.debug_info</name>
         <load_address>0x3338</load_address>
         <run_address>0x3338</run_address>
         <size>0xed</size>
         <input_file_ref idref="fl-3"/>
      </object_component>
      <object_component id="oc-28">
         <name>.debug_info</name>
         <load_address>0x3425</load_address>
         <run_address>0x3425</run_address>
         <size>0x26c</size>
         <input_file_ref idref="fl-3"/>
      </object_component>
      <object_component id="oc-41">
         <name>.debug_info</name>
         <load_address>0x3691</load_address>
         <run_address>0x3691</run_address>
         <size>0x84</size>
         <input_file_ref idref="fl-3"/>
      </object_component>
      <object_component id="oc-267">
         <name>.debug_info</name>
         <load_address>0x3715</load_address>
         <run_address>0x3715</run_address>
         <size>0x647</size>
         <input_file_ref idref="fl-5"/>
      </object_component>
      <object_component id="oc-1b1">
         <name>.debug_info</name>
         <load_address>0x3d5c</load_address>
         <run_address>0x3d5c</run_address>
         <size>0x110</size>
         <input_file_ref idref="fl-5"/>
      </object_component>
      <object_component id="oc-1c0">
         <name>.debug_info</name>
         <load_address>0x3e6c</load_address>
         <run_address>0x3e6c</run_address>
         <size>0x461</size>
         <input_file_ref idref="fl-5"/>
      </object_component>
      <object_component id="oc-2ee">
         <name>.debug_info</name>
         <load_address>0x42cd</load_address>
         <run_address>0x42cd</run_address>
         <size>0x76</size>
         <input_file_ref idref="fl-5"/>
      </object_component>
      <object_component id="oc-2f3">
         <name>.debug_info</name>
         <load_address>0x4343</load_address>
         <run_address>0x4343</run_address>
         <size>0x39</size>
         <input_file_ref idref="fl-5"/>
      </object_component>
      <object_component id="oc-1d4">
         <name>.debug_info</name>
         <load_address>0x437c</load_address>
         <run_address>0x437c</run_address>
         <size>0x37e</size>
         <input_file_ref idref="fl-6"/>
      </object_component>
      <object_component id="oc-e5">
         <name>.debug_info</name>
         <load_address>0x46fa</load_address>
         <run_address>0x46fa</run_address>
         <size>0x4a8</size>
         <input_file_ref idref="fl-6"/>
      </object_component>
      <object_component id="oc-222">
         <name>.debug_info</name>
         <load_address>0x4ba2</load_address>
         <run_address>0x4ba2</run_address>
         <size>0x8e7</size>
         <input_file_ref idref="fl-7"/>
      </object_component>
      <object_component id="oc-144">
         <name>.debug_info</name>
         <load_address>0x5489</load_address>
         <run_address>0x5489</run_address>
         <size>0x37d7</size>
         <input_file_ref idref="fl-7"/>
      </object_component>
      <object_component id="oc-296">
         <name>.debug_info</name>
         <load_address>0x8c60</load_address>
         <run_address>0x8c60</run_address>
         <size>0x23f</size>
         <input_file_ref idref="fl-7"/>
      </object_component>
      <object_component id="oc-225">
         <name>.debug_info</name>
         <load_address>0x8e9f</load_address>
         <run_address>0x8e9f</run_address>
         <size>0x46</size>
         <input_file_ref idref="fl-7"/>
      </object_component>
      <object_component id="oc-1b6">
         <name>.debug_info</name>
         <load_address>0x8ee5</load_address>
         <run_address>0x8ee5</run_address>
         <size>0x35</size>
         <input_file_ref idref="fl-7"/>
      </object_component>
      <object_component id="oc-134">
         <name>.debug_info</name>
         <load_address>0x8f1a</load_address>
         <run_address>0x8f1a</run_address>
         <size>0x2c</size>
         <input_file_ref idref="fl-8"/>
      </object_component>
      <object_component id="oc-d6">
         <name>.debug_info</name>
         <load_address>0x8f46</load_address>
         <run_address>0x8f46</run_address>
         <size>0x7b2</size>
         <input_file_ref idref="fl-9"/>
      </object_component>
      <object_component id="oc-7a">
         <name>.debug_info</name>
         <load_address>0x96f8</load_address>
         <run_address>0x96f8</run_address>
         <size>0x343</size>
         <input_file_ref idref="fl-9"/>
      </object_component>
      <object_component id="oc-eb">
         <name>.debug_info</name>
         <load_address>0x9a3b</load_address>
         <run_address>0x9a3b</run_address>
         <size>0xec</size>
         <input_file_ref idref="fl-9"/>
      </object_component>
      <object_component id="oc-103">
         <name>.debug_info</name>
         <load_address>0x9b27</load_address>
         <run_address>0x9b27</run_address>
         <size>0xec</size>
         <input_file_ref idref="fl-9"/>
      </object_component>
      <object_component id="oc-106">
         <name>.debug_info</name>
         <load_address>0x9c13</load_address>
         <run_address>0x9c13</run_address>
         <size>0xec</size>
         <input_file_ref idref="fl-9"/>
      </object_component>
      <object_component id="oc-f1">
         <name>.debug_info</name>
         <load_address>0x9cff</load_address>
         <run_address>0x9cff</run_address>
         <size>0x12f</size>
         <input_file_ref idref="fl-9"/>
      </object_component>
      <object_component id="oc-fd">
         <name>.debug_info</name>
         <load_address>0x9e2e</load_address>
         <run_address>0x9e2e</run_address>
         <size>0xec</size>
         <input_file_ref idref="fl-9"/>
      </object_component>
      <object_component id="oc-ee">
         <name>.debug_info</name>
         <load_address>0x9f1a</load_address>
         <run_address>0x9f1a</run_address>
         <size>0xfa</size>
         <input_file_ref idref="fl-9"/>
      </object_component>
      <object_component id="oc-f4">
         <name>.debug_info</name>
         <load_address>0xa014</load_address>
         <run_address>0xa014</run_address>
         <size>0xee</size>
         <input_file_ref idref="fl-9"/>
      </object_component>
      <object_component id="oc-100">
         <name>.debug_info</name>
         <load_address>0xa102</load_address>
         <run_address>0xa102</run_address>
         <size>0xed</size>
         <input_file_ref idref="fl-9"/>
      </object_component>
      <object_component id="oc-80">
         <name>.debug_info</name>
         <load_address>0xa1ef</load_address>
         <run_address>0xa1ef</run_address>
         <size>0x5288</size>
         <input_file_ref idref="fl-9"/>
      </object_component>
      <object_component id="oc-d7">
         <name>.debug_info</name>
         <load_address>0xf477</load_address>
         <run_address>0xf477</run_address>
         <size>0x30c</size>
         <input_file_ref idref="fl-9"/>
      </object_component>
      <object_component id="oc-1bb">
         <name>.debug_info</name>
         <load_address>0xf783</load_address>
         <run_address>0xf783</run_address>
         <size>0x145</size>
         <input_file_ref idref="fl-9"/>
      </object_component>
      <object_component id="oc-1ef">
         <name>.debug_info</name>
         <load_address>0xf8c8</load_address>
         <run_address>0xf8c8</run_address>
         <size>0x85d</size>
         <input_file_ref idref="fl-a"/>
      </object_component>
      <object_component id="oc-1e4">
         <name>.debug_info</name>
         <load_address>0x10125</load_address>
         <run_address>0x10125</run_address>
         <size>0xec</size>
         <input_file_ref idref="fl-a"/>
      </object_component>
      <object_component id="oc-1e7">
         <name>.debug_info</name>
         <load_address>0x10211</load_address>
         <run_address>0x10211</run_address>
         <size>0xec</size>
         <input_file_ref idref="fl-a"/>
      </object_component>
      <object_component id="oc-1e1">
         <name>.debug_info</name>
         <load_address>0x102fd</load_address>
         <run_address>0x102fd</run_address>
         <size>0x124</size>
         <input_file_ref idref="fl-a"/>
      </object_component>
      <object_component id="oc-1de">
         <name>.debug_info</name>
         <load_address>0x10421</load_address>
         <run_address>0x10421</run_address>
         <size>0x110</size>
         <input_file_ref idref="fl-a"/>
      </object_component>
      <object_component id="oc-f7">
         <name>.debug_info</name>
         <load_address>0x10531</load_address>
         <run_address>0x10531</run_address>
         <size>0x1f8c</size>
         <input_file_ref idref="fl-a"/>
      </object_component>
      <object_component id="oc-1f0">
         <name>.debug_info</name>
         <load_address>0x124bd</load_address>
         <run_address>0x124bd</run_address>
         <size>0x1ce</size>
         <input_file_ref idref="fl-a"/>
      </object_component>
      <object_component id="oc-1ea">
         <name>.debug_info</name>
         <load_address>0x1268b</load_address>
         <run_address>0x1268b</run_address>
         <size>0x46</size>
         <input_file_ref idref="fl-a"/>
      </object_component>
      <object_component id="oc-8a">
         <name>.debug_info</name>
         <load_address>0x126d1</load_address>
         <run_address>0x126d1</run_address>
         <size>0x414</size>
         <input_file_ref idref="fl-b"/>
      </object_component>
      <object_component id="oc-7d">
         <name>.debug_info</name>
         <load_address>0x12ae5</load_address>
         <run_address>0x12ae5</run_address>
         <size>0x119</size>
         <input_file_ref idref="fl-b"/>
      </object_component>
      <object_component id="oc-87">
         <name>.debug_info</name>
         <load_address>0x12bfe</load_address>
         <run_address>0x12bfe</run_address>
         <size>0x100</size>
         <input_file_ref idref="fl-b"/>
      </object_component>
      <object_component id="oc-33">
         <name>.debug_info</name>
         <load_address>0x12cfe</load_address>
         <run_address>0x12cfe</run_address>
         <size>0x6b0</size>
         <input_file_ref idref="fl-b"/>
      </object_component>
      <object_component id="oc-2e">
         <name>.debug_info</name>
         <load_address>0x133ae</load_address>
         <run_address>0x133ae</run_address>
         <size>0x24e</size>
         <input_file_ref idref="fl-c"/>
      </object_component>
      <object_component id="oc-1d2">
         <name>.debug_info</name>
         <load_address>0x135fc</load_address>
         <run_address>0x135fc</run_address>
         <size>0x455</size>
         <input_file_ref idref="fl-d"/>
      </object_component>
      <object_component id="oc-1cf">
         <name>.debug_info</name>
         <load_address>0x13a51</load_address>
         <run_address>0x13a51</run_address>
         <size>0xe7</size>
         <input_file_ref idref="fl-d"/>
      </object_component>
      <object_component id="oc-1c9">
         <name>.debug_info</name>
         <load_address>0x13b38</load_address>
         <run_address>0x13b38</run_address>
         <size>0xe7</size>
         <input_file_ref idref="fl-d"/>
      </object_component>
      <object_component id="oc-1cc">
         <name>.debug_info</name>
         <load_address>0x13c1f</load_address>
         <run_address>0x13c1f</run_address>
         <size>0xe3</size>
         <input_file_ref idref="fl-d"/>
      </object_component>
      <object_component id="oc-1c6">
         <name>.debug_info</name>
         <load_address>0x13d02</load_address>
         <run_address>0x13d02</run_address>
         <size>0x101</size>
         <input_file_ref idref="fl-d"/>
      </object_component>
      <object_component id="oc-df">
         <name>.debug_info</name>
         <load_address>0x13e03</load_address>
         <run_address>0x13e03</run_address>
         <size>0x7d1</size>
         <input_file_ref idref="fl-d"/>
      </object_component>
      <object_component id="oc-26c">
         <name>.debug_info</name>
         <load_address>0x145d4</load_address>
         <run_address>0x145d4</run_address>
         <size>0x62</size>
         <input_file_ref idref="fl-d"/>
      </object_component>
      <object_component id="oc-2a0">
         <name>.debug_info</name>
         <load_address>0x14636</load_address>
         <run_address>0x14636</run_address>
         <size>0x339</size>
         <input_file_ref idref="fl-12"/>
      </object_component>
      <object_component id="oc-2c8">
         <name>.debug_info</name>
         <load_address>0x1496f</load_address>
         <run_address>0x1496f</run_address>
         <size>0x38c</size>
         <input_file_ref idref="fl-1b"/>
      </object_component>
      <object_component id="oc-2bf">
         <name>.debug_info</name>
         <load_address>0x14cfb</load_address>
         <run_address>0x14cfb</run_address>
         <size>0xfd</size>
         <input_file_ref idref="fl-1b"/>
      </object_component>
      <object_component id="oc-2c2">
         <name>.debug_info</name>
         <load_address>0x14df8</load_address>
         <run_address>0x14df8</run_address>
         <size>0xff</size>
         <input_file_ref idref="fl-1b"/>
      </object_component>
      <object_component id="oc-2c5">
         <name>.debug_info</name>
         <load_address>0x14ef7</load_address>
         <run_address>0x14ef7</run_address>
         <size>0xf1</size>
         <input_file_ref idref="fl-1b"/>
      </object_component>
      <object_component id="oc-240">
         <name>.debug_info</name>
         <load_address>0x14fe8</load_address>
         <run_address>0x14fe8</run_address>
         <size>0x3a35</size>
         <input_file_ref idref="fl-1b"/>
      </object_component>
      <object_component id="oc-2bb">
         <name>.debug_info</name>
         <load_address>0x18a1d</load_address>
         <run_address>0x18a1d</run_address>
         <size>0x369</size>
         <input_file_ref idref="fl-1e"/>
      </object_component>
      <object_component id="oc-2a9">
         <name>.debug_info</name>
         <load_address>0x18d86</load_address>
         <run_address>0x18d86</run_address>
         <size>0xec</size>
         <input_file_ref idref="fl-1e"/>
      </object_component>
      <object_component id="oc-2ac">
         <name>.debug_info</name>
         <load_address>0x18e72</load_address>
         <run_address>0x18e72</run_address>
         <size>0xe4</size>
         <input_file_ref idref="fl-1e"/>
      </object_component>
      <object_component id="oc-2af">
         <name>.debug_info</name>
         <load_address>0x18f56</load_address>
         <run_address>0x18f56</run_address>
         <size>0xe8</size>
         <input_file_ref idref="fl-1e"/>
      </object_component>
      <object_component id="oc-2b2">
         <name>.debug_info</name>
         <load_address>0x1903e</load_address>
         <run_address>0x1903e</run_address>
         <size>0xee</size>
         <input_file_ref idref="fl-1e"/>
      </object_component>
      <object_component id="oc-2b5">
         <name>.debug_info</name>
         <load_address>0x1912c</load_address>
         <run_address>0x1912c</run_address>
         <size>0xec</size>
         <input_file_ref idref="fl-1e"/>
      </object_component>
      <object_component id="oc-2b8">
         <name>.debug_info</name>
         <load_address>0x19218</load_address>
         <run_address>0x19218</run_address>
         <size>0xf0</size>
         <input_file_ref idref="fl-1e"/>
      </object_component>
      <object_component id="oc-2a6">
         <name>.debug_info</name>
         <load_address>0x19308</load_address>
         <run_address>0x19308</run_address>
         <size>0xed</size>
         <input_file_ref idref="fl-1e"/>
      </object_component>
      <object_component id="oc-233">
         <name>.debug_info</name>
         <load_address>0x193f5</load_address>
         <run_address>0x193f5</run_address>
         <size>0xdad</size>
         <input_file_ref idref="fl-1e"/>
      </object_component>
      <object_component id="oc-23e">
         <name>.debug_info</name>
         <load_address>0x1a1a2</load_address>
         <run_address>0x1a1a2</run_address>
         <size>0x379</size>
         <input_file_ref idref="fl-2a"/>
      </object_component>
      <object_component id="oc-22d">
         <name>.debug_info</name>
         <load_address>0x1a51b</load_address>
         <run_address>0x1a51b</run_address>
         <size>0xf0</size>
         <input_file_ref idref="fl-2a"/>
      </object_component>
      <object_component id="oc-230">
         <name>.debug_info</name>
         <load_address>0x1a60b</load_address>
         <run_address>0x1a60b</run_address>
         <size>0x102</size>
         <input_file_ref idref="fl-2a"/>
      </object_component>
      <object_component id="oc-157">
         <name>.debug_info</name>
         <load_address>0x1a70d</load_address>
         <run_address>0x1a70d</run_address>
         <size>0x2bfd</size>
         <input_file_ref idref="fl-2a"/>
      </object_component>
      <object_component id="oc-246">
         <name>.debug_info</name>
         <load_address>0x1d30a</load_address>
         <run_address>0x1d30a</run_address>
         <size>0x2ef</size>
         <input_file_ref idref="fl-30"/>
      </object_component>
      <object_component id="oc-15d">
         <name>.debug_info</name>
         <load_address>0x1d5f9</load_address>
         <run_address>0x1d5f9</run_address>
         <size>0x480</size>
         <input_file_ref idref="fl-30"/>
      </object_component>
      <object_component id="oc-21b">
         <name>.debug_info</name>
         <load_address>0x1da79</load_address>
         <run_address>0x1da79</run_address>
         <size>0x2c6</size>
         <input_file_ref idref="fl-31"/>
      </object_component>
      <object_component id="oc-20d">
         <name>.debug_info</name>
         <load_address>0x1dd3f</load_address>
         <run_address>0x1dd3f</run_address>
         <size>0xde</size>
         <input_file_ref idref="fl-31"/>
      </object_component>
      <object_component id="oc-218">
         <name>.debug_info</name>
         <load_address>0x1de1d</load_address>
         <run_address>0x1de1d</run_address>
         <size>0xd8</size>
         <input_file_ref idref="fl-31"/>
      </object_component>
      <object_component id="oc-210">
         <name>.debug_info</name>
         <load_address>0x1def5</load_address>
         <run_address>0x1def5</run_address>
         <size>0xe6</size>
         <input_file_ref idref="fl-31"/>
      </object_component>
      <object_component id="oc-20a">
         <name>.debug_info</name>
         <load_address>0x1dfdb</load_address>
         <run_address>0x1dfdb</run_address>
         <size>0xea</size>
         <input_file_ref idref="fl-31"/>
      </object_component>
      <object_component id="oc-13e">
         <name>.debug_info</name>
         <load_address>0x1e0c5</load_address>
         <run_address>0x1e0c5</run_address>
         <size>0x7be</size>
         <input_file_ref idref="fl-31"/>
      </object_component>
      <object_component id="oc-47">
         <name>.debug_info</name>
         <load_address>0x1e883</load_address>
         <run_address>0x1e883</run_address>
         <size>0x119</size>
         <input_file_ref idref="fl-ed"/>
      </object_component>
      <object_component id="oc-b7">
         <name>.debug_info</name>
         <load_address>0x1e99c</load_address>
         <run_address>0x1e99c</run_address>
         <size>0x147</size>
         <input_file_ref idref="fl-ee"/>
      </object_component>
      <object_component id="oc-213">
         <name>.debug_info</name>
         <load_address>0x1eae3</load_address>
         <run_address>0x1eae3</run_address>
         <size>0x142</size>
         <input_file_ref idref="fl-ef"/>
      </object_component>
      <object_component id="oc-b5">
         <name>.debug_info</name>
         <load_address>0x1ec25</load_address>
         <run_address>0x1ec25</run_address>
         <size>0x2d4</size>
         <input_file_ref idref="fl-f0"/>
      </object_component>
      <object_component id="oc-59">
         <name>.debug_info</name>
         <load_address>0x1eef9</load_address>
         <run_address>0x1eef9</run_address>
         <size>0x1b5</size>
         <input_file_ref idref="fl-f0"/>
      </object_component>
      <object_component id="oc-b0">
         <name>.debug_info</name>
         <load_address>0x1f0ae</load_address>
         <run_address>0x1f0ae</run_address>
         <size>0x46</size>
         <input_file_ref idref="fl-f0"/>
      </object_component>
      <object_component id="oc-51">
         <name>.debug_info</name>
         <load_address>0x1f0f4</load_address>
         <run_address>0x1f0f4</run_address>
         <size>0x2a8</size>
         <input_file_ref idref="fl-f1"/>
      </object_component>
      <object_component id="oc-1c">
         <name>.debug_info</name>
         <load_address>0x1f39c</load_address>
         <run_address>0x1f39c</run_address>
         <size>0x1ea</size>
         <input_file_ref idref="fl-f1"/>
      </object_component>
      <object_component id="oc-4c">
         <name>.debug_info</name>
         <load_address>0x1f586</load_address>
         <run_address>0x1f586</run_address>
         <size>0x46</size>
         <input_file_ref idref="fl-f1"/>
      </object_component>
      <object_component id="oc-a8">
         <name>.debug_info</name>
         <load_address>0x1f5cc</load_address>
         <run_address>0x1f5cc</run_address>
         <size>0x2c</size>
         <input_file_ref idref="fl-f1"/>
      </object_component>
      <object_component id="oc-a6">
         <name>.debug_info</name>
         <load_address>0x1f5f8</load_address>
         <run_address>0x1f5f8</run_address>
         <size>0x29e</size>
         <input_file_ref idref="fl-f2"/>
      </object_component>
      <object_component id="oc-16">
         <name>.debug_info</name>
         <load_address>0x1f896</load_address>
         <run_address>0x1f896</run_address>
         <size>0x250</size>
         <input_file_ref idref="fl-f2"/>
      </object_component>
      <object_component id="oc-3c">
         <name>.debug_info</name>
         <load_address>0x1fae6</load_address>
         <run_address>0x1fae6</run_address>
         <size>0x60</size>
         <input_file_ref idref="fl-f2"/>
      </object_component>
      <object_component id="oc-12d">
         <name>.debug_info</name>
         <load_address>0x1fb46</load_address>
         <run_address>0x1fb46</run_address>
         <size>0x46</size>
         <input_file_ref idref="fl-f2"/>
      </object_component>
      <object_component id="oc-a1">
         <name>.debug_info</name>
         <load_address>0x1fb8c</load_address>
         <run_address>0x1fb8c</run_address>
         <size>0x39</size>
         <input_file_ref idref="fl-f2"/>
      </object_component>
      <object_component id="oc-25">
         <name>.debug_info</name>
         <load_address>0x1fbc5</load_address>
         <run_address>0x1fbc5</run_address>
         <size>0x10b</size>
         <input_file_ref idref="fl-f3"/>
      </object_component>
      <object_component id="oc-65">
         <name>.debug_info</name>
         <load_address>0x1fcd0</load_address>
         <run_address>0x1fcd0</run_address>
         <size>0x1a9</size>
         <input_file_ref idref="fl-f3"/>
      </object_component>
      <object_component id="oc-28a">
         <name>.debug_info</name>
         <load_address>0x1fe79</load_address>
         <run_address>0x1fe79</run_address>
         <size>0x115</size>
         <input_file_ref idref="fl-f4"/>
      </object_component>
      <object_component id="oc-252">
         <name>.debug_info</name>
         <load_address>0x1ff8e</load_address>
         <run_address>0x1ff8e</run_address>
         <size>0x4b3</size>
         <input_file_ref idref="fl-f5"/>
      </object_component>
      <object_component id="oc-179">
         <name>.debug_info</name>
         <load_address>0x20441</load_address>
         <run_address>0x20441</run_address>
         <size>0x1a6</size>
         <input_file_ref idref="fl-f5"/>
      </object_component>
      <object_component id="oc-2db">
         <name>.debug_info</name>
         <load_address>0x205e7</load_address>
         <run_address>0x205e7</run_address>
         <size>0x39</size>
         <input_file_ref idref="fl-f5"/>
      </object_component>
      <object_component id="oc-315">
         <name>.debug_info</name>
         <load_address>0x20620</load_address>
         <run_address>0x20620</run_address>
         <size>0x39</size>
         <input_file_ref idref="fl-f5"/>
      </object_component>
      <object_component id="oc-2e0">
         <name>.debug_info</name>
         <load_address>0x20659</load_address>
         <run_address>0x20659</run_address>
         <size>0x39</size>
         <input_file_ref idref="fl-f5"/>
      </object_component>
      <object_component id="oc-2e5">
         <name>.debug_info</name>
         <load_address>0x20692</load_address>
         <run_address>0x20692</run_address>
         <size>0xcd</size>
         <input_file_ref idref="fl-f5"/>
      </object_component>
      <object_component id="oc-bd">
         <name>.debug_info</name>
         <load_address>0x2075f</load_address>
         <run_address>0x2075f</run_address>
         <size>0x153</size>
         <input_file_ref idref="fl-f6"/>
      </object_component>
      <object_component id="oc-16d">
         <name>.debug_info</name>
         <load_address>0x208b2</load_address>
         <run_address>0x208b2</run_address>
         <size>0x122</size>
         <input_file_ref idref="fl-f8"/>
      </object_component>
      <object_component id="oc-351">
         <name>.debug_info</name>
         <load_address>0x209d4</load_address>
         <run_address>0x209d4</run_address>
         <size>0x9f</size>
      </object_component>
      <object_component id="oc-1fe">
         <name>.debug_line</name>
         <load_address>0x0</load_address>
         <run_address>0x0</run_address>
         <size>0xfd</size>
         <input_file_ref idref="fl-2"/>
      </object_component>
      <object_component id="oc-22b">
         <name>.debug_line</name>
         <load_address>0xfd</load_address>
         <run_address>0xfd</run_address>
         <size>0x2d</size>
         <input_file_ref idref="fl-2"/>
      </object_component>
      <object_component id="oc-c6">
         <name>.debug_line</name>
         <load_address>0x12a</load_address>
         <run_address>0x12a</run_address>
         <size>0x34a</size>
         <input_file_ref idref="fl-2"/>
      </object_component>
      <object_component id="oc-115">
         <name>.debug_line</name>
         <load_address>0x474</load_address>
         <run_address>0x474</run_address>
         <size>0x64</size>
         <input_file_ref idref="fl-2"/>
      </object_component>
      <object_component id="oc-9a">
         <name>.debug_line</name>
         <load_address>0x4d8</load_address>
         <run_address>0x4d8</run_address>
         <size>0x78</size>
         <input_file_ref idref="fl-2"/>
      </object_component>
      <object_component id="oc-11f">
         <name>.debug_line</name>
         <load_address>0x550</load_address>
         <run_address>0x550</run_address>
         <size>0x68</size>
         <input_file_ref idref="fl-2"/>
      </object_component>
      <object_component id="oc-202">
         <name>.debug_line</name>
         <load_address>0x5b8</load_address>
         <run_address>0x5b8</run_address>
         <size>0x65</size>
         <input_file_ref idref="fl-2"/>
      </object_component>
      <object_component id="oc-207">
         <name>.debug_line</name>
         <load_address>0x61d</load_address>
         <run_address>0x61d</run_address>
         <size>0x66</size>
         <input_file_ref idref="fl-2"/>
      </object_component>
      <object_component id="oc-126">
         <name>.debug_line</name>
         <load_address>0x683</load_address>
         <run_address>0x683</run_address>
         <size>0x20</size>
         <input_file_ref idref="fl-2"/>
      </object_component>
      <object_component id="oc-8e">
         <name>.debug_line</name>
         <load_address>0x6a3</load_address>
         <run_address>0x6a3</run_address>
         <size>0x68</size>
         <input_file_ref idref="fl-2"/>
      </object_component>
      <object_component id="oc-1af">
         <name>.debug_line</name>
         <load_address>0x70b</load_address>
         <run_address>0x70b</run_address>
         <size>0x66</size>
         <input_file_ref idref="fl-2"/>
      </object_component>
      <object_component id="oc-12b">
         <name>.debug_line</name>
         <load_address>0x771</load_address>
         <run_address>0x771</run_address>
         <size>0x7c</size>
         <input_file_ref idref="fl-2"/>
      </object_component>
      <object_component id="oc-23c">
         <name>.debug_line</name>
         <load_address>0x7ed</load_address>
         <run_address>0x7ed</run_address>
         <size>0x78</size>
         <input_file_ref idref="fl-2"/>
      </object_component>
      <object_component id="oc-9f">
         <name>.debug_line</name>
         <load_address>0x865</load_address>
         <run_address>0x865</run_address>
         <size>0x79</size>
         <input_file_ref idref="fl-2"/>
      </object_component>
      <object_component id="oc-110">
         <name>.debug_line</name>
         <load_address>0x8de</load_address>
         <run_address>0x8de</run_address>
         <size>0x74</size>
         <input_file_ref idref="fl-2"/>
      </object_component>
      <object_component id="oc-93">
         <name>.debug_line</name>
         <load_address>0x952</load_address>
         <run_address>0x952</run_address>
         <size>0x77</size>
         <input_file_ref idref="fl-2"/>
      </object_component>
      <object_component id="oc-21f">
         <name>.debug_line</name>
         <load_address>0x9c9</load_address>
         <run_address>0x9c9</run_address>
         <size>0x74</size>
         <input_file_ref idref="fl-2"/>
      </object_component>
      <object_component id="oc-11a">
         <name>.debug_line</name>
         <load_address>0xa3d</load_address>
         <run_address>0xa3d</run_address>
         <size>0x64</size>
         <input_file_ref idref="fl-2"/>
      </object_component>
      <object_component id="oc-96">
         <name>.debug_line</name>
         <load_address>0xaa1</load_address>
         <run_address>0xaa1</run_address>
         <size>0x42</size>
         <input_file_ref idref="fl-3"/>
      </object_component>
      <object_component id="oc-39">
         <name>.debug_line</name>
         <load_address>0xae3</load_address>
         <run_address>0xae3</run_address>
         <size>0x42</size>
         <input_file_ref idref="fl-3"/>
      </object_component>
      <object_component id="oc-2b">
         <name>.debug_line</name>
         <load_address>0xb25</load_address>
         <run_address>0xb25</run_address>
         <size>0xa2</size>
         <input_file_ref idref="fl-3"/>
      </object_component>
      <object_component id="oc-44">
         <name>.debug_line</name>
         <load_address>0xbc7</load_address>
         <run_address>0xbc7</run_address>
         <size>0x20</size>
         <input_file_ref idref="fl-3"/>
      </object_component>
      <object_component id="oc-2ed">
         <name>.debug_line</name>
         <load_address>0xbe7</load_address>
         <run_address>0xbe7</run_address>
         <size>0x147</size>
         <input_file_ref idref="fl-5"/>
      </object_component>
      <object_component id="oc-1b4">
         <name>.debug_line</name>
         <load_address>0xd2e</load_address>
         <run_address>0xd2e</run_address>
         <size>0x74</size>
         <input_file_ref idref="fl-5"/>
      </object_component>
      <object_component id="oc-1c3">
         <name>.debug_line</name>
         <load_address>0xda2</load_address>
         <run_address>0xda2</run_address>
         <size>0x68</size>
         <input_file_ref idref="fl-5"/>
      </object_component>
      <object_component id="oc-2f1">
         <name>.debug_line</name>
         <load_address>0xe0a</load_address>
         <run_address>0xe0a</run_address>
         <size>0x3e</size>
         <input_file_ref idref="fl-5"/>
      </object_component>
      <object_component id="oc-2f6">
         <name>.debug_line</name>
         <load_address>0xe48</load_address>
         <run_address>0xe48</run_address>
         <size>0x6c</size>
         <input_file_ref idref="fl-5"/>
      </object_component>
      <object_component id="oc-278">
         <name>.debug_line</name>
         <load_address>0xeb4</load_address>
         <run_address>0xeb4</run_address>
         <size>0x20</size>
         <input_file_ref idref="fl-6"/>
      </object_component>
      <object_component id="oc-e8">
         <name>.debug_line</name>
         <load_address>0xed4</load_address>
         <run_address>0xed4</run_address>
         <size>0xe9</size>
         <input_file_ref idref="fl-6"/>
      </object_component>
      <object_component id="oc-295">
         <name>.debug_line</name>
         <load_address>0xfbd</load_address>
         <run_address>0xfbd</run_address>
         <size>0x15e</size>
         <input_file_ref idref="fl-7"/>
      </object_component>
      <object_component id="oc-147">
         <name>.debug_line</name>
         <load_address>0x111b</load_address>
         <run_address>0x111b</run_address>
         <size>0x87d</size>
         <input_file_ref idref="fl-7"/>
      </object_component>
      <object_component id="oc-299">
         <name>.debug_line</name>
         <load_address>0x1998</load_address>
         <run_address>0x1998</run_address>
         <size>0x37</size>
         <input_file_ref idref="fl-7"/>
      </object_component>
      <object_component id="oc-228">
         <name>.debug_line</name>
         <load_address>0x19cf</load_address>
         <run_address>0x19cf</run_address>
         <size>0x65</size>
         <input_file_ref idref="fl-7"/>
      </object_component>
      <object_component id="oc-1b9">
         <name>.debug_line</name>
         <load_address>0x1a34</load_address>
         <run_address>0x1a34</run_address>
         <size>0x7d</size>
         <input_file_ref idref="fl-7"/>
      </object_component>
      <object_component id="oc-137">
         <name>.debug_line</name>
         <load_address>0x1ab1</load_address>
         <run_address>0x1ab1</run_address>
         <size>0x74</size>
         <input_file_ref idref="fl-8"/>
      </object_component>
      <object_component id="oc-1ab">
         <name>.debug_line</name>
         <load_address>0x1b25</load_address>
         <run_address>0x1b25</run_address>
         <size>0x19d</size>
         <input_file_ref idref="fl-9"/>
      </object_component>
      <object_component id="oc-d5">
         <name>.debug_line</name>
         <load_address>0x1cc2</load_address>
         <run_address>0x1cc2</run_address>
         <size>0x37</size>
         <input_file_ref idref="fl-9"/>
      </object_component>
      <object_component id="oc-1d6">
         <name>.debug_line</name>
         <load_address>0x1cf9</load_address>
         <run_address>0x1cf9</run_address>
         <size>0x37</size>
         <input_file_ref idref="fl-9"/>
      </object_component>
      <object_component id="oc-1fa">
         <name>.debug_line</name>
         <load_address>0x1d30</load_address>
         <run_address>0x1d30</run_address>
         <size>0x37</size>
         <input_file_ref idref="fl-9"/>
      </object_component>
      <object_component id="oc-1fc">
         <name>.debug_line</name>
         <load_address>0x1d67</load_address>
         <run_address>0x1d67</run_address>
         <size>0x37</size>
         <input_file_ref idref="fl-9"/>
      </object_component>
      <object_component id="oc-1da">
         <name>.debug_line</name>
         <load_address>0x1d9e</load_address>
         <run_address>0x1d9e</run_address>
         <size>0x37</size>
         <input_file_ref idref="fl-9"/>
      </object_component>
      <object_component id="oc-1f6">
         <name>.debug_line</name>
         <load_address>0x1dd5</load_address>
         <run_address>0x1dd5</run_address>
         <size>0x37</size>
         <input_file_ref idref="fl-9"/>
      </object_component>
      <object_component id="oc-1d8">
         <name>.debug_line</name>
         <load_address>0x1e0c</load_address>
         <run_address>0x1e0c</run_address>
         <size>0x37</size>
         <input_file_ref idref="fl-9"/>
      </object_component>
      <object_component id="oc-1dc">
         <name>.debug_line</name>
         <load_address>0x1e43</load_address>
         <run_address>0x1e43</run_address>
         <size>0x37</size>
         <input_file_ref idref="fl-9"/>
      </object_component>
      <object_component id="oc-1f8">
         <name>.debug_line</name>
         <load_address>0x1e7a</load_address>
         <run_address>0x1e7a</run_address>
         <size>0x37</size>
         <input_file_ref idref="fl-9"/>
      </object_component>
      <object_component id="oc-83">
         <name>.debug_line</name>
         <load_address>0x1eb1</load_address>
         <run_address>0x1eb1</run_address>
         <size>0xdaf</size>
         <input_file_ref idref="fl-9"/>
      </object_component>
      <object_component id="oc-da">
         <name>.debug_line</name>
         <load_address>0x2c60</load_address>
         <run_address>0x2c60</run_address>
         <size>0x64</size>
         <input_file_ref idref="fl-9"/>
      </object_component>
      <object_component id="oc-1be">
         <name>.debug_line</name>
         <load_address>0x2cc4</load_address>
         <run_address>0x2cc4</run_address>
         <size>0x37</size>
         <input_file_ref idref="fl-9"/>
      </object_component>
      <object_component id="oc-282">
         <name>.debug_line</name>
         <load_address>0x2cfb</load_address>
         <run_address>0x2cfb</run_address>
         <size>0x18c</size>
         <input_file_ref idref="fl-a"/>
      </object_component>
      <object_component id="oc-27e">
         <name>.debug_line</name>
         <load_address>0x2e87</load_address>
         <run_address>0x2e87</run_address>
         <size>0x38</size>
         <input_file_ref idref="fl-a"/>
      </object_component>
      <object_component id="oc-280">
         <name>.debug_line</name>
         <load_address>0x2ebf</load_address>
         <run_address>0x2ebf</run_address>
         <size>0x38</size>
         <input_file_ref idref="fl-a"/>
      </object_component>
      <object_component id="oc-27c">
         <name>.debug_line</name>
         <load_address>0x2ef7</load_address>
         <run_address>0x2ef7</run_address>
         <size>0x38</size>
         <input_file_ref idref="fl-a"/>
      </object_component>
      <object_component id="oc-27a">
         <name>.debug_line</name>
         <load_address>0x2f2f</load_address>
         <run_address>0x2f2f</run_address>
         <size>0x38</size>
         <input_file_ref idref="fl-a"/>
      </object_component>
      <object_component id="oc-fa">
         <name>.debug_line</name>
         <load_address>0x2f67</load_address>
         <run_address>0x2f67</run_address>
         <size>0x491</size>
         <input_file_ref idref="fl-a"/>
[...]
         <object_component_ref idref="oc-23f"/>
      </symbol>
      <symbol id="sm-799">
         <name>GPIOPinTypeADC</name>
         <value>0x2e03</value>
         <object_component_ref idref="oc-23f"/>
      </symbol>
      <symbol id="sm-79a">
         <name>GPIODMATriggerDisable</name>
         <value>0x3457</value>
         <object_component_ref idref="oc-23f"/>
      </symbol>
      <symbol id="sm-79b">
         <name>GPIOPinTypeGPIOInput</name>
         <value>0x2fc1</value>
         <object_component_ref idref="oc-23f"/>
      </symbol>
      <symbol id="sm-79c">
         <name>GPIOIntUnregisterPin</name>
         <value>0x2d5d</value>
         <object_component_ref idref="oc-23f"/>
      </symbol>
      <symbol id="sm-79d">
         <name>GPIOIntUnregister</name>
         <value>0x2ca5</value>
         <object_component_ref idref="oc-23f"/>
      </symbol>
      <symbol id="sm-79e">
         <name>GPIOPinTypeComparator</name>
         <value>0x2e6f</value>
         <object_component_ref idref="oc-23f"/>
      </symbol>
      <symbol id="sm-79f">
         <name>GPIOPinTypeComparatorOutput</name>
         <value>0x2ea5</value>
         <object_component_ref idref="oc-23f"/>
      </symbol>
      <symbol id="sm-7a0">
         <name>GPIOPadConfigGet</name>
         <value>0x2a31</value>
         <object_component_ref idref="oc-23f"/>
      </symbol>
      <symbol id="sm-7a1">
         <name>GPIOPinTypeOneWire</name>
         <value>0x313b</value>
         <object_component_ref idref="oc-23f"/>
      </symbol>
      <symbol id="sm-7a2">
         <name>GPIOIntClear</name>
         <value>0x2c45</value>
         <object_component_ref idref="oc-23f"/>
      </symbol>
      <symbol id="sm-7a3">
         <name>GPIOADCTriggerEnable</name>
         <value>0x3483</value>
         <object_component_ref idref="oc-23f"/>
      </symbol>
      <symbol id="sm-7a4">
         <name>GPIOADCTriggerDisable</name>
         <value>0x34af</value>
         <object_component_ref idref="oc-23f"/>
      </symbol>
      <symbol id="sm-7a5">
         <name>GPIOPinTypeUART</name>
         <value>0x327f</value>
         <object_component_ref idref="oc-23f"/>
      </symbol>
      <symbol id="sm-7a6">
         <name>GPIOIntRegisterPin</name>
         <value>0x2ce5</value>
         <object_component_ref idref="oc-23f"/>
      </symbol>
      <symbol id="sm-7a7">
         <name>GPIOIntStatus</name>
         <value>0x2c15</value>
         <object_component_ref idref="oc-23f"/>
      </symbol>
      <symbol id="sm-7a8">
         <name>GPIOPinTypeDIVSCLK</name>
         <value>0x2edb</value>
         <object_component_ref idref="oc-23f"/>
      </symbol>
      <symbol id="sm-7a9">
         <name>GPIOPinTypeGPIOOutput</name>
         <value>0x2ff7</value>
         <object_component_ref idref="oc-23f"/>
      </symbol>
      <symbol id="sm-7aa">
         <name>GPIOIntTypeGet</name>
         <value>0x2699</value>
         <object_component_ref idref="oc-23f"/>
      </symbol>
      <symbol id="sm-7ab">
         <name>GPIOPinRead</name>
         <value>0x2daf</value>
         <object_component_ref idref="oc-23f"/>
      </symbol>
      <symbol id="sm-7ac">
         <name>GPIODirModeSet</name>
         <value>0x23f1</value>
         <object_component_ref idref="oc-23f"/>
      </symbol>
      <symbol id="sm-7ad">
         <name>GPIOPinTypeQEI</name>
         <value>0x31a7</value>
         <object_component_ref idref="oc-23f"/>
      </symbol>
      <symbol id="sm-7ae">
         <name>GPIOPinTypeHibernateRTCCLK</name>
         <value>0x3063</value>
         <object_component_ref idref="oc-23f"/>
      </symbol>
      <symbol id="sm-7af">
         <name>GPIODMATriggerEnable</name>
         <value>0x342b</value>
         <object_component_ref idref="oc-23f"/>
      </symbol>
      <symbol id="sm-7b0">
         <name>GPIOPinTypeEthernetMII</name>
         <value>0x2f7d</value>
         <object_component_ref idref="oc-23f"/>
      </symbol>
      <symbol id="sm-7b1">
         <name>GPIOPinWrite</name>
         <value>0x2dd5</value>
         <object_component_ref idref="oc-23f"/>
      </symbol>
      <symbol id="sm-7b2">
         <name>GPIOPadConfigSet</name>
         <value>0x273d</value>
         <object_component_ref idref="oc-23f"/>
      </symbol>
      <symbol id="sm-7b3">
         <name>GPIOPinTypeLCD</name>
         <value>0x3105</value>
         <object_component_ref idref="oc-23f"/>
      </symbol>
      <symbol id="sm-7b4">
         <name>GPIOPinTypeSSI</name>
         <value>0x31dd</value>
         <object_component_ref idref="oc-23f"/>
      </symbol>
      <symbol id="sm-7b5">
         <name>GPIOPinTypeTimer</name>
         <value>0x3213</value>
         <object_component_ref idref="oc-23f"/>
      </symbol>
      <symbol id="sm-7b6">
         <name>GPIOPinTypeCAN</name>
         <value>0x2e39</value>
         <object_component_ref idref="oc-23f"/>
      </symbol>
      <symbol id="sm-7b7">
         <name>GPIOPinTypeEPI</name>
         <value>0x2f11</value>
         <object_component_ref idref="oc-23f"/>
      </symbol>
      <symbol id="sm-7b8">
         <name>GPIOPinTypeEthernetLED</name>
         <value>0x2f47</value>
         <object_component_ref idref="oc-23f"/>
      </symbol>
      <symbol id="sm-7b9">
         <name>GPIOUnlockPin</name>
         <value>0x34db</value>
         <object_component_ref idref="oc-23f"/>
      </symbol>
      <symbol id="sm-7ba">
         <name>GPIOPinWakeStatus</name>
         <value>0x3395</value>
         <object_component_ref idref="oc-23f"/>
      </symbol>
      <symbol id="sm-84d">
         <name>IntPendClear</name>
         <value>0x6921</value>
         <object_component_ref idref="oc-232"/>
      </symbol>
      <symbol id="sm-84e">
         <name>IntPriorityGroupingGet</name>
         <value>0x6627</value>
         <object_component_ref idref="oc-232"/>
      </symbol>
      <symbol id="sm-84f">
         <name>IntPrioritySet</name>
         <value>0x665f</value>
         <object_component_ref idref="oc-232"/>
      </symbol>
      <symbol id="sm-850">
         <name>IntIsEnabled</name>
         <value>0x67fd</value>
         <object_component_ref idref="oc-232"/>
      </symbol>
      <symbol id="sm-851">
         <name>IntEnable</name>
         <value>0x66f7</value>
         <object_component_ref idref="oc-232"/>
      </symbol>
      <symbol id="sm-852">
         <name>IntTrigger</name>
         <value>0x698f</value>
         <object_component_ref idref="oc-232"/>
      </symbol>
      <symbol id="sm-853">
         <name>IntPriorityMaskSet</name>
         <value>0x697b</value>
         <object_component_ref idref="oc-232"/>
      </symbol>
      <symbol id="sm-854">
         <name>IntPriorityGroupingSet</name>
         <value>0x6601</value>
         <object_component_ref idref="oc-232"/>
      </symbol>
      <symbol id="sm-855">
         <name>IntDisable</name>
         <value>0x6775</value>
         <object_component_ref idref="oc-232"/>
      </symbol>
      <symbol id="sm-856">
         <name>IntRegister</name>
         <value>0x656b</value>
         <object_component_ref idref="oc-232"/>
      </symbol>
      <symbol id="sm-857">
         <name>IntPriorityGet</name>
         <value>0x66c1</value>
         <object_component_ref idref="oc-232"/>
      </symbol>
      <symbol id="sm-858">
         <name>IntMasterDisable</name>
         <value>0x655b</value>
         <object_component_ref idref="oc-232"/>
      </symbol>
      <symbol id="sm-859">
         <name>IntUnregister</name>
         <value>0x65e1</value>
         <object_component_ref idref="oc-232"/>
      </symbol>
      <symbol id="sm-85a">
         <name>IntPriorityMaskGet</name>
         <value>0x6987</value>
         <object_component_ref idref="oc-232"/>
      </symbol>
      <symbol id="sm-85b">
         <name>g_pfnRAMVectors</name>
         <value>0x20000000</value>
         <object_component_ref idref="oc-2a5"/>
      </symbol>
      <symbol id="sm-85c">
         <name>IntMasterEnable</name>
         <value>0x654b</value>
         <object_component_ref idref="oc-232"/>
      </symbol>
      <symbol id="sm-85d">
         <name>IntPendSet</name>
         <value>0x68b1</value>
         <object_component_ref idref="oc-232"/>
      </symbol>
      <symbol id="sm-944">
         <name>TimerMatchSet</name>
         <value>0x4c5b</value>
         <object_component_ref idref="oc-156"/>
      </symbol>
      <symbol id="sm-945">
         <name>TimerLoadSet</name>
         <value>0x4ac5</value>
         <object_component_ref idref="oc-156"/>
      </symbol>
      <symbol id="sm-946">
         <name>TimerDMAEventSet</name>
         <value>0x4f19</value>
         <object_component_ref idref="oc-156"/>
      </symbol>
      <symbol id="sm-947">
         <name>TimerADCEventSet</name>
         <value>0x4edd</value>
         <object_component_ref idref="oc-156"/>
      </symbol>
      <symbol id="sm-948">
         <name>TimerPrescaleMatchGet</name>
         <value>0x4a79</value>
         <object_component_ref idref="oc-156"/>
      </symbol>
      <symbol id="sm-949">
         <name>TimerPrescaleGet</name>
         <value>0x49c3</value>
         <object_component_ref idref="oc-156"/>
      </symbol>
      <symbol id="sm-94a">
         <name>TimerControlLevel</name>
         <value>0x462d</value>
         <object_component_ref idref="oc-156"/>
      </symbol>
      <symbol id="sm-94b">
         <name>TimerDisable</name>
         <value>0x43cd</value>
         <object_component_ref idref="oc-156"/>
      </symbol>
      <symbol id="sm-94c">
         <name>TimerUpdateMode</name>
         <value>0x4f55</value>
         <object_component_ref idref="oc-156"/>
      </symbol>
      <symbol id="sm-94d">
         <name>TimerIntRegister</name>
         <value>0x4d65</value>
         <object_component_ref idref="oc-156"/>
      </symbol>
      <symbol id="sm-94e">
         <name>TimerMatchSet64</name>
         <value>0x4cf7</value>
         <object_component_ref idref="oc-156"/>
      </symbol>
      <symbol id="sm-94f">
         <name>TimerEnable</name>
         <value>0x4383</value>
         <object_component_ref idref="oc-156"/>
      </symbol>
      <symbol id="sm-950">
         <name>TimerLoadGet64</name>
         <value>0x4b8d</value>
         <object_component_ref idref="oc-156"/>
      </symbol>
      <symbol id="sm-951">
         <name>TimerIntUnregister</name>
         <value>0x4dcf</value>
         <object_component_ref idref="oc-156"/>
      </symbol>
      <symbol id="sm-952">
         <name>TimerValueGet64</name>
         <value>0x4c15</value>
         <object_component_ref idref="oc-156"/>
      </symbol>
      <symbol id="sm-953">
         <name>TimerMatchGet</name>
         <value>0x4cb5</value>
         <object_component_ref idref="oc-156"/>
      </symbol>
      <symbol id="sm-954">
         <name>TimerIntStatus</name>
         <value>0x4e71</value>
         <object_component_ref idref="oc-156"/>
      </symbol>
      <symbol id="sm-955">
         <name>TimerClockSourceGet</name>
         <value>0x492d</value>
         <object_component_ref idref="oc-156"/>
      </symbol>
      <symbol id="sm-956">
         <name>TimerIntDisable</name>
         <value>0x4e4b</value>
         <object_component_ref idref="oc-156"/>
      </symbol>
      <symbol id="sm-957">
         <name>TimerValueGet</name>
         <value>0x4bd3</value>
         <object_component_ref idref="oc-156"/>
      </symbol>
      <symbol id="sm-958">
         <name>TimerControlTrigger</name>
         <value>0x46ad</value>
         <object_component_ref idref="oc-156"/>
      </symbol>
      <symbol id="sm-959">
         <name>TimerPrescaleSet</name>
         <value>0x4959</value>
         <object_component_ref idref="oc-156"/>
      </symbol>
      <symbol id="sm-95a">
         <name>TimerControlStall</name>
         <value>0x47af</value>
         <object_component_ref idref="oc-156"/>
      </symbol>
      <symbol id="sm-95b">
         <name>TimerMatchGet64</name>
         <value>0x4d1f</value>
         <object_component_ref idref="oc-156"/>
      </symbol>
      <symbol id="sm-95c">
         <name>TimerRTCEnable</name>
         <value>0x48a9</value>
         <object_component_ref idref="oc-156"/>
      </symbol>
      <symbol id="sm-95d">
         <name>TimerLoadGet</name>
         <value>0x4b1f</value>
         <object_component_ref idref="oc-156"/>
      </symbol>
      <symbol id="sm-95e">
         <name>TimerIntEnable</name>
         <value>0x4e25</value>
         <object_component_ref idref="oc-156"/>
      </symbol>
      <symbol id="sm-95f">
         <name>TimerClockSourceSet</name>
         <value>0x48f1</value>
         <object_component_ref idref="oc-156"/>
      </symbol>
      <symbol id="sm-960">
         <name>TimerLoadSet64</name>
         <value>0x4b61</value>
         <object_component_ref idref="oc-156"/>
      </symbol>
      <symbol id="sm-961">
         <name>TimerDMAEventGet</name>
         <value>0x4f39</value>
         <object_component_ref idref="oc-156"/>
      </symbol>
      <symbol id="sm-962">
         <name>TimerRTCDisable</name>
         <value>0x48cd</value>
         <object_component_ref idref="oc-156"/>
      </symbol>
      <symbol id="sm-963">
         <name>TimerADCEventGet</name>
         <value>0x4efd</value>
         <object_component_ref idref="oc-156"/>
      </symbol>
      <symbol id="sm-964">
         <name>TimerPrescaleMatchSet</name>
         <value>0x4a0f</value>
         <object_component_ref idref="oc-156"/>
      </symbol>
      <symbol id="sm-965">
         <name>TimerControlWaitOnTrigger</name>
         <value>0x4819</value>
         <object_component_ref idref="oc-156"/>
      </symbol>
      <symbol id="sm-966">
         <name>TimerConfigure</name>
         <value>0x4459</value>
         <object_component_ref idref="oc-156"/>
      </symbol>
      <symbol id="sm-967">
         <name>TimerControlEvent</name>
         <value>0x4751</value>
         <object_component_ref idref="oc-156"/>
      </symbol>
      <symbol id="sm-968">
         <name>TimerIntClear</name>
         <value>0x4e9d</value>
         <object_component_ref idref="oc-156"/>
      </symbol>
      <symbol id="sm-969">
         <name>TimerSynchronize</name>
         <value>0x4ebd</value>
         <object_component_ref idref="oc-156"/>
      </symbol>
      <symbol id="sm-9ab">
         <name>LEDWrite</name>
         <value>0x6bd1</value>
         <object_component_ref idref="oc-15c"/>
      </symbol>
      <symbol id="sm-9ac">
         <name>LEDRead</name>
         <value>0x6c91</value>
         <object_component_ref idref="oc-15c"/>
      </symbol>
      <symbol id="sm-9ad">
         <name>PinoutSet</name>
         <value>0x69d9</value>
         <object_component_ref idref="oc-15c"/>
      </symbol>
      <symbol id="sm-a28">
         <name>UARTgetc</name>
         <value>0x61bb</value>
         <object_component_ref idref="oc-13d"/>
      </symbol>
      <symbol id="sm-a29">
         <name>UARTgets</name>
         <value>0x60c9</value>
         <object_component_ref idref="oc-13d"/>
      </symbol>
      <symbol id="sm-a2a">
         <name>UARTStdioConfig</name>
         <value>0x5fd5</value>
         <object_component_ref idref="oc-13d"/>
      </symbol>
      <symbol id="sm-a2b">
         <name>UARTwrite</name>
         <value>0x604f</value>
         <object_component_ref idref="oc-13d"/>
      </symbol>
      <symbol id="sm-a2c">
         <name>UARTprintf</name>
         <value>0x6513</value>
         <object_component_ref idref="oc-13d"/>
      </symbol>
      <symbol id="sm-a2d">
         <name>UARTvprintf</name>
         <value>0x61f1</value>
         <object_component_ref idref="oc-13d"/>
      </symbol>
      <symbol id="sm-a48">
         <name>memcpy</name>
         <value>0x7307</value>
         <object_component_ref idref="oc-46"/>
      </symbol>
      <symbol id="sm-a49">
         <name>__aeabi_memcpy</name>
         <value>0x7307</value>
         <object_component_ref idref="oc-46"/>
      </symbol>
      <symbol id="sm-a4a">
         <name>__aeabi_memcpy8</name>
         <value>0x7307</value>
         <object_component_ref idref="oc-46"/>
      </symbol>
      <symbol id="sm-a4b">
         <name>__aeabi_memcpy4</name>
         <value>0x7307</value>
         <object_component_ref idref="oc-46"/>
      </symbol>
      <symbol id="sm-a5a">
         <name>__aeabi_memset</name>
         <value>0x73a5</value>
         <object_component_ref idref="oc-b6"/>
      </symbol>
      <symbol id="sm-a5b">
         <name>memset</name>
         <value>0x73ab</value>
         <object_component_ref idref="oc-b6"/>
      </symbol>
      <symbol id="sm-a5c">
         <name>__aeabi_memset8</name>
         <value>0x73a5</value>
         <object_component_ref idref="oc-b6"/>
      </symbol>
      <symbol id="sm-a5d">
         <name>__aeabi_memset4</name>
         <value>0x73a5</value>
         <object_component_ref idref="oc-b6"/>
      </symbol>
      <symbol id="sm-a5e">
         <name>__aeabi_memclr8</name>
         <value>0x73a3</value>
         <object_component_ref idref="oc-b6"/>
      </symbol>
      <symbol id="sm-a5f">
         <name>__aeabi_memclr4</name>
         <value>0x73a3</value>
         <object_component_ref idref="oc-b6"/>
      </symbol>
      <symbol id="sm-a60">
         <name>__aeabi_memclr</name>
         <value>0x73a3</value>
         <object_component_ref idref="oc-b6"/>
      </symbol>
      <symbol id="sm-a6f">
         <name>__aeabi_uidivmod</name>
         <value>0x74c9</value>
         <object_component_ref idref="oc-212"/>
      </symbol>
      <symbol id="sm-a70">
         <name>__aeabi_uidiv</name>
         <value>0x74c9</value>
         <object_component_ref idref="oc-212"/>
      </symbol>
      <symbol id="sm-a82">
         <name>__TI_zero_init</name>
         <value>0x758b</value>
         <object_component_ref idref="oc-58"/>
      </symbol>
      <symbol id="sm-a99">
         <name>__TI_decompress_none</name>
         <value>0x757d</value>
         <object_component_ref idref="oc-1b"/>
      </symbol>
      <symbol id="sm-abc">
         <name>__TI_decompress_lzss</name>
         <value>0x741d</value>
         <object_component_ref idref="oc-15"/>
      </symbol>
      <symbol id="sm-acf">
         <name>__stack</name>
         <value>0x2000c7a0</value>
         <object_component_ref idref="oc-24"/>
      </symbol>
      <symbol id="sm-ad0">
         <name>_c_int00_noargs</name>
         <value>0x7549</value>
         <object_component_ref idref="oc-64"/>
      </symbol>
      <symbol id="sm-ada">
         <name>__aeabi_idiv0</name>
         <value>0x722b</value>
         <object_component_ref idref="oc-289"/>
      </symbol>
      <symbol id="sm-adb">
         <name>__aeabi_ldiv0</name>
         <value>0x722b</value>
         <object_component_ref idref="oc-289"/>
      </symbol>
      <symbol id="sm-b03">
         <name>__TI_auto_init_nobinit_nopinit</name>
         <value>0x7485</value>
         <object_component_ref idref="oc-178"/>
      </symbol>
      <symbol id="sm-b0d">
         <name>_system_pre_init</name>
         <value>0x75a3</value>
         <object_component_ref idref="oc-bc"/>
      </symbol>
      <symbol id="sm-b19">
         <name>C$$EXIT</name>
         <value>0x75a7</value>
         <object_component_ref idref="oc-16c"/>
      </symbol>
      <symbol id="sm-b1a">
         <name>abort</name>
         <value>0x75a7</value>
         <object_component_ref idref="oc-16c"/>
      </symbol>
      <symbol id="sm-b1d">
         <name>__TI_static_base__</name>
         <value>0x0</value>
      </symbol>
      <symbol id="sm-b20">
         <name>__mpu_init</name>
         <value>0x0</value>
      </symbol>
      <symbol id="sm-b21">
         <name>_system_post_cinit</name>
         <value>0x0</value>
      </symbol>
   </symbol_table>
   <title>Link successful</title>
</link_info>
