******************************************************************************
                  TI ARM Linker Unix v20.2.7                   
******************************************************************************
>> Linked Sun Apr  7 00:13:44 2024

OUTPUT FILE NAME:   <sequencer.out>
ENTRY POINT SYMBOL: "_c_int00_noargs"  address: 00007705


MEMORY CONFIGURATION

         name            origin    length      used     unused   attr    fill
----------------------  --------  ---------  --------  --------  ----  --------
  FLASH                 00000000   00100000  00007bba  000f8446  R  X
  SRAM                  20000000   00040000  0000c9a8  00033658  RW X


SEGMENT ALLOCATION MAP

run origin  load origin   length   init length attrs members
----------  ----------- ---------- ----------- ----- -------
00000000    00000000    00007bc0   00007bc0    r-x
  00000000    00000000    00000208   00000208    r-- .intvecs
  00000208    00000208    0000755e   0000755e    r-x .text
  00007768    00007768    0000040c   0000040c    r-- .const
  00007b78    00007b78    00000048   00000048    r-- .cinit
20000000    20000000    0000c9ac   00000000    rw-
  20000000    20000000    0000026c   00000000    rw- .vtable
  2000026c    2000026c    0000c4e0   00000000    rw- .bss
  2000c750    2000c750    00000200   00000000    rw- .stack
  2000c950    2000c950    0000005c   00000000    rw- .data


SECTION ALLOCATION MAP

 output                                  attributes/
section   page    origin      length       input sections
--------  ----  ----------  ----------   ----------------
.intvecs   0    00000000    00000208     
                  00000000    00000208     tm4c1294ncpdt_startup_ccs.obj (.intvecs)

.text      0    00000208    0000755e     
                  00000208    00002090     tasks.obj (.text)
                  00002298    00001288     gpio.obj (.text)
                  00003520    00000d70     queue.obj (.text)
                  00004290    00000d20     timer.obj (.text)
                  00004fb0    00000bac     main.obj (.text)
                  00005b5c    00000634     timers.obj (.text)
                  00006190    00000574     uartstdio.obj (.text)
                  00006704    00000490     interrupt.obj (.text)
                  00006b94    000003a0     pinout.obj (.text)
                  00006f34    0000024c     heap_2.obj (.text)
                  00007180    0000013c     port.obj (.text)
                  000072bc    0000012a     list.obj (.text)
                  000073e6    00000002     rtsv7M4_T_le_v4SPD16_eabi.lib : div0.asm.obj (.text)
                  000073e8    000000da     portasm.obj (.text)
                  000074c2    0000009c     rtsv7M4_T_le_v4SPD16_eabi.lib : memcpy_t2.asm.obj (.text)
                  0000755e    0000007a                                   : memset_t2.asm.obj (.text)
                  000075d8    00000068                                   : copy_decompress_lzss.c.obj (.text:decompress:lzss:__TI_decompress_lzss)
                  00007640    00000044                                   : autoinit.c.obj (.text:__TI_auto_init_nobinit_nopinit:__TI_auto_init_nobinit_nopinit)
                  00007684    00000040                                   : u_divt2.asm.obj (.text)
                  000076c4    0000003e     cpu.obj (.text)
                  00007702    00000002     --HOLE-- [fill = 0]
                  00007704    00000034     rtsv7M4_T_le_v4SPD16_eabi.lib : boot_cortex_m.c.obj (.text:_c_int00_noargs:_c_int00_noargs)
                  00007738    0000000e                                   : copy_decompress_none.c.obj (.text:decompress:none:__TI_decompress_none)
                  00007746    0000000c                                   : copy_zero_init.c.obj (.text:decompress:ZI:__TI_zero_init)
                  00007752    0000000c     tm4c1294ncpdt_startup_ccs.obj (.text)
                  0000775e    00000004     rtsv7M4_T_le_v4SPD16_eabi.lib : pre_init.c.obj (.text:_system_pre_init)
                  00007762    00000004                                   : exit.c.obj (.text:abort:abort)

.const     0    00007768    0000040c     
                  00007768    000000d8     gpio.obj (.const:g_ppui32GPIOIntMapSnowflake)
                  00007840    000000c0     gpio.obj (.const:g_ppui32GPIOIntMapBlizzard)
                  00007900    0000009c     interrupt.obj (.const:g_pui32Regs)
                  0000799c    00000090     gpio.obj (.const:g_pui32GPIOBaseAddrs)
                  00007a2c    00000060     timer.obj (.const:g_ppui32TimerIntMap)
                  00007a8c    00000040     timer.obj (.const:g_ppui32TimerIntMapSnowflake)
                  00007acc    00000020     interrupt.obj (.const:g_pui32Priority)
                  00007aec    00000014     interrupt.obj (.const:g_pui32Dii16Regs)
                  00007b00    00000014     interrupt.obj (.const:g_pui32EnRegs)
                  00007b14    00000014     interrupt.obj (.const:g_pui32PendRegs)
                  00007b28    00000014     interrupt.obj (.const:g_pui32UnpendRegs)
                  00007b3c    00000012     uartstdio.obj (.const:.string)
                  00007b4e    00000002     --HOLE-- [fill = 0]
                  00007b50    0000000c     uartstdio.obj (.const:g_ui32UARTBase)
                  00007b5c    0000000c     uartstdio.obj (.const:g_ui32UARTPeriph)
                  00007b68    00000004     port.obj (.const)
                  00007b6c    00000004     tasks.obj (.const)
                  00007b70    00000004     uartstdio.obj (.const)

.cinit     0    00007b78    00000048     
                  00007b78    00000010     (.cinit..data.load) [load image, compression = lzss]
                  00007b88    0000000c     (__TI_handler_table)
                  00007b94    00000004     --HOLE-- [fill = 0]
                  00007b98    00000008     (.cinit..bss.load) [load image, compression = zero_init]
                  00007ba0    00000008     (.cinit..vtable.load) [load image, compression = zero_init]
                  00007ba8    00000018     (__TI_cinit_table)

.init_array 
*          0    00000000    00000000     UNINITIALIZED

.vtable    0    20000000    0000026c     UNINITIALIZED
                  20000000    0000026c     interrupt.obj (.vtable)

.bss       0    2000026c    0000c4e0     UNINITIALIZED
                  2000026c    0000c350     heap_2.obj (.bss:ucHeap)
                  2000c5bc    00000064     tasks.obj (.bss:pxReadyTasksLists)
                  2000c620    00000040     (.common:xQueueRegistry)
                  2000c660    00000014     timers.obj (.bss:xActiveTimerList1)
                  2000c674    00000014     timers.obj (.bss:xActiveTimerList2)
                  2000c688    00000014     tasks.obj (.bss:xDelayedTaskList1)
                  2000c69c    00000014     tasks.obj (.bss:xDelayedTaskList2)
                  2000c6b0    00000014     tasks.obj (.bss:xPendingReadyList)
                  2000c6c4    00000014     tasks.obj (.bss:xSuspendedTaskList)
                  2000c6d8    00000014     tasks.obj (.bss:xTasksWaitingTermination)
                  2000c6ec    00000008     tasks.obj (.bss)
                  2000c6f4    00000008     timers.obj (.bss)
                  2000c6fc    00000008     heap_2.obj (.bss:xEnd)
                  2000c704    00000008     heap_2.obj (.bss:xStart)
                  2000c70c    00000004     (.common:Task1_handle)
                  2000c710    00000004     (.common:Task2_handle)
                  2000c714    00000004     (.common:Task3_handle)
                  2000c718    00000004     (.common:Task4_handle)
                  2000c71c    00000004     (.common:Task5_handle)
                  2000c720    00000004     (.common:Task6_handle)
                  2000c724    00000004     (.common:Task7_handle)
                  2000c728    00000004     (.common:startTimeTick)
                  2000c72c    00000004     (.common:task_1_SyncSemaphore)
                  2000c730    00000004     (.common:task_2_SyncSemaphore)
                  2000c734    00000004     (.common:task_3_SyncSemaphore)
                  2000c738    00000004     (.common:task_4_SyncSemaphore)
                  2000c73c    00000004     (.common:task_5_SyncSemaphore)
                  2000c740    00000004     (.common:task_6_SyncSemaphore)
                  2000c744    00000004     (.common:task_7_SyncSemaphore)
                  2000c748    00000004     (.common:ulPeriod)

.data      0    2000c950    0000005c     UNINITIALIZED
                  2000c950    00000034     tasks.obj (.data)
                  2000c984    0000000c     timers.obj (.data)
                  2000c990    00000008     heap_2.obj (.data)
                  2000c998    00000005     main.obj (.data)
                  2000c99d    00000003     --HOLE--
                  2000c9a0    00000005     uartstdio.obj (.data)
                  2000c9a5    00000003     --HOLE--
                  2000c9a8    00000004     port.obj (.data)

.stack     0    2000c750    00000200     UNINITIALIZED
                  2000c750    00000004     rtsv7M4_T_le_v4SPD16_eabi.lib : boot_cortex_m.c.obj (.stack)
                  2000c754    000001fc     --HOLE--

__llvm_prf_cnts 
*          0    20000000    00000000     UNINITIALIZED

MODULE SUMMARY

       Module                          code    ro data   rw data
       ------                          ----    -------   -------
    ./
       main.obj                        2988    0         69     
       tm4c1294ncpdt_startup_ccs.obj   12      520       0      
    +--+-------------------------------+-------+---------+---------+
       Total:                          3000    520       69     
                                                                
    ./FreeRTOS/
       tasks.obj                       8336    4         260    
       queue.obj                       3440    0         64     
       timers.obj                      1588    0         60     
       list.obj                        298     0         0      
    +--+-------------------------------+-------+---------+---------+
       Total:                          13662   4         384    
                                                                
    ./FreeRTOS/portable/GCC/ARM_CM4F/
       port.obj                        316     4         4      
       portasm.obj                     218     0         0      
    +--+-------------------------------+-------+---------+---------+
       Total:                          534     4         4      
                                                                
    ./FreeRTOS/portable/MemMang/
       heap_2.obj                      588     0         50024  
    +--+-------------------------------+-------+---------+---------+
       Total:                          588     0         50024  
                                                                
    ./driverlib/
       gpio.obj                        4744    552       0      
       timer.obj                       3360    160       0      
       interrupt.obj                   1168    268       620    
       cpu.obj                         62      0         0      
    +--+-------------------------------+-------+---------+---------+
       Total:                          9334    980       620    
                                                                
    ./drivers/
       pinout.obj                      928     0         0      
    +--+-------------------------------+-------+---------+---------+
       Total:                          928     0         0      
                                                                
    ./utils/
       uartstdio.obj                   1396    46        5      
    +--+-------------------------------+-------+---------+---------+
       Total:                          1396    46        5      
                                                                
    /home/parth/ti/ccs1260/ccs/tools/compiler/ti-cgt-arm_20.2.7.LTS/lib/rtsv7M4_T_le_v4SPD16_eabi.lib
       memcpy_t2.asm.obj               156     0         0      
       memset_t2.asm.obj               122     0         0      
       copy_decompress_lzss.c.obj      104     0         0      
       autoinit.c.obj                  68      0         0      
       u_divt2.asm.obj                 64      0         0      
       boot_cortex_m.c.obj             52      0         0      
       copy_decompress_none.c.obj      14      0         0      
       copy_zero_init.c.obj            12      0         0      
       exit.c.obj                      4       0         0      
       pre_init.c.obj                  4       0         0      
       div0.asm.obj                    2       0         0      
    +--+-------------------------------+-------+---------+---------+
       Total:                          602     0         0      
                                                                
       Stack:                          0       0         512    
       Linker Generated:               0       68        0      
    +--+-------------------------------+-------+---------+---------+
       Grand Total:                    30044   1622      51618  


LINKER GENERATED COPY TABLES

__TI_cinit_table @ 00007ba8 records: 3, size/record: 8, table size: 24
	.data: load addr=00007b78, load size=00000010 bytes, run addr=2000c950, run size=0000005c bytes, compression=lzss
	.bss: load addr=00007b98, load size=00000008 bytes, run addr=2000026c, run size=0000c4e0 bytes, compression=zero_init
	.vtable: load addr=00007ba0, load size=00000008 bytes, run addr=20000000, run size=0000026c bytes, compression=zero_init


LINKER GENERATED HANDLER TABLE

__TI_handler_table @ 00007b88 records: 3, size/record: 4, table size: 12
	index: 0, handler: __TI_zero_init
	index: 1, handler: __TI_decompress_lzss
	index: 2, handler: __TI_decompress_none


GLOBAL SYMBOLS: SORTED ALPHABETICALLY BY Name 

address   name                               
-------   ----                               
00007763  C$$EXIT                            
000076f9  CPUbasepriGet                      
000076eb  CPUbasepriSet                      
000076c5  CPUcpsid                           
000076db  CPUcpsie                           
000076d1  CPUprimask                         
000076e7  CPUwfi                             
000034af  GPIOADCTriggerDisable              
00003483  GPIOADCTriggerEnable               
00003457  GPIODMATriggerDisable              
0000342b  GPIODMATriggerEnable               
00002475  GPIODirModeGet                     
000023f1  GPIODirModeSet                     
00002c45  GPIOIntClear                       
00002bed  GPIOIntDisable                     
00002bc5  GPIOIntEnable                      
00002c67  GPIOIntRegister                    
00002ce5  GPIOIntRegisterPin                 
00002c15  GPIOIntStatus                      
00002699  GPIOIntTypeGet                     
00002549  GPIOIntTypeSet                     
00002ca5  GPIOIntUnregister                  
00002d5d  GPIOIntUnregisterPin               
00002a31  GPIOPadConfigGet                   
0000273d  GPIOPadConfigSet                   
000033a5  GPIOPinConfigure                   
00002daf  GPIOPinRead                        
00002e03  GPIOPinTypeADC                     
00002e39  GPIOPinTypeCAN                     
00002e6f  GPIOPinTypeComparator              
00002ea5  GPIOPinTypeComparatorOutput        
00002edb  GPIOPinTypeDIVSCLK                 
00002f11  GPIOPinTypeEPI                     
00002f47  GPIOPinTypeEthernetLED             
00002f7d  GPIOPinTypeEthernetMII             
00002fc1  GPIOPinTypeGPIOInput               
00002ff7  GPIOPinTypeGPIOOutput              
0000302d  GPIOPinTypeGPIOOutputOD            
00003063  GPIOPinTypeHibernateRTCCLK         
00003099  GPIOPinTypeI2C                     
000030cf  GPIOPinTypeI2CSCL                  
00003105  GPIOPinTypeLCD                     
0000313b  GPIOPinTypeOneWire                 
00003171  GPIOPinTypePWM                     
000031a7  GPIOPinTypeQEI                     
000031dd  GPIOPinTypeSSI                     
00003213  GPIOPinTypeTimer                   
00003249  GPIOPinTypeTrace                   
0000327f  GPIOPinTypeUART                    
000032b9  GPIOPinTypeUSBAnalog               
000032ef  GPIOPinTypeUSBDigital              
00003325  GPIOPinTypeWakeHigh                
0000335d  GPIOPinTypeWakeLow                 
00003395  GPIOPinWakeStatus                  
00002dd5  GPIOPinWrite                       
000034db  GPIOUnlockPin                      
00006931  IntDisable                         
000068b3  IntEnable                          
000069b9  IntIsEnabled                       
00006717  IntMasterDisable                   
00006707  IntMasterEnable                    
00006add  IntPendClear                       
00006a6d  IntPendSet                         
0000687d  IntPriorityGet                     
000067e3  IntPriorityGroupingGet             
000067bd  IntPriorityGroupingSet             
00006b43  IntPriorityMaskGet                 
00006b37  IntPriorityMaskSet                 
0000681b  IntPrioritySet                     
00006727  IntRegister                        
00006b4b  IntTrigger                         
0000679d  IntUnregister                      
00006e4d  LEDRead                            
00006d8d  LEDWrite                           
00006b95  PinoutSet                          
00007753  ResetISR                           
2000c70c  Task1_handle                       
2000c710  Task2_handle                       
2000c714  Task3_handle                       
2000c718  Task4_handle                       
2000c71c  Task5_handle                       
2000c720  Task6_handle                       
2000c724  Task7_handle                       
00005009  Timer0Isr_Sequencer                
00004efd  TimerADCEventGet                   
00004edd  TimerADCEventSet                   
0000492d  TimerClockSourceGet                
000048f1  TimerClockSourceSet                
00004459  TimerConfigure                     
00004751  TimerControlEvent                  
0000462d  TimerControlLevel                  
000047af  TimerControlStall                  
000046ad  TimerControlTrigger                
00004819  TimerControlWaitOnTrigger          
00004f39  TimerDMAEventGet                   
00004f19  TimerDMAEventSet                   
000043cd  TimerDisable                       
00004383  TimerEnable                        
00004e9d  TimerIntClear                      
00004e4b  TimerIntDisable                    
00004e25  TimerIntEnable                     
00004d65  TimerIntRegister                   
00004e71  TimerIntStatus                     
00004dcf  TimerIntUnregister                 
00004b1f  TimerLoadGet                       
00004b8d  TimerLoadGet64                     
00004ac5  TimerLoadSet                       
00004b61  TimerLoadSet64                     
00004cb5  TimerMatchGet                      
00004d1f  TimerMatchGet64                    
00004c5b  TimerMatchSet                      
00004cf7  TimerMatchSet64                    
000049c3  TimerPrescaleGet                   
00004a79  TimerPrescaleMatchGet              
00004a0f  TimerPrescaleMatchSet              
00004959  TimerPrescaleSet                   
000048cd  TimerRTCDisable                    
000048a9  TimerRTCEnable                     
00004ebd  TimerSynchronize                   
00004f55  TimerUpdateMode                    
00004bd3  TimerValueGet                      
00004c15  TimerValueGet64                    
00006191  UARTStdioConfig                    
00006377  UARTgetc                           
00006285  UARTgets                           
000066cf  UARTprintf                         
000063ad  UARTvprintf                        
0000620b  UARTwrite                          
2000c950  __STACK_END                        
00000200  __STACK_SIZE                       
2000c950  __STACK_TOP                        
00007ba8  __TI_CINIT_Base                    
00007bc0  __TI_CINIT_Limit                   
00007b88  __TI_Handler_Table_Base            
00007b94  __TI_Handler_Table_Limit           
00007641  __TI_auto_init_nobinit_nopinit     
000075d9  __TI_decompress_lzss               
00007739  __TI_decompress_none               
ffffffff  __TI_pprof_out_hndl                
ffffffff  __TI_prof_data_size                
ffffffff  __TI_prof_data_start               
00000000  __TI_static_base__                 
00007747  __TI_zero_init                     
000073e7  __aeabi_idiv0                      
000073e7  __aeabi_ldiv0                      
0000755f  __aeabi_memclr                     
0000755f  __aeabi_memclr4                    
0000755f  __aeabi_memclr8                    
000074c3  __aeabi_memcpy                     
000074c3  __aeabi_memcpy4                    
000074c3  __aeabi_memcpy8                    
00007561  __aeabi_memset                     
00007561  __aeabi_memset4                    
00007561  __aeabi_memset8                    
00007685  __aeabi_uidiv                      
00007685  __aeabi_uidivmod                   
ffffffff  __binit__                          
ffffffff  __c_args__                         
000059f9  __error__                          
UNDEFED   __mpu_init                         
2000c750  __stack                            
20000000  __start___llvm_prf_cnts            
20000000  __stop___llvm_prf_cnts             
00007705  _c_int00_noargs                    
UNDEFED   _system_post_cinit                 
0000775f  _system_pre_init                   
00007763  abort                              
2000c99c  abort_test                         
ffffffff  binit                              
2000c998  counter_isr                        
000005bd  eTaskGetState                      
00004fb1  fibonacci                          
20000000  g_pfnRAMVectors                    
00000000  g_pfnVectors                       
000059bb  init_Clock                         
00005951  init_Timer                         
000059e1  init_Uart                          
00005835  main                               
000074c3  memcpy                             
00007567  memset                             
000041a9  pcQueueGetName                     
00000d31  pcTaskGetName                      
00005d11  pcTimerGetName                     
000070e1  pvPortCalloc                       
00006f35  pvPortMalloc                       
00001adf  pvTaskIncrementMutexHeldCount      
00006119  pvTimerGetTimerID                  
2000c950  pxCurrentTCB                       
00007181  pxPortInitialiseStack              
2000c728  startTimeTick                      
2000c72c  task_1_SyncSemaphore               
2000c730  task_2_SyncSemaphore               
2000c734  task_3_SyncSemaphore               
2000c738  task_4_SyncSemaphore               
2000c73c  task_5_SyncSemaphore               
2000c740  task_6_SyncSemaphore               
2000c744  task_7_SyncSemaphore               
00003ed5  ucQueueGetQueueType                
00007b68  ulMaxSyscallInterruptPriority      
2000c748  ulPeriod                           
000073f9  ulPortGetIPSR                      
00001b01  ulTaskGenericNotifyTake            
00002159  ulTaskGenericNotifyValueClear      
0000739f  uxListRemove                       
00003eb5  uxQueueGetQueueNumber              
00003e4f  uxQueueMessagesWaiting             
00003e89  uxQueueMessagesWaitingFromISR      
00003e65  uxQueueSpacesAvailable             
00000d1d  uxTaskGetNumberOfTasks             
00000d6d  uxTaskGetSystemState               
00001491  uxTaskGetTaskNumber                
0000067f  uxTaskPriorityGet                  
000006a3  uxTaskPriorityGetFromISR           
00001abd  uxTaskResetEventItemValue          
00005cef  uxTimerGetReloadMode               
00006153  uxTimerGetTimerNumber              
00007b6c  uxTopUsedPriority                  
000072bd  vListInitialise                    
000072ed  vListInitialiseItem                
00007339  vListInsert                        
000072fd  vListInsertEnd                     
000074b5  vPortEnableVFP                     
00007221  vPortEndScheduler                  
00007223  vPortEnterCritical                 
00007243  vPortExitCritical                  
0000705b  vPortFree                          
000070df  vPortInitialiseBlocks              
00007471  vPortSVCHandler                    
0000727f  vPortSetupTimerInterrupt           
00007491  vPortStartFirstTask                
0000413b  vQueueAddToRegistry                
00003e9f  vQueueDelete                       
00003ec3  vQueueSetQueueNumber               
000041e9  vQueueUnregisterQueue              
0000422d  vQueueWaitForMessageRestricted     
0000056d  vTaskDelay                         
00000425  vTaskDelete                        
00000b41  vTaskEndScheduler                  
00001fb1  vTaskGenericNotifyGiveFromISR      
00001591  vTaskGetInfo                       
000013e5  vTaskInternalSetTimeOutState       
00001489  vTaskMissedYield                   
0000105d  vTaskPlaceOnEventList              
000010f5  vTaskPlaceOnEventListRestricted    
00001089  vTaskPlaceOnUnorderedEventList     
000019b9  vTaskPriorityDisinheritAfterTimeout
000006ed  vTaskPrioritySet                   
000012bd  vTaskRemoveFromUnorderedEventList  
00000963  vTaskResume                        
000014b1  vTaskSetTaskNumber                 
000013c7  vTaskSetTimeOutState               
00000aeb  vTaskStartScheduler                
00000831  vTaskSuspend                       
00000b5d  vTaskSuspendAll                    
00000ff7  vTaskSwitchContext                 
00005c91  vTimerSetReloadMode                
00006139  vTimerSetTimerID                   
00006161  vTimerSetTimerNumber               
000070d9  xPortGetFreeHeapSize               
00007411  xPortPendSVHandler                 
000071eb  xPortStartScheduler                
00007259  xPortSysTickHandler                
00003769  xQueueCreateCountingSemaphore      
000036bd  xQueueCreateMutex                  
000035e3  xQueueGenericCreate                
00003521  xQueueGenericReset                 
00003799  xQueueGenericSend                  
0000389f  xQueueGenericSendFromISR           
00003951  xQueueGiveFromISR                  
000036e9  xQueueGiveMutexRecursive           
000040cf  xQueueIsQueueEmptyFromISR          
00004115  xQueueIsQueueFullFromISR           
00003c49  xQueuePeek                         
00003dfd  xQueuePeekFromISR                  
000039f5  xQueueReceive                      
00003d53  xQueueReceiveFromISR               
2000c620  xQueueRegistry                     
00003b01  xQueueSemaphoreTake                
00003725  xQueueTakeMutexRecursive           
00005189  xTask1                             
000051ed  xTask2                             
0000525d  xTask3                             
000052c5  xTask4                             
0000536d  xTask5                             
000053d5  xTask6                             
00005697  xTask7                             
00000e3f  xTaskCatchUpTicks                  
00001405  xTaskCheckForTimeOut               
00000209  xTaskCreate                        
000004dd  xTaskDelayUntil                    
00001c65  xTaskGenericNotify                 
00001dd5  xTaskGenericNotifyFromISR          
00002109  xTaskGenericNotifyStateClear       
00001b9f  xTaskGenericNotifyWait             
00001761  xTaskGetCurrentTaskHandle          
00001775  xTaskGetSchedulerState             
00000cf3  xTaskGetTickCount                  
00000d09  xTaskGetTickCountFromISR           
00000e79  xTaskIncrementTick                 
000018d7  xTaskPriorityDisinherit            
000017c9  xTaskPriorityInherit               
0000115d  xTaskRemoveFromEventList           
00000b7d  xTaskResumeAll                     
00000a19  xTaskResumeFromISR                 
00005b89  xTimerCreate                       
00005b5d  xTimerCreateTimerTask              
00005c0d  xTimerGenericCommand               
00005cfb  xTimerGetExpiryTime                
00005c7f  xTimerGetPeriod                    
00005cc7  xTimerGetReloadMode                
00005c79  xTimerGetTimerDaemonTaskHandle     
000060f1  xTimerIsTimerActive                


GLOBAL SYMBOLS: SORTED BY Symbol Address 

address   name                               
-------   ----                               
00000000  __TI_static_base__                 
00000000  g_pfnVectors                       
00000200  __STACK_SIZE                       
00000209  xTaskCreate                        
00000425  vTaskDelete                        
000004dd  xTaskDelayUntil                    
0000056d  vTaskDelay                         
000005bd  eTaskGetState                      
0000067f  uxTaskPriorityGet                  
000006a3  uxTaskPriorityGetFromISR           
000006ed  vTaskPrioritySet                   
00000831  vTaskSuspend                       
00000963  vTaskResume                        
00000a19  xTaskResumeFromISR                 
00000aeb  vTaskStartScheduler                
00000b41  vTaskEndScheduler                  
00000b5d  vTaskSuspendAll                    
00000b7d  xTaskResumeAll                     
00000cf3  xTaskGetTickCount                  
00000d09  xTaskGetTickCountFromISR           
00000d1d  uxTaskGetNumberOfTasks             
00000d31  pcTaskGetName                      
00000d6d  uxTaskGetSystemState               
00000e3f  xTaskCatchUpTicks                  
00000e79  xTaskIncrementTick                 
00000ff7  vTaskSwitchContext                 
0000105d  vTaskPlaceOnEventList              
00001089  vTaskPlaceOnUnorderedEventList     
000010f5  vTaskPlaceOnEventListRestricted    
0000115d  xTaskRemoveFromEventList           
000012bd  vTaskRemoveFromUnorderedEventList  
000013c7  vTaskSetTimeOutState               
000013e5  vTaskInternalSetTimeOutState       
00001405  xTaskCheckForTimeOut               
00001489  vTaskMissedYield                   
00001491  uxTaskGetTaskNumber                
000014b1  vTaskSetTaskNumber                 
00001591  vTaskGetInfo                       
00001761  xTaskGetCurrentTaskHandle          
00001775  xTaskGetSchedulerState             
000017c9  xTaskPriorityInherit               
000018d7  xTaskPriorityDisinherit            
000019b9  vTaskPriorityDisinheritAfterTimeout
00001abd  uxTaskResetEventItemValue          
00001adf  pvTaskIncrementMutexHeldCount      
00001b01  ulTaskGenericNotifyTake            
00001b9f  xTaskGenericNotifyWait             
00001c65  xTaskGenericNotify                 
00001dd5  xTaskGenericNotifyFromISR          
00001fb1  vTaskGenericNotifyGiveFromISR      
00002109  xTaskGenericNotifyStateClear       
00002159  ulTaskGenericNotifyValueClear      
000023f1  GPIODirModeSet                     
00002475  GPIODirModeGet                     
00002549  GPIOIntTypeSet                     
00002699  GPIOIntTypeGet                     
0000273d  GPIOPadConfigSet                   
00002a31  GPIOPadConfigGet                   
00002bc5  GPIOIntEnable                      
00002bed  GPIOIntDisable                     
00002c15  GPIOIntStatus                      
00002c45  GPIOIntClear                       
00002c67  GPIOIntRegister                    
00002ca5  GPIOIntUnregister                  
00002ce5  GPIOIntRegisterPin                 
00002d5d  GPIOIntUnregisterPin               
00002daf  GPIOPinRead                        
00002dd5  GPIOPinWrite                       
00002e03  GPIOPinTypeADC                     
00002e39  GPIOPinTypeCAN                     
00002e6f  GPIOPinTypeComparator              
00002ea5  GPIOPinTypeComparatorOutput        
00002edb  GPIOPinTypeDIVSCLK                 
00002f11  GPIOPinTypeEPI                     
00002f47  GPIOPinTypeEthernetLED             
00002f7d  GPIOPinTypeEthernetMII             
00002fc1  GPIOPinTypeGPIOInput               
00002ff7  GPIOPinTypeGPIOOutput              
0000302d  GPIOPinTypeGPIOOutputOD            
00003063  GPIOPinTypeHibernateRTCCLK         
00003099  GPIOPinTypeI2C                     
000030cf  GPIOPinTypeI2CSCL                  
00003105  GPIOPinTypeLCD                     
0000313b  GPIOPinTypeOneWire                 
00003171  GPIOPinTypePWM                     
000031a7  GPIOPinTypeQEI                     
000031dd  GPIOPinTypeSSI                     
00003213  GPIOPinTypeTimer                   
00003249  GPIOPinTypeTrace                   
0000327f  GPIOPinTypeUART                    
000032b9  GPIOPinTypeUSBAnalog               
000032ef  GPIOPinTypeUSBDigital              
00003325  GPIOPinTypeWakeHigh                
0000335d  GPIOPinTypeWakeLow                 
00003395  GPIOPinWakeStatus                  
000033a5  GPIOPinConfigure                   
0000342b  GPIODMATriggerEnable               
00003457  GPIODMATriggerDisable              
00003483  GPIOADCTriggerEnable               
000034af  GPIOADCTriggerDisable              
000034db  GPIOUnlockPin                      
00003521  xQueueGenericReset                 
000035e3  xQueueGenericCreate                
000036bd  xQueueCreateMutex                  
000036e9  xQueueGiveMutexRecursive           
00003725  xQueueTakeMutexRecursive           
00003769  xQueueCreateCountingSemaphore      
00003799  xQueueGenericSend                  
0000389f  xQueueGenericSendFromISR           
00003951  xQueueGiveFromISR                  
000039f5  xQueueReceive                      
00003b01  xQueueSemaphoreTake                
00003c49  xQueuePeek                         
00003d53  xQueueReceiveFromISR               
00003dfd  xQueuePeekFromISR                  
00003e4f  uxQueueMessagesWaiting             
00003e65  uxQueueSpacesAvailable             
00003e89  uxQueueMessagesWaitingFromISR      
00003e9f  vQueueDelete                       
00003eb5  uxQueueGetQueueNumber              
00003ec3  vQueueSetQueueNumber               
00003ed5  ucQueueGetQueueType                
000040cf  xQueueIsQueueEmptyFromISR          
00004115  xQueueIsQueueFullFromISR           
0000413b  vQueueAddToRegistry                
000041a9  pcQueueGetName                     
000041e9  vQueueUnregisterQueue              
0000422d  vQueueWaitForMessageRestricted     
00004383  TimerEnable                        
000043cd  TimerDisable                       
00004459  TimerConfigure                     
0000462d  TimerControlLevel                  
000046ad  TimerControlTrigger                
00004751  TimerControlEvent                  
000047af  TimerControlStall                  
00004819  TimerControlWaitOnTrigger          
000048a9  TimerRTCEnable                     
000048cd  TimerRTCDisable                    
000048f1  TimerClockSourceSet                
0000492d  TimerClockSourceGet                
00004959  TimerPrescaleSet                   
000049c3  TimerPrescaleGet                   
00004a0f  TimerPrescaleMatchSet              
00004a79  TimerPrescaleMatchGet              
00004ac5  TimerLoadSet                       
00004b1f  TimerLoadGet                       
00004b61  TimerLoadSet64                     
00004b8d  TimerLoadGet64                     
00004bd3  TimerValueGet                      
00004c15  TimerValueGet64                    
00004c5b  TimerMatchSet                      
00004cb5  TimerMatchGet                      
00004cf7  TimerMatchSet64                    
00004d1f  TimerMatchGet64                    
00004d65  TimerIntRegister                   
00004dcf  TimerIntUnregister                 
00004e25  TimerIntEnable                     
00004e4b  TimerIntDisable                    
00004e71  TimerIntStatus                     
00004e9d  TimerIntClear                      
00004ebd  TimerSynchronize                   
00004edd  TimerADCEventSet                   
00004efd  TimerADCEventGet                   
00004f19  TimerDMAEventSet                   
00004f39  TimerDMAEventGet                   
00004f55  TimerUpdateMode                    
00004fb1  fibonacci                          
00005009  Timer0Isr_Sequencer                
00005189  xTask1                             
000051ed  xTask2                             
0000525d  xTask3                             
000052c5  xTask4                             
0000536d  xTask5                             
000053d5  xTask6                             
00005697  xTask7                             
00005835  main                               
00005951  init_Timer                         
000059bb  init_Clock                         
000059e1  init_Uart                          
000059f9  __error__                          
00005b5d  xTimerCreateTimerTask              
00005b89  xTimerCreate                       
00005c0d  xTimerGenericCommand               
00005c79  xTimerGetTimerDaemonTaskHandle     
00005c7f  xTimerGetPeriod                    
00005c91  vTimerSetReloadMode                
00005cc7  xTimerGetReloadMode                
00005cef  uxTimerGetReloadMode               
00005cfb  xTimerGetExpiryTime                
00005d11  pcTimerGetName                     
000060f1  xTimerIsTimerActive                
00006119  pvTimerGetTimerID                  
00006139  vTimerSetTimerID                   
00006153  uxTimerGetTimerNumber              
00006161  vTimerSetTimerNumber               
00006191  UARTStdioConfig                    
0000620b  UARTwrite                          
00006285  UARTgets                           
00006377  UARTgetc                           
000063ad  UARTvprintf                        
000066cf  UARTprintf                         
00006707  IntMasterEnable                    
00006717  IntMasterDisable                   
00006727  IntRegister                        
0000679d  IntUnregister                      
000067bd  IntPriorityGroupingSet             
000067e3  IntPriorityGroupingGet             
0000681b  IntPrioritySet                     
0000687d  IntPriorityGet                     
000068b3  IntEnable                          
00006931  IntDisable                         
000069b9  IntIsEnabled                       
00006a6d  IntPendSet                         
00006add  IntPendClear                       
00006b37  IntPriorityMaskSet                 
00006b43  IntPriorityMaskGet                 
00006b4b  IntTrigger                         
00006b95  PinoutSet                          
00006d8d  LEDWrite                           
00006e4d  LEDRead                            
00006f35  pvPortMalloc                       
0000705b  vPortFree                          
000070d9  xPortGetFreeHeapSize               
000070df  vPortInitialiseBlocks              
000070e1  pvPortCalloc                       
00007181  pxPortInitialiseStack              
000071eb  xPortStartScheduler                
00007221  vPortEndScheduler                  
00007223  vPortEnterCritical                 
00007243  vPortExitCritical                  
00007259  xPortSysTickHandler                
0000727f  vPortSetupTimerInterrupt           
000072bd  vListInitialise                    
000072ed  vListInitialiseItem                
000072fd  vListInsertEnd                     
00007339  vListInsert                        
0000739f  uxListRemove                       
000073e7  __aeabi_idiv0                      
000073e7  __aeabi_ldiv0                      
000073f9  ulPortGetIPSR                      
00007411  xPortPendSVHandler                 
00007471  vPortSVCHandler                    
00007491  vPortStartFirstTask                
000074b5  vPortEnableVFP                     
000074c3  __aeabi_memcpy                     
000074c3  __aeabi_memcpy4                    
000074c3  __aeabi_memcpy8                    
000074c3  memcpy                             
0000755f  __aeabi_memclr                     
0000755f  __aeabi_memclr4                    
0000755f  __aeabi_memclr8                    
00007561  __aeabi_memset                     
00007561  __aeabi_memset4                    
00007561  __aeabi_memset8                    
00007567  memset                             
000075d9  __TI_decompress_lzss               
00007641  __TI_auto_init_nobinit_nopinit     
00007685  __aeabi_uidiv                      
00007685  __aeabi_uidivmod                   
000076c5  CPUcpsid                           
000076d1  CPUprimask                         
000076db  CPUcpsie                           
000076e7  CPUwfi                             
000076eb  CPUbasepriSet                      
000076f9  CPUbasepriGet                      
00007705  _c_int00_noargs                    
00007739  __TI_decompress_none               
00007747  __TI_zero_init                     
00007753  ResetISR                           
0000775f  _system_pre_init                   
00007763  C$$EXIT                            
00007763  abort                              
00007b68  ulMaxSyscallInterruptPriority      
00007b6c  uxTopUsedPriority                  
00007b88  __TI_Handler_Table_Base            
00007b94  __TI_Handler_Table_Limit           
00007ba8  __TI_CINIT_Base                    
00007bc0  __TI_CINIT_Limit                   
20000000  __start___llvm_prf_cnts            
20000000  __stop___llvm_prf_cnts             
20000000  g_pfnRAMVectors                    
2000c620  xQueueRegistry                     
2000c70c  Task1_handle                       
2000c710  Task2_handle                       
2000c714  Task3_handle                       
2000c718  Task4_handle                       
2000c71c  Task5_handle                       
2000c720  Task6_handle                       
2000c724  Task7_handle                       
2000c728  startTimeTick                      
2000c72c  task_1_SyncSemaphore               
2000c730  task_2_SyncSemaphore               
2000c734  task_3_SyncSemaphore               
2000c738  task_4_SyncSemaphore               
2000c73c  task_5_SyncSemaphore               
2000c740  task_6_SyncSemaphore               
2000c744  task_7_SyncSemaphore               
2000c748  ulPeriod                           
2000c750  __stack                            
2000c950  __STACK_END                        
2000c950  __STACK_TOP                        
2000c950  pxCurrentTCB                       
2000c998  counter_isr                        
2000c99c  abort_test                         
ffffffff  __TI_pprof_out_hndl                
ffffffff  __TI_prof_data_size                
ffffffff  __TI_prof_data_start               
ffffffff  __binit__                          
ffffffff  __c_args__                         
ffffffff  binit                              
UNDEFED   __mpu_init                         
UNDEFED   _system_post_cinit                 

[312 symbols]
