******************************************************************************
                  TI ARM Linker Unix v20.2.7                   
******************************************************************************
>> Linked Tue Apr  9 22:01:40 2024

OUTPUT FILE NAME:   <sequencer_1000.out>
ENTRY POINT SYMBOL: "_c_int00_noargs"  address: 00007549


MEMORY CONFIGURATION

         name            origin    length      used     unused   attr    fill
----------------------  --------  ---------  --------  --------  ----  --------
  FLASH                 00000000   00100000  000079fe  000f8602  R  X
  SRAM                  20000000   00040000  0000c9fc  00033604  RW X


SEGMENT ALLOCATION MAP

run origin  load origin   length   init length attrs members
----------  ----------- ---------- ----------- ----- -------
00000000    00000000    00007a00   00007a00    r-x
  00000000    00000000    00000208   00000208    r-- .intvecs
  00000208    00000208    000073a2   000073a2    r-x .text
  000075ac    000075ac    0000040c   0000040c    r-- .const
  000079b8    000079b8    00000048   00000048    r-- .cinit
20000000    20000000    0000c9fc   00000000    rw-
  20000000    20000000    0000026c   00000000    rw- .vtable
  2000026c    2000026c    0000c534   00000000    rw- .bss
  2000c7a0    2000c7a0    00000200   00000000    rw- .stack
  2000c9a0    2000c9a0    0000005c   00000000    rw- .data


SECTION ALLOCATION MAP

 output                                  attributes/
section   page    origin      length       input sections
--------  ----  ----------  ----------   ----------------
.intvecs   0    00000000    00000208     
                  00000000    00000208     tm4c1294ncpdt_startup_ccs.obj (.intvecs)

.text      0    00000208    000073a2     
                  00000208    00002090     tasks.obj (.text)
                  00002298    00001288     gpio.obj (.text)
                  00003520    00000d70     queue.obj (.text)
                  00004290    00000d20     timer.obj (.text)
                  00004fb0    000009f0     main.obj (.text)
                  000059a0    00000634     timers.obj (.text)
                  00005fd4    00000574     uartstdio.obj (.text)
                  00006548    00000490     interrupt.obj (.text)
                  000069d8    000003a0     pinout.obj (.text)
                  00006d78    0000024c     heap_2.obj (.text)
                  00006fc4    0000013c     port.obj (.text)
                  00007100    0000012a     list.obj (.text)
                  0000722a    00000002     rtsv7M4_T_le_v4SPD16_eabi.lib : div0.asm.obj (.text)
                  0000722c    000000da     portasm.obj (.text)
                  00007306    0000009c     rtsv7M4_T_le_v4SPD16_eabi.lib : memcpy_t2.asm.obj (.text)
                  000073a2    0000007a                                   : memset_t2.asm.obj (.text)
                  0000741c    00000068                                   : copy_decompress_lzss.c.obj (.text:decompress:lzss:__TI_decompress_lzss)
                  00007484    00000044                                   : autoinit.c.obj (.text:__TI_auto_init_nobinit_nopinit:__TI_auto_init_nobinit_nopinit)
                  000074c8    00000040                                   : u_divt2.asm.obj (.text)
                  00007508    0000003e     cpu.obj (.text)
                  00007546    00000002     --HOLE-- [fill = 0]
                  00007548    00000034     rtsv7M4_T_le_v4SPD16_eabi.lib : boot_cortex_m.c.obj (.text:_c_int00_noargs:_c_int00_noargs)
                  0000757c    0000000e                                   : copy_decompress_none.c.obj (.text:decompress:none:__TI_decompress_none)
                  0000758a    0000000c                                   : copy_zero_init.c.obj (.text:decompress:ZI:__TI_zero_init)
                  00007596    0000000c     tm4c1294ncpdt_startup_ccs.obj (.text)
                  000075a2    00000004     rtsv7M4_T_le_v4SPD16_eabi.lib : pre_init.c.obj (.text:_system_pre_init)
                  000075a6    00000004                                   : exit.c.obj (.text:abort:abort)

.const     0    000075ac    0000040c     
                  000075ac    000000d8     gpio.obj (.const:g_ppui32GPIOIntMapSnowflake)
                  00007684    000000c0     gpio.obj (.const:g_ppui32GPIOIntMapBlizzard)
                  00007744    0000009c     interrupt.obj (.const:g_pui32Regs)
                  000077e0    00000090     gpio.obj (.const:g_pui32GPIOBaseAddrs)
                  00007870    00000060     timer.obj (.const:g_ppui32TimerIntMap)
                  000078d0    00000040     timer.obj (.const:g_ppui32TimerIntMapSnowflake)
                  00007910    00000020     interrupt.obj (.const:g_pui32Priority)
                  00007930    00000014     interrupt.obj (.const:g_pui32Dii16Regs)
                  00007944    00000014     interrupt.obj (.const:g_pui32EnRegs)
                  00007958    00000014     interrupt.obj (.const:g_pui32PendRegs)
                  0000796c    00000014     interrupt.obj (.const:g_pui32UnpendRegs)
                  00007980    00000012     uartstdio.obj (.const:.string)
                  00007992    00000002     --HOLE-- [fill = 0]
                  00007994    0000000c     uartstdio.obj (.const:g_ui32UARTBase)
                  000079a0    0000000c     uartstdio.obj (.const:g_ui32UARTPeriph)
                  000079ac    00000004     port.obj (.const)
                  000079b0    00000004     tasks.obj (.const)
                  000079b4    00000004     uartstdio.obj (.const)

.cinit     0    000079b8    00000048     
                  000079b8    00000010     (.cinit..data.load) [load image, compression = lzss]
                  000079c8    0000000c     (__TI_handler_table)
                  000079d4    00000004     --HOLE-- [fill = 0]
                  000079d8    00000008     (.cinit..bss.load) [load image, compression = zero_init]
                  000079e0    00000008     (.cinit..vtable.load) [load image, compression = zero_init]
                  000079e8    00000018     (__TI_cinit_table)

.init_array 
*          0    00000000    00000000     UNINITIALIZED

.vtable    0    20000000    0000026c     UNINITIALIZED
                  20000000    0000026c     interrupt.obj (.vtable)

.bss       0    2000026c    0000c534     UNINITIALIZED
                  2000026c    0000c350     heap_2.obj (.bss:ucHeap)
                  2000c5bc    00000064     tasks.obj (.bss:pxReadyTasksLists)
                  2000c620    00000040     (.common:xQueueRegistry)
                  2000c660    0000001c     (.common:execution_cycle)
                  2000c67c    0000001c     (.common:execution_time)
                  2000c698    0000001c     (.common:wcet)
                  2000c6b4    00000014     timers.obj (.bss:xActiveTimerList1)
                  2000c6c8    00000014     timers.obj (.bss:xActiveTimerList2)
                  2000c6dc    00000014     tasks.obj (.bss:xDelayedTaskList1)
                  2000c6f0    00000014     tasks.obj (.bss:xDelayedTaskList2)
                  2000c704    00000014     tasks.obj (.bss:xPendingReadyList)
                  2000c718    00000014     tasks.obj (.bss:xSuspendedTaskList)
                  2000c72c    00000014     tasks.obj (.bss:xTasksWaitingTermination)
                  2000c740    00000008     tasks.obj (.bss)
                  2000c748    00000008     timers.obj (.bss)
                  2000c750    00000008     heap_2.obj (.bss:xEnd)
                  2000c758    00000008     heap_2.obj (.bss:xStart)
                  2000c760    00000004     (.common:Task1_handle)
                  2000c764    00000004     (.common:Task2_handle)
                  2000c768    00000004     (.common:Task3_handle)
                  2000c76c    00000004     (.common:Task4_handle)
                  2000c770    00000004     (.common:Task5_handle)
                  2000c774    00000004     (.common:Task6_handle)
                  2000c778    00000004     (.common:Task7_handle)
                  2000c77c    00000004     (.common:startTimeTick)
                  2000c780    00000004     (.common:task_1_SyncSemaphore)
                  2000c784    00000004     (.common:task_2_SyncSemaphore)
                  2000c788    00000004     (.common:task_3_SyncSemaphore)
                  2000c78c    00000004     (.common:task_4_SyncSemaphore)
                  2000c790    00000004     (.common:task_5_SyncSemaphore)
                  2000c794    00000004     (.common:task_6_SyncSemaphore)
                  2000c798    00000004     (.common:task_7_SyncSemaphore)
                  2000c79c    00000004     (.common:ulPeriod)

.data      0    2000c9a0    0000005c     UNINITIALIZED
                  2000c9a0    00000034     tasks.obj (.data)
                  2000c9d4    0000000c     timers.obj (.data)
                  2000c9e0    00000008     heap_2.obj (.data)
                  2000c9e8    00000005     main.obj (.data)
                  2000c9ed    00000003     --HOLE--
                  2000c9f0    00000005     uartstdio.obj (.data)
                  2000c9f5    00000003     --HOLE--
                  2000c9f8    00000004     port.obj (.data)

.stack     0    2000c7a0    00000200     UNINITIALIZED
                  2000c7a0    00000004     rtsv7M4_T_le_v4SPD16_eabi.lib : boot_cortex_m.c.obj (.stack)
                  2000c7a4    000001fc     --HOLE--

__llvm_prf_cnts 
*          0    20000000    00000000     UNINITIALIZED

MODULE SUMMARY

       Module                          code    ro data   rw data
       ------                          ----    -------   -------
    ./
       main.obj                        2544    0         153    
       tm4c1294ncpdt_startup_ccs.obj   12      520       0      
    +--+-------------------------------+-------+---------+---------+
       Total:                          2556    520       153    
                                                                
    ./FreeRTOS/
       tasks.obj                       8336    4         260    
       queue.obj                       3440    0         64     
       timers.obj                      1588    0         60     
       list.obj                        298     0         0      
    +--+-------------------------------+-------+---------+---------+
       Total:                          13662   4         384    
                                                                
    ./FreeRTOS/portable/GCC/ARM_CM4F/
       port.obj                        316     4         4      
       portasm.obj                     218     0         0      
    +--+-------------------------------+-------+---------+---------+
       Total:                          534     4         4      
                                                                
    ./FreeRTOS/portable/MemMang/
       heap_2.obj                      588     0         50024  
    +--+-------------------------------+-------+---------+---------+
       Total:                          588     0         50024  
                                                                
    ./driverlib/
       gpio.obj                        4744    552       0      
       timer.obj                       3360    160       0      
       interrupt.obj                   1168    268       620    
       cpu.obj                         62      0         0      
    +--+-------------------------------+-------+---------+---------+
       Total:                          9334    980       620    
                                                                
    ./drivers/
       pinout.obj                      928     0         0      
    +--+-------------------------------+-------+---------+---------+
       Total:                          928     0         0      
                                                                
    ./utils/
       uartstdio.obj                   1396    46        5      
    +--+-------------------------------+-------+---------+---------+
       Total:                          1396    46        5      
                                                                
    /home/parth/ti/ccs1260/ccs/tools/compiler/ti-cgt-arm_20.2.7.LTS/lib/rtsv7M4_T_le_v4SPD16_eabi.lib
       memcpy_t2.asm.obj               156     0         0      
       memset_t2.asm.obj               122     0         0      
       copy_decompress_lzss.c.obj      104     0         0      
       autoinit.c.obj                  68      0         0      
       u_divt2.asm.obj                 64      0         0      
       boot_cortex_m.c.obj             52      0         0      
       copy_decompress_none.c.obj      14      0         0      
       copy_zero_init.c.obj            12      0         0      
       exit.c.obj                      4       0         0      
       pre_init.c.obj                  4       0         0      
       div0.asm.obj                    2       0         0      
    +--+-------------------------------+-------+---------+---------+
       Total:                          602     0         0      
                                                                
       Stack:                          0       0         512    
       Linker Generated:               0       68        0      
    +--+-------------------------------+-------+---------+---------+
       Grand Total:                    29600   1622      51702  


LINKER GENERATED COPY TABLES

__TI_cinit_table @ 000079e8 records: 3, size/record: 8, table size: 24
	.data: load addr=000079b8, load size=00000010 bytes, run addr=2000c9a0, run size=0000005c bytes, compression=lzss
	.bss: load addr=000079d8, load size=00000008 bytes, run addr=2000026c, run size=0000c534 bytes, compression=zero_init
	.vtable: load addr=000079e0, load size=00000008 bytes, run addr=20000000, run size=0000026c bytes, compression=zero_init


LINKER GENERATED HANDLER TABLE

__TI_handler_table @ 000079c8 records: 3, size/record: 4, table size: 12
	index: 0, handler: __TI_zero_init
	index: 1, handler: __TI_decompress_lzss
	index: 2, handler: __TI_decompress_none


GLOBAL SYMBOLS: SORTED ALPHABETICALLY BY Name 

address   name                               
-------   ----                               
000075a7  C$$EXIT                            
0000753d  CPUbasepriGet                      
0000752f  CPUbasepriSet                      
00007509  CPUcpsid                           
0000751f  CPUcpsie                           
00007515  CPUprimask                         
0000752b  CPUwfi                             
000034af  GPIOADCTriggerDisable              
00003483  GPIOADCTriggerEnable               
00003457  GPIODMATriggerDisable              
0000342b  GPIODMATriggerEnable               
00002475  GPIODirModeGet                     
000023f1  GPIODirModeSet                     
00002c45  GPIOIntClear                       
00002bed  GPIOIntDisable                     
00002bc5  GPIOIntEnable                      
00002c67  GPIOIntRegister                    
00002ce5  GPIOIntRegisterPin                 
00002c15  GPIOIntStatus                      
00002699  GPIOIntTypeGet                     
00002549  GPIOIntTypeSet                     
00002ca5  GPIOIntUnregister                  
00002d5d  GPIOIntUnregisterPin               
00002a31  GPIOPadConfigGet                   
0000273d  GPIOPadConfigSet                   
000033a5  GPIOPinConfigure                   
00002daf  GPIOPinRead                        
00002e03  GPIOPinTypeADC                     
00002e39  GPIOPinTypeCAN                     
00002e6f  GPIOPinTypeComparator              
00002ea5  GPIOPinTypeComparatorOutput        
00002edb  GPIOPinTypeDIVSCLK                 
00002f11  GPIOPinTypeEPI                     
00002f47  GPIOPinTypeEthernetLED             
00002f7d  GPIOPinTypeEthernetMII             
00002fc1  GPIOPinTypeGPIOInput               
00002ff7  GPIOPinTypeGPIOOutput              
0000302d  GPIOPinTypeGPIOOutputOD            
00003063  GPIOPinTypeHibernateRTCCLK         
00003099  GPIOPinTypeI2C                     
000030cf  GPIOPinTypeI2CSCL                  
00003105  GPIOPinTypeLCD                     
0000313b  GPIOPinTypeOneWire                 
00003171  GPIOPinTypePWM                     
000031a7  GPIOPinTypeQEI                     
000031dd  GPIOPinTypeSSI                     
00003213  GPIOPinTypeTimer                   
00003249  GPIOPinTypeTrace                   
0000327f  GPIOPinTypeUART                    
000032b9  GPIOPinTypeUSBAnalog               
000032ef  GPIOPinTypeUSBDigital              
00003325  GPIOPinTypeWakeHigh                
0000335d  GPIOPinTypeWakeLow                 
00003395  GPIOPinWakeStatus                  
00002dd5  GPIOPinWrite                       
000034db  GPIOUnlockPin                      
00006775  IntDisable                         
000066f7  IntEnable                          
000067fd  IntIsEnabled                       
0000655b  IntMasterDisable                   
0000654b  IntMasterEnable                    
00006921  IntPendClear                       
000068b1  IntPendSet                         
000066c1  IntPriorityGet                     
00006627  IntPriorityGroupingGet             
00006601  IntPriorityGroupingSet             
00006987  IntPriorityMaskGet                 
0000697b  IntPriorityMaskSet                 
0000665f  IntPrioritySet                     
0000656b  IntRegister                        
0000698f  IntTrigger                         
000065e1  IntUnregister                      
00006c91  LEDRead                            
00006bd1  LEDWrite                           
000069d9  PinoutSet                          
00007597  ResetISR                           
2000c760  Task1_handle                       
2000c764  Task2_handle                       
2000c768  Task3_handle                       
2000c76c  Task4_handle                       
2000c770  Task5_handle                       
2000c774  Task6_handle                       
2000c778  Task7_handle                       
00005043  Timer0Isr_Sequencer                
00004efd  TimerADCEventGet                   
00004edd  TimerADCEventSet                   
0000492d  TimerClockSourceGet                
000048f1  TimerClockSourceSet                
00004459  TimerConfigure                     
00004751  TimerControlEvent                  
0000462d  TimerControlLevel                  
000047af  TimerControlStall                  
000046ad  TimerControlTrigger                
00004819  TimerControlWaitOnTrigger          
00004f39  TimerDMAEventGet                   
00004f19  TimerDMAEventSet                   
000043cd  TimerDisable                       
00004383  TimerEnable                        
00004e9d  TimerIntClear                      
00004e4b  TimerIntDisable                    
00004e25  TimerIntEnable                     
00004d65  TimerIntRegister                   
00004e71  TimerIntStatus                     
00004dcf  TimerIntUnregister                 
00004b1f  TimerLoadGet                       
00004b8d  TimerLoadGet64                     
00004ac5  TimerLoadSet                       
00004b61  TimerLoadSet64                     
00004cb5  TimerMatchGet                      
00004d1f  TimerMatchGet64                    
00004c5b  TimerMatchSet                      
00004cf7  TimerMatchSet64                    
000049c3  TimerPrescaleGet                   
00004a79  TimerPrescaleMatchGet              
00004a0f  TimerPrescaleMatchSet              
00004959  TimerPrescaleSet                   
000048cd  TimerRTCDisable                    
000048a9  TimerRTCEnable                     
00004ebd  TimerSynchronize                   
00004f55  TimerUpdateMode                    
00004bd3  TimerValueGet                      
00004c15  TimerValueGet64                    
00005fd5  UARTStdioConfig                    
000061bb  UARTgetc                           
000060c9  UARTgets                           
00006513  UARTprintf                         
000061f1  UARTvprintf                        
0000604f  UARTwrite                          
2000c9a0  __STACK_END                        
00000200  __STACK_SIZE                       
2000c9a0  __STACK_TOP                        
000079e8  __TI_CINIT_Base                    
00007a00  __TI_CINIT_Limit                   
000079c8  __TI_Handler_Table_Base            
000079d4  __TI_Handler_Table_Limit           
00007485  __TI_auto_init_nobinit_nopinit     
0000741d  __TI_decompress_lzss               
0000757d  __TI_decompress_none               
ffffffff  __TI_pprof_out_hndl                
ffffffff  __TI_prof_data_size                
ffffffff  __TI_prof_data_start               
00000000  __TI_static_base__                 
0000758b  __TI_zero_init                     
0000722b  __aeabi_idiv0                      
0000722b  __aeabi_ldiv0                      
000073a3  __aeabi_memclr                     
000073a3  __aeabi_memclr4                    
000073a3  __aeabi_memclr8                    
00007307  __aeabi_memcpy                     
00007307  __aeabi_memcpy4                    
00007307  __aeabi_memcpy8                    
000073a5  __aeabi_memset                     
000073a5  __aeabi_memset4                    
000073a5  __aeabi_memset8                    
000074c9  __aeabi_uidiv                      
000074c9  __aeabi_uidivmod                   
ffffffff  __binit__                          
ffffffff  __c_args__                         
00005889  __error__                          
UNDEFED   __mpu_init                         
2000c7a0  __stack                            
20000000  __start___llvm_prf_cnts            
20000000  __stop___llvm_prf_cnts             
00007549  _c_int00_noargs                    
UNDEFED   _system_post_cinit                 
000075a3  _system_pre_init                   
000075a7  abort                              
2000c9ec  abort_test                         
ffffffff  binit                              
2000c9e8  counter_isr                        
000005bd  eTaskGetState                      
2000c660  execution_cycle                    
2000c67c  execution_time                     
00004fb1  fibonacci                          
20000000  g_pfnRAMVectors                    
00000000  g_pfnVectors                       
00005835  init_Clock                         
000057b5  init_Timer                         
00005861  init_Uart                          
00005679  main                               
00007307  memcpy                             
000073ab  memset                             
000041a9  pcQueueGetName                     
00000d31  pcTaskGetName                      
00005b55  pcTimerGetName                     
00005001  print_data                         
00006f25  pvPortCalloc                       
00006d79  pvPortMalloc                       
00001adf  pvTaskIncrementMutexHeldCount      
00005f5d  pvTimerGetTimerID                  
2000c9a0  pxCurrentTCB                       
00006fc5  pxPortInitialiseStack              
2000c77c  startTimeTick                      
2000c780  task_1_SyncSemaphore               
2000c784  task_2_SyncSemaphore               
2000c788  task_3_SyncSemaphore               
2000c78c  task_4_SyncSemaphore               
2000c790  task_5_SyncSemaphore               
2000c794  task_6_SyncSemaphore               
2000c798  task_7_SyncSemaphore               
00003ed5  ucQueueGetQueueType                
000079ac  ulMaxSyscallInterruptPriority      
2000c79c  ulPeriod                           
0000723d  ulPortGetIPSR                      
00001b01  ulTaskGenericNotifyTake            
00002159  ulTaskGenericNotifyValueClear      
000071e3  uxListRemove                       
00003eb5  uxQueueGetQueueNumber              
00003e4f  uxQueueMessagesWaiting             
00003e89  uxQueueMessagesWaitingFromISR      
00003e65  uxQueueSpacesAvailable             
00000d1d  uxTaskGetNumberOfTasks             
00000d6d  uxTaskGetSystemState               
00001491  uxTaskGetTaskNumber                
0000067f  uxTaskPriorityGet                  
000006a3  uxTaskPriorityGetFromISR           
00001abd  uxTaskResetEventItemValue          
00005b33  uxTimerGetReloadMode               
00005f97  uxTimerGetTimerNumber              
000079b0  uxTopUsedPriority                  
00007101  vListInitialise                    
00007131  vListInitialiseItem                
0000717d  vListInsert                        
00007141  vListInsertEnd                     
000072f9  vPortEnableVFP                     
00007065  vPortEndScheduler                  
00007067  vPortEnterCritical                 
00007087  vPortExitCritical                  
00006e9f  vPortFree                          
00006f23  vPortInitialiseBlocks              
000072b5  vPortSVCHandler                    
000070c3  vPortSetupTimerInterrupt           
000072d5  vPortStartFirstTask                
0000413b  vQueueAddToRegistry                
00003e9f  vQueueDelete                       
00003ec3  vQueueSetQueueNumber               
000041e9  vQueueUnregisterQueue              
0000422d  vQueueWaitForMessageRestricted     
0000056d  vTaskDelay                         
00000425  vTaskDelete                        
00000b41  vTaskEndScheduler                  
00001fb1  vTaskGenericNotifyGiveFromISR      
00001591  vTaskGetInfo                       
000013e5  vTaskInternalSetTimeOutState       
00001489  vTaskMissedYield                   
0000105d  vTaskPlaceOnEventList              
000010f5  vTaskPlaceOnEventListRestricted    
00001089  vTaskPlaceOnUnorderedEventList     
000019b9  vTaskPriorityDisinheritAfterTimeout
000006ed  vTaskPrioritySet                   
000012bd  vTaskRemoveFromUnorderedEventList  
00000963  vTaskResume                        
000014b1  vTaskSetTaskNumber                 
000013c7  vTaskSetTimeOutState               
00000aeb  vTaskStartScheduler                
00000831  vTaskSuspend                       
00000b5d  vTaskSuspendAll                    
00000ff7  vTaskSwitchContext                 
00005ad5  vTimerSetReloadMode                
00005f7d  vTimerSetTimerID                   
00005fa5  vTimerSetTimerNumber               
2000c698  wcet                               
00006f1d  xPortGetFreeHeapSize               
00007255  xPortPendSVHandler                 
0000702f  xPortStartScheduler                
0000709d  xPortSysTickHandler                
00003769  xQueueCreateCountingSemaphore      
000036bd  xQueueCreateMutex                  
000035e3  xQueueGenericCreate                
00003521  xQueueGenericReset                 
00003799  xQueueGenericSend                  
0000389f  xQueueGenericSendFromISR           
00003951  xQueueGiveFromISR                  
000036e9  xQueueGiveMutexRecursive           
000040cf  xQueueIsQueueEmptyFromISR          
00004115  xQueueIsQueueFullFromISR           
00003c49  xQueuePeek                         
00003dfd  xQueuePeekFromISR                  
000039f5  xQueueReceive                      
00003d53  xQueueReceiveFromISR               
2000c620  xQueueRegistry                     
00003b01  xQueueSemaphoreTake                
00003725  xQueueTakeMutexRecursive           
0000518b  xTask1                             
0000520b  xTask2                             
00005305  xTask3                             
0000539d  xTask4                             
00005439  xTask5                             
000054e1  xTask6                             
00005591  xTask7                             
00000e3f  xTaskCatchUpTicks                  
00001405  xTaskCheckForTimeOut               
00000209  xTaskCreate                        
000004dd  xTaskDelayUntil                    
00001c65  xTaskGenericNotify                 
00001dd5  xTaskGenericNotifyFromISR          
00002109  xTaskGenericNotifyStateClear       
00001b9f  xTaskGenericNotifyWait             
00001761  xTaskGetCurrentTaskHandle          
00001775  xTaskGetSchedulerState             
00000cf3  xTaskGetTickCount                  
00000d09  xTaskGetTickCountFromISR           
00000e79  xTaskIncrementTick                 
000018d7  xTaskPriorityDisinherit            
000017c9  xTaskPriorityInherit               
0000115d  xTaskRemoveFromEventList           
00000b7d  xTaskResumeAll                     
00000a19  xTaskResumeFromISR                 
000059cd  xTimerCreate                       
000059a1  xTimerCreateTimerTask              
00005a51  xTimerGenericCommand               
00005b3f  xTimerGetExpiryTime                
00005ac3  xTimerGetPeriod                    
00005b0b  xTimerGetReloadMode                
00005abd  xTimerGetTimerDaemonTaskHandle     
00005f35  xTimerIsTimerActive                


GLOBAL SYMBOLS: SORTED BY Symbol Address 

address   name                               
-------   ----                               
00000000  __TI_static_base__                 
00000000  g_pfnVectors                       
00000200  __STACK_SIZE                       
00000209  xTaskCreate                        
00000425  vTaskDelete                        
000004dd  xTaskDelayUntil                    
0000056d  vTaskDelay                         
000005bd  eTaskGetState                      
0000067f  uxTaskPriorityGet                  
000006a3  uxTaskPriorityGetFromISR           
000006ed  vTaskPrioritySet                   
00000831  vTaskSuspend                       
00000963  vTaskResume                        
00000a19  xTaskResumeFromISR                 
00000aeb  vTaskStartScheduler                
00000b41  vTaskEndScheduler                  
00000b5d  vTaskSuspendAll                    
00000b7d  xTaskResumeAll                     
00000cf3  xTaskGetTickCount                  
00000d09  xTaskGetTickCountFromISR           
00000d1d  uxTaskGetNumberOfTasks             
00000d31  pcTaskGetName                      
00000d6d  uxTaskGetSystemState               
00000e3f  xTaskCatchUpTicks                  
00000e79  xTaskIncrementTick                 
00000ff7  vTaskSwitchContext                 
0000105d  vTaskPlaceOnEventList              
00001089  vTaskPlaceOnUnorderedEventList     
000010f5  vTaskPlaceOnEventListRestricted    
0000115d  xTaskRemoveFromEventList           
000012bd  vTaskRemoveFromUnorderedEventList  
000013c7  vTaskSetTimeOutState               
000013e5  vTaskInternalSetTimeOutState       
00001405  xTaskCheckForTimeOut               
00001489  vTaskMissedYield                   
00001491  uxTaskGetTaskNumber                
000014b1  vTaskSetTaskNumber                 
00001591  vTaskGetInfo                       
00001761  xTaskGetCurrentTaskHandle          
00001775  xTaskGetSchedulerState             
000017c9  xTaskPriorityInherit               
000018d7  xTaskPriorityDisinherit            
000019b9  vTaskPriorityDisinheritAfterTimeout
00001abd  uxTaskResetEventItemValue          
00001adf  pvTaskIncrementMutexHeldCount      
00001b01  ulTaskGenericNotifyTake            
00001b9f  xTaskGenericNotifyWait             
00001c65  xTaskGenericNotify                 
00001dd5  xTaskGenericNotifyFromISR          
00001fb1  vTaskGenericNotifyGiveFromISR      
00002109  xTaskGenericNotifyStateClear       
00002159  ulTaskGenericNotifyValueClear      
000023f1  GPIODirModeSet                     
00002475  GPIODirModeGet                     
00002549  GPIOIntTypeSet                     
00002699  GPIOIntTypeGet                     
0000273d  GPIOPadConfigSet                   
00002a31  GPIOPadConfigGet                   
00002bc5  GPIOIntEnable                      
00002bed  GPIOIntDisable                     
00002c15  GPIOIntStatus                      
00002c45  GPIOIntClear                       
00002c67  GPIOIntRegister                    
00002ca5  GPIOIntUnregister                  
00002ce5  GPIOIntRegisterPin                 
00002d5d  GPIOIntUnregisterPin               
00002daf  GPIOPinRead                        
00002dd5  GPIOPinWrite                       
00002e03  GPIOPinTypeADC                     
00002e39  GPIOPinTypeCAN                     
00002e6f  GPIOPinTypeComparator              
00002ea5  GPIOPinTypeComparatorOutput        
00002edb  GPIOPinTypeDIVSCLK                 
00002f11  GPIOPinTypeEPI                     
00002f47  GPIOPinTypeEthernetLED             
00002f7d  GPIOPinTypeEthernetMII             
00002fc1  GPIOPinTypeGPIOInput               
00002ff7  GPIOPinTypeGPIOOutput              
0000302d  GPIOPinTypeGPIOOutputOD            
00003063  GPIOPinTypeHibernateRTCCLK         
00003099  GPIOPinTypeI2C                     
000030cf  GPIOPinTypeI2CSCL                  
00003105  GPIOPinTypeLCD                     
0000313b  GPIOPinTypeOneWire                 
00003171  GPIOPinTypePWM                     
000031a7  GPIOPinTypeQEI                     
000031dd  GPIOPinTypeSSI                     
00003213  GPIOPinTypeTimer                   
00003249  GPIOPinTypeTrace                   
0000327f  GPIOPinTypeUART                    
000032b9  GPIOPinTypeUSBAnalog               
000032ef  GPIOPinTypeUSBDigital              
00003325  GPIOPinTypeWakeHigh                
0000335d  GPIOPinTypeWakeLow                 
00003395  GPIOPinWakeStatus                  
000033a5  GPIOPinConfigure                   
0000342b  GPIODMATriggerEnable               
00003457  GPIODMATriggerDisable              
00003483  GPIOADCTriggerEnable               
000034af  GPIOADCTriggerDisable              
000034db  GPIOUnlockPin                      
00003521  xQueueGenericReset                 
000035e3  xQueueGenericCreate                
000036bd  xQueueCreateMutex                  
000036e9  xQueueGiveMutexRecursive           
00003725  xQueueTakeMutexRecursive           
00003769  xQueueCreateCountingSemaphore      
00003799  xQueueGenericSend                  
0000389f  xQueueGenericSendFromISR           
00003951  xQueueGiveFromISR                  
000039f5  xQueueReceive                      
00003b01  xQueueSemaphoreTake                
00003c49  xQueuePeek                         
00003d53  xQueueReceiveFromISR               
00003dfd  xQueuePeekFromISR                  
00003e4f  uxQueueMessagesWaiting             
00003e65  uxQueueSpacesAvailable             
00003e89  uxQueueMessagesWaitingFromISR      
00003e9f  vQueueDelete                       
00003eb5  uxQueueGetQueueNumber              
00003ec3  vQueueSetQueueNumber               
00003ed5  ucQueueGetQueueType                
000040cf  xQueueIsQueueEmptyFromISR          
00004115  xQueueIsQueueFullFromISR           
0000413b  vQueueAddToRegistry                
000041a9  pcQueueGetName                     
000041e9  vQueueUnregisterQueue              
0000422d  vQueueWaitForMessageRestricted     
00004383  TimerEnable                        
000043cd  TimerDisable                       
00004459  TimerConfigure                     
0000462d  TimerControlLevel                  
000046ad  TimerControlTrigger                
00004751  TimerControlEvent                  
000047af  TimerControlStall                  
00004819  TimerControlWaitOnTrigger          
000048a9  TimerRTCEnable                     
000048cd  TimerRTCDisable                    
000048f1  TimerClockSourceSet                
0000492d  TimerClockSourceGet                
00004959  TimerPrescaleSet                   
000049c3  TimerPrescaleGet                   
00004a0f  TimerPrescaleMatchSet              
00004a79  TimerPrescaleMatchGet              
00004ac5  TimerLoadSet                       
00004b1f  TimerLoadGet                       
00004b61  TimerLoadSet64                     
00004b8d  TimerLoadGet64                     
00004bd3  TimerValueGet                      
00004c15  TimerValueGet64                    
00004c5b  TimerMatchSet                      
00004cb5  TimerMatchGet                      
00004cf7  TimerMatchSet64                    
00004d1f  TimerMatchGet64                    
00004d65  TimerIntRegister                   
00004dcf  TimerIntUnregister                 
00004e25  TimerIntEnable                     
00004e4b  TimerIntDisable                    
00004e71  TimerIntStatus                     
00004e9d  TimerIntClear                      
00004ebd  TimerSynchronize                   
00004edd  TimerADCEventSet                   
00004efd  TimerADCEventGet                   
00004f19  TimerDMAEventSet                   
00004f39  TimerDMAEventGet                   
00004f55  TimerUpdateMode                    
00004fb1  fibonacci                          
00005001  print_data                         
00005043  Timer0Isr_Sequencer                
0000518b  xTask1                             
0000520b  xTask2                             
00005305  xTask3                             
0000539d  xTask4                             
00005439  xTask5                             
000054e1  xTask6                             
00005591  xTask7                             
00005679  main                               
000057b5  init_Timer                         
00005835  init_Clock                         
00005861  init_Uart                          
00005889  __error__                          
000059a1  xTimerCreateTimerTask              
000059cd  xTimerCreate                       
00005a51  xTimerGenericCommand               
00005abd  xTimerGetTimerDaemonTaskHandle     
00005ac3  xTimerGetPeriod                    
00005ad5  vTimerSetReloadMode                
00005b0b  xTimerGetReloadMode                
00005b33  uxTimerGetReloadMode               
00005b3f  xTimerGetExpiryTime                
00005b55  pcTimerGetName                     
00005f35  xTimerIsTimerActive                
00005f5d  pvTimerGetTimerID                  
00005f7d  vTimerSetTimerID                   
00005f97  uxTimerGetTimerNumber              
00005fa5  vTimerSetTimerNumber               
00005fd5  UARTStdioConfig                    
0000604f  UARTwrite                          
000060c9  UARTgets                           
000061bb  UARTgetc                           
000061f1  UARTvprintf                        
00006513  UARTprintf                         
0000654b  IntMasterEnable                    
0000655b  IntMasterDisable                   
0000656b  IntRegister                        
000065e1  IntUnregister                      
00006601  IntPriorityGroupingSet             
00006627  IntPriorityGroupingGet             
0000665f  IntPrioritySet                     
000066c1  IntPriorityGet                     
000066f7  IntEnable                          
00006775  IntDisable                         
000067fd  IntIsEnabled                       
000068b1  IntPendSet                         
00006921  IntPendClear                       
0000697b  IntPriorityMaskSet                 
00006987  IntPriorityMaskGet                 
0000698f  IntTrigger                         
000069d9  PinoutSet                          
00006bd1  LEDWrite                           
00006c91  LEDRead                            
00006d79  pvPortMalloc                       
00006e9f  vPortFree                          
00006f1d  xPortGetFreeHeapSize               
00006f23  vPortInitialiseBlocks              
00006f25  pvPortCalloc                       
00006fc5  pxPortInitialiseStack              
0000702f  xPortStartScheduler                
00007065  vPortEndScheduler                  
00007067  vPortEnterCritical                 
00007087  vPortExitCritical                  
0000709d  xPortSysTickHandler                
000070c3  vPortSetupTimerInterrupt           
00007101  vListInitialise                    
00007131  vListInitialiseItem                
00007141  vListInsertEnd                     
0000717d  vListInsert                        
000071e3  uxListRemove                       
0000722b  __aeabi_idiv0                      
0000722b  __aeabi_ldiv0                      
0000723d  ulPortGetIPSR                      
00007255  xPortPendSVHandler                 
000072b5  vPortSVCHandler                    
000072d5  vPortStartFirstTask                
000072f9  vPortEnableVFP                     
00007307  __aeabi_memcpy                     
00007307  __aeabi_memcpy4                    
00007307  __aeabi_memcpy8                    
00007307  memcpy                             
000073a3  __aeabi_memclr                     
000073a3  __aeabi_memclr4                    
000073a3  __aeabi_memclr8                    
000073a5  __aeabi_memset                     
000073a5  __aeabi_memset4                    
000073a5  __aeabi_memset8                    
000073ab  memset                             
0000741d  __TI_decompress_lzss               
00007485  __TI_auto_init_nobinit_nopinit     
000074c9  __aeabi_uidiv                      
000074c9  __aeabi_uidivmod                   
00007509  CPUcpsid                           
00007515  CPUprimask                         
0000751f  CPUcpsie                           
0000752b  CPUwfi                             
0000752f  CPUbasepriSet                      
0000753d  CPUbasepriGet                      
00007549  _c_int00_noargs                    
0000757d  __TI_decompress_none               
0000758b  __TI_zero_init                     
00007597  ResetISR                           
000075a3  _system_pre_init                   
000075a7  C$$EXIT                            
000075a7  abort                              
000079ac  ulMaxSyscallInterruptPriority      
000079b0  uxTopUsedPriority                  
000079c8  __TI_Handler_Table_Base            
000079d4  __TI_Handler_Table_Limit           
000079e8  __TI_CINIT_Base                    
00007a00  __TI_CINIT_Limit                   
20000000  __start___llvm_prf_cnts            
20000000  __stop___llvm_prf_cnts             
20000000  g_pfnRAMVectors                    
2000c620  xQueueRegistry                     
2000c660  execution_cycle                    
2000c67c  execution_time                     
2000c698  wcet                               
2000c760  Task1_handle                       
2000c764  Task2_handle                       
2000c768  Task3_handle                       
2000c76c  Task4_handle                       
2000c770  Task5_handle                       
2000c774  Task6_handle                       
2000c778  Task7_handle                       
2000c77c  startTimeTick                      
2000c780  task_1_SyncSemaphore               
2000c784  task_2_SyncSemaphore               
2000c788  task_3_SyncSemaphore               
2000c78c  task_4_SyncSemaphore               
2000c790  task_5_SyncSemaphore               
2000c794  task_6_SyncSemaphore               
2000c798  task_7_SyncSemaphore               
2000c79c  ulPeriod                           
2000c7a0  __stack                            
2000c9a0  __STACK_END                        
2000c9a0  __STACK_TOP                        
2000c9a0  pxCurrentTCB                       
2000c9e8  counter_isr                        
2000c9ec  abort_test                         
ffffffff  __TI_pprof_out_hndl                
ffffffff  __TI_prof_data_size                
ffffffff  __TI_prof_data_start               
ffffffff  __binit__                          
ffffffff  __c_args__                         
ffffffff  binit                              
UNDEFED   __mpu_init                         
UNDEFED   _system_post_cinit                 

[316 symbols]
